Component: ARM Compiler 5.06 update 5 (build 528) Tool: armlink [4d35e2]

==============================================================================

Section Cross References

    startup_stm32f10x_md.o(STACK) refers (Special) to heapauxi.o(.text) for __use_two_region_memory
    startup_stm32f10x_md.o(HEAP) refers (Special) to heapauxi.o(.text) for __use_two_region_memory
    startup_stm32f10x_md.o(RESET) refers (Special) to heapauxi.o(.text) for __use_two_region_memory
    startup_stm32f10x_md.o(RESET) refers to startup_stm32f10x_md.o(STACK) for __initial_sp
    startup_stm32f10x_md.o(RESET) refers to startup_stm32f10x_md.o(.text) for Reset_Handler
    startup_stm32f10x_md.o(RESET) refers to stm32f10x_it.o(i.NMI_Handler) for NMI_Handler
    startup_stm32f10x_md.o(RESET) refers to stm32f10x_it.o(i.HardFault_Handler) for HardFault_Handler
    startup_stm32f10x_md.o(RESET) refers to stm32f10x_it.o(i.MemManage_Handler) for MemManage_Handler
    startup_stm32f10x_md.o(RESET) refers to stm32f10x_it.o(i.BusFault_Handler) for BusFault_Handler
    startup_stm32f10x_md.o(RESET) refers to stm32f10x_it.o(i.UsageFault_Handler) for UsageFault_Handler
    startup_stm32f10x_md.o(RESET) refers to stm32f10x_it.o(i.SVC_Handler) for SVC_Handler
    startup_stm32f10x_md.o(RESET) refers to stm32f10x_it.o(i.DebugMon_Handler) for DebugMon_Handler
    startup_stm32f10x_md.o(RESET) refers to stm32f10x_it.o(i.PendSV_Handler) for PendSV_Handler
    startup_stm32f10x_md.o(RESET) refers to stm32f10x_it.o(i.SysTick_Handler) for SysTick_Handler
    startup_stm32f10x_md.o(RESET) refers to serial.o(i.USART1_IRQHandler) for USART1_IRQHandler
    startup_stm32f10x_md.o(.text) refers (Special) to heapauxi.o(.text) for __use_two_region_memory
    startup_stm32f10x_md.o(.text) refers to system_stm32f10x.o(i.SystemInit) for SystemInit
    startup_stm32f10x_md.o(.text) refers to __main.o(!!!main) for __main
    startup_stm32f10x_md.o(.text) refers to startup_stm32f10x_md.o(HEAP) for Heap_Mem
    startup_stm32f10x_md.o(.text) refers to startup_stm32f10x_md.o(STACK) for Stack_Mem
    system_stm32f10x.o(i.SetSysClock) refers to system_stm32f10x.o(i.SetSysClockTo72) for SetSysClockTo72
    system_stm32f10x.o(i.SystemCoreClockUpdate) refers to system_stm32f10x.o(.data) for SystemCoreClock
    system_stm32f10x.o(i.SystemInit) refers to system_stm32f10x.o(i.SetSysClock) for SetSysClock
    main.o(i.main) refers to system_stm32f10x.o(i.SystemInit) for SystemInit
    main.o(i.main) refers to oled_menu.o(i.OLED_Menu_Init) for OLED_Menu_Init
    main.o(i.main) refers to motor.o(i.Motor1_Init) for Motor1_Init
    main.o(i.main) refers to motor.o(i.Motor2_Init) for Motor2_Init
    main.o(i.main) refers to track.o(i.Track_Init) for Track_Init
    main.o(i.main) refers to speed_pid.o(i.Speed_PID_Init) for Speed_PID_Init
    main.o(i.main) refers to motor.o(i.Motor_SetSpeeds) for Motor_SetSpeeds
    main.o(i.main) refers to delay.o(i.Delay_ms) for Delay_ms
    main.o(i.main) refers to oled_menu.o(i.OLED_Menu_Process) for OLED_Menu_Process
    main.o(i.main) refers to speed_pid.o(i.Time_Increment) for Time_Increment
    main.o(i.main) refers to track.o(i.Track_GetStatus) for Track_GetStatus
    main.o(i.main) refers to speed_pid.o(i.Speed_TrackingControl) for Speed_TrackingControl
    main.o(i.main) refers to speed_pid.o(i.Speed_PID_Update) for Speed_PID_Update
    main.o(i.main) refers to oled_menu.o(.data) for start_flag
    stm32f10x_adc.o(i.ADC_DeInit) refers to stm32f10x_rcc.o(i.RCC_APB2PeriphResetCmd) for RCC_APB2PeriphResetCmd
    stm32f10x_bkp.o(i.BKP_DeInit) refers to stm32f10x_rcc.o(i.RCC_BackupResetCmd) for RCC_BackupResetCmd
    stm32f10x_can.o(i.CAN_DeInit) refers to stm32f10x_rcc.o(i.RCC_APB1PeriphResetCmd) for RCC_APB1PeriphResetCmd
    stm32f10x_can.o(i.CAN_GetITStatus) refers to stm32f10x_can.o(i.CheckITStatus) for CheckITStatus
    stm32f10x_cec.o(i.CEC_DeInit) refers to stm32f10x_rcc.o(i.RCC_APB1PeriphResetCmd) for RCC_APB1PeriphResetCmd
    stm32f10x_dac.o(i.DAC_DeInit) refers to stm32f10x_rcc.o(i.RCC_APB1PeriphResetCmd) for RCC_APB1PeriphResetCmd
    stm32f10x_flash.o(i.FLASH_EnableWriteProtection) refers to stm32f10x_flash.o(i.FLASH_WaitForLastOperation) for FLASH_WaitForLastOperation
    stm32f10x_flash.o(i.FLASH_EraseAllBank1Pages) refers to stm32f10x_flash.o(i.FLASH_WaitForLastBank1Operation) for FLASH_WaitForLastBank1Operation
    stm32f10x_flash.o(i.FLASH_EraseAllPages) refers to stm32f10x_flash.o(i.FLASH_WaitForLastOperation) for FLASH_WaitForLastOperation
    stm32f10x_flash.o(i.FLASH_EraseOptionBytes) refers to stm32f10x_flash.o(i.FLASH_GetReadOutProtectionStatus) for FLASH_GetReadOutProtectionStatus
    stm32f10x_flash.o(i.FLASH_EraseOptionBytes) refers to stm32f10x_flash.o(i.FLASH_WaitForLastOperation) for FLASH_WaitForLastOperation
    stm32f10x_flash.o(i.FLASH_ErasePage) refers to stm32f10x_flash.o(i.FLASH_WaitForLastOperation) for FLASH_WaitForLastOperation
[...]
    ../fplib/dcmpi.s                         0x00000000   Number         0  dcmpi.o ABSOLUTE
    ../fplib/dfixu.s                         0x00000000   Number         0  dfixu.o ABSOLUTE
    ../fplib/dflt.s                          0x00000000   Number         0  dflt_clz.o ABSOLUTE
    ../fplib/dleqf.s                         0x00000000   Number         0  dleqf.o ABSOLUTE
    ../fplib/dmul.s                          0x00000000   Number         0  dmul.o ABSOLUTE
    ../fplib/dnaninf.s                       0x00000000   Number         0  dnaninf.o ABSOLUTE
    ../fplib/dretinf.s                       0x00000000   Number         0  dretinf.o ABSOLUTE
    ../fplib/drleqf.s                        0x00000000   Number         0  drleqf.o ABSOLUTE
    ../fplib/drnd.s                          0x00000000   Number         0  drnd.o ABSOLUTE
    ../fplib/f2d.s                           0x00000000   Number         0  f2d.o ABSOLUTE
    ../fplib/faddsub.s                       0x00000000   Number         0  faddsub_clz.o ABSOLUTE
    ../fplib/fcmpi.s                         0x00000000   Number         0  fcmpi.o ABSOLUTE
    ../fplib/fdiv.s                          0x00000000   Number         0  fdiv.o ABSOLUTE
    ../fplib/feqf.s                          0x00000000   Number         0  feqf.o ABSOLUTE
    ../fplib/ffix.s                          0x00000000   Number         0  ffix.o ABSOLUTE
    ../fplib/fflt.s                          0x00000000   Number         0  fflt_clz.o ABSOLUTE
    ../fplib/fleqf.s                         0x00000000   Number         0  fleqf.o ABSOLUTE
    ../fplib/fmul.s                          0x00000000   Number         0  fmul.o ABSOLUTE
    ../fplib/fnaninf.s                       0x00000000   Number         0  fnaninf.o ABSOLUTE
    ../fplib/fpinit.s                        0x00000000   Number         0  fpinit.o ABSOLUTE
    ../fplib/fretinf.s                       0x00000000   Number         0  fretinf.o ABSOLUTE
    ../fplib/frleqf.s                        0x00000000   Number         0  frleqf.o ABSOLUTE
    ../fplib/istatus.s                       0x00000000   Number         0  istatus.o ABSOLUTE
    ../fplib/printf1.s                       0x00000000   Number         0  printf1.o ABSOLUTE
    ../fplib/printf2.s                       0x00000000   Number         0  printf2.o ABSOLUTE
    ../fplib/printf2a.s                      0x00000000   Number         0  printf2a.o ABSOLUTE
    ../fplib/printf2b.s                      0x00000000   Number         0  printf2b.o ABSOLUTE
    ../fplib/usenofp.s                       0x00000000   Number         0  usenofp.o ABSOLUTE
    ../mathlib/fpclassify.c                  0x00000000   Number         0  fpclassify.o ABSOLUTE
    ../mathlib/round.c                       0x00000000   Number         0  round.o ABSOLUTE
    Hardware\Encoder.c                       0x00000000   Number         0  encoder.o ABSOLUTE
    Hardware\Key.c                           0x00000000   Number         0  key.o ABSOLUTE
    Hardware\Motor.c                         0x00000000   Number         0  motor.o ABSOLUTE
    Hardware\OLED.c                          0x00000000   Number         0  oled.o ABSOLUTE
    Hardware\OLED_Menu.c                     0x00000000   Number         0  oled_menu.o ABSOLUTE
    Hardware\PWM.c                           0x00000000   Number         0  pwm.o ABSOLUTE
    Hardware\Serial.c                        0x00000000   Number         0  serial.o ABSOLUTE
    Hardware\Track.c                         0x00000000   Number         0  track.o ABSOLUTE
    Library\misc.c                           0x00000000   Number         0  misc.o ABSOLUTE
    Library\stm32f10x_adc.c                  0x00000000   Number         0  stm32f10x_adc.o ABSOLUTE
    Library\stm32f10x_bkp.c                  0x00000000   Number         0  stm32f10x_bkp.o ABSOLUTE
    Library\stm32f10x_can.c                  0x00000000   Number         0  stm32f10x_can.o ABSOLUTE
    Library\stm32f10x_cec.c                  0x00000000   Number         0  stm32f10x_cec.o ABSOLUTE
    Library\stm32f10x_crc.c                  0x00000000   Number         0  stm32f10x_crc.o ABSOLUTE
    Library\stm32f10x_dac.c                  0x00000000   Number         0  stm32f10x_dac.o ABSOLUTE
    Library\stm32f10x_dbgmcu.c               0x00000000   Number         0  stm32f10x_dbgmcu.o ABSOLUTE
    Library\stm32f10x_dma.c                  0x00000000   Number         0  stm32f10x_dma.o ABSOLUTE
    Library\stm32f10x_exti.c                 0x00000000   Number         0  stm32f10x_exti.o ABSOLUTE
    Library\stm32f10x_flash.c                0x00000000   Number         0  stm32f10x_flash.o ABSOLUTE
    Library\stm32f10x_fsmc.c                 0x00000000   Number         0  stm32f10x_fsmc.o ABSOLUTE
    Library\stm32f10x_gpio.c                 0x00000000   Number         0  stm32f10x_gpio.o ABSOLUTE
    Library\stm32f10x_i2c.c                  0x00000000   Number         0  stm32f10x_i2c.o ABSOLUTE
    Library\stm32f10x_iwdg.c                 0x00000000   Number         0  stm32f10x_iwdg.o ABSOLUTE
    Library\stm32f10x_pwr.c                  0x00000000   Number         0  stm32f10x_pwr.o ABSOLUTE
    Library\stm32f10x_rcc.c                  0x00000000   Number         0  stm32f10x_rcc.o ABSOLUTE
    Library\stm32f10x_rtc.c                  0x00000000   Number         0  stm32f10x_rtc.o ABSOLUTE
    Library\stm32f10x_sdio.c                 0x00000000   Number         0  stm32f10x_sdio.o ABSOLUTE
    Library\stm32f10x_spi.c                  0x00000000   Number         0  stm32f10x_spi.o ABSOLUTE
    Library\stm32f10x_tim.c                  0x00000000   Number         0  stm32f10x_tim.o ABSOLUTE
    Library\stm32f10x_usart.c                0x00000000   Number         0  stm32f10x_usart.o ABSOLUTE
    Library\stm32f10x_wwdg.c                 0x00000000   Number         0  stm32f10x_wwdg.o ABSOLUTE
    Start\\core_cm3.c                        0x00000000   Number         0  core_cm3.o ABSOLUTE
    Start\core_cm3.c                         0x00000000   Number         0  core_cm3.o ABSOLUTE
    Start\startup_stm32f10x_md.s             0x00000000   Number         0  startup_stm32f10x_md.o ABSOLUTE
    Start\system_stm32f10x.c                 0x00000000   Number         0  system_stm32f10x.o ABSOLUTE
    System\Delay.c                           0x00000000   Number         0  delay.o ABSOLUTE
    System\Speed_PID.c                       0x00000000   Number         0  speed_pid.o ABSOLUTE
    System\Timer.c                           0x00000000   Number         0  timer.o ABSOLUTE
    User\main.c                              0x00000000   Number         0  main.o ABSOLUTE
    User\stm32f10x_it.c                      0x00000000   Number         0  stm32f10x_it.o ABSOLUTE
    dc.s                                     0x00000000   Number         0  dc.o ABSOLUTE
    RESET                                    0x08000000   Section      236  startup_stm32f10x_md.o(RESET)
    !!!main                                  0x080000ec   Section        8  __main.o(!!!main)
    !!!scatter                               0x080000f4   Section       52  __scatter.o(!!!scatter)
    !!handler_copy                           0x08000128   Section       26  __scatter_copy.o(!!handler_copy)
    !!handler_zi                             0x08000144   Section       28  __scatter_zi.o(!!handler_zi)
    .ARM.Collect$$_printf_percent$$00000000  0x08000160   Section        0  _printf_percent.o(.ARM.Collect$$_printf_percent$$00000000)
    .ARM.Collect$$_printf_percent$$00000003  0x08000160   Section        6  _printf_f.o(.ARM.Collect$$_printf_percent$$00000003)
    .ARM.Collect$$_printf_percent$$00000009  0x08000166   Section        6  _printf_d.o(.ARM.Collect$$_printf_percent$$00000009)
    .ARM.Collect$$_printf_percent$$00000017  0x0800016c   Section        4  _printf_percent_end.o(.ARM.Collect$$_printf_percent$$00000017)
    .ARM.Collect$$libinit$$00000000          0x08000170   Section        2  libinit.o(.ARM.Collect$$libinit$$00000000)
    .ARM.Collect$$libinit$$00000002          0x08000172   Section        0  libinit2.o(.ARM.Collect$$libinit$$00000002)
    .ARM.Collect$$libinit$$00000004          0x08000172   Section        0  libinit2.o(.ARM.Collect$$libinit$$00000004)
    .ARM.Collect$$libinit$$0000000A          0x08000172   Section        0  libinit2.o(.ARM.Collect$$libinit$$0000000A)
    .ARM.Collect$$libinit$$0000000C          0x08000172   Section        0  libinit2.o(.ARM.Collect$$libinit$$0000000C)
    .ARM.Collect$$libinit$$0000000E          0x08000172   Section        0  libinit2.o(.ARM.Collect$$libinit$$0000000E)
    .ARM.Collect$$libinit$$0000000F          0x08000172   Section        6  libinit2.o(.ARM.Collect$$libinit$$0000000F)
    .ARM.Collect$$libinit$$00000011          0x08000178   Section        0  libinit2.o(.ARM.Collect$$libinit$$00000011)
    .ARM.Collect$$libinit$$00000013          0x08000178   Section        0  libinit2.o(.ARM.Collect$$libinit$$00000013)
    .ARM.Collect$$libinit$$00000015          0x08000178   Section        0  libinit2.o(.ARM.Collect$$libinit$$00000015)
    .ARM.Collect$$libinit$$00000016          0x08000178   Section       10  libinit2.o(.ARM.Collect$$libinit$$00000016)
    .ARM.Collect$$libinit$$00000017          0x08000182   Section        0  libinit2.o(.ARM.Collect$$libinit$$00000017)
    .ARM.Collect$$libinit$$00000019          0x08000182   Section        0  libinit2.o(.ARM.Collect$$libinit$$00000019)
    .ARM.Collect$$libinit$$0000001B          0x08000182   Section        0  libinit2.o(.ARM.Collect$$libinit$$0000001B)
    .ARM.Collect$$libinit$$0000001D          0x08000182   Section        0  libinit2.o(.ARM.Collect$$libinit$$0000001D)
    .ARM.Collect$$libinit$$0000001F          0x08000182   Section        0  libinit2.o(.ARM.Collect$$libinit$$0000001F)
    .ARM.Collect$$libinit$$00000021          0x08000182   Section        0  libinit2.o(.ARM.Collect$$libinit$$00000021)
    .ARM.Collect$$libinit$$00000023          0x08000182   Section        0  libinit2.o(.ARM.Collect$$libinit$$00000023)
    .ARM.Collect$$libinit$$00000025          0x08000182   Section        0  libinit2.o(.ARM.Collect$$libinit$$00000025)
    .ARM.Collect$$libinit$$0000002C          0x08000182   Section        0  libinit2.o(.ARM.Collect$$libinit$$0000002C)
    .ARM.Collect$$libinit$$0000002E          0x08000182   Section        0  libinit2.o(.ARM.Collect$$libinit$$0000002E)
    .ARM.Collect$$libinit$$00000030          0x08000182   Section        0  libinit2.o(.ARM.Collect$$libinit$$00000030)
    .ARM.Collect$$libinit$$00000032          0x08000182   Section        0  libinit2.o(.ARM.Collect$$libinit$$00000032)
    .ARM.Collect$$libinit$$00000033          0x08000182   Section        2  libinit2.o(.ARM.Collect$$libinit$$00000033)
    .ARM.Collect$$libshutdown$$00000000      0x08000184   Section        2  libshutdown.o(.ARM.Collect$$libshutdown$$00000000)
    .ARM.Collect$$libshutdown$$00000002      0x08000186   Section        0  libshutdown2.o(.ARM.Collect$$libshutdown$$00000002)
    .ARM.Collect$$libshutdown$$00000004      0x08000186   Section        0  libshutdown2.o(.ARM.Collect$$libshutdown$$00000004)
    .ARM.Collect$$libshutdown$$00000007      0x08000186   Section        0  libshutdown2.o(.ARM.Collect$$libshutdown$$00000007)
    .ARM.Collect$$libshutdown$$0000000A      0x08000186   Section        0  libshutdown2.o(.ARM.Collect$$libshutdown$$0000000A)
    .ARM.Collect$$libshutdown$$0000000C      0x08000186   Section        0  libshutdown2.o(.ARM.Collect$$libshutdown$$0000000C)
    .ARM.Collect$$libshutdown$$0000000F      0x08000186   Section        0  libshutdown2.o(.ARM.Collect$$libshutdown$$0000000F)
    .ARM.Collect$$libshutdown$$00000010      0x08000186   Section        2  libshutdown2.o(.ARM.Collect$$libshutdown$$00000010)
    .ARM.Collect$$rtentry$$00000000          0x08000188   Section        0  __rtentry.o(.ARM.Collect$$rtentry$$00000000)
    .ARM.Collect$$rtentry$$00000002          0x08000188   Section        0  __rtentry2.o(.ARM.Collect$$rtentry$$00000002)
    .ARM.Collect$$rtentry$$00000004          0x08000188   Section        6  __rtentry4.o(.ARM.Collect$$rtentry$$00000004)
    .ARM.Collect$$rtentry$$00000009          0x0800018e   Section        0  __rtentry2.o(.ARM.Collect$$rtentry$$00000009)
    .ARM.Collect$$rtentry$$0000000A          0x0800018e   Section        4  __rtentry2.o(.ARM.Collect$$rtentry$$0000000A)
    .ARM.Collect$$rtentry$$0000000C          0x08000192   Section        0  __rtentry2.o(.ARM.Collect$$rtentry$$0000000C)
    .ARM.Collect$$rtentry$$0000000D          0x08000192   Section        8  __rtentry2.o(.ARM.Collect$$rtentry$$0000000D)
    .ARM.Collect$$rtexit$$00000000           0x0800019a   Section        2  rtexit.o(.ARM.Collect$$rtexit$$00000000)
    .ARM.Collect$$rtexit$$00000002           0x0800019c   Section        0  rtexit2.o(.ARM.Collect$$rtexit$$00000002)
    .ARM.Collect$$rtexit$$00000003           0x0800019c   Section        4  rtexit2.o(.ARM.Collect$$rtexit$$00000003)
    .ARM.Collect$$rtexit$$00000004           0x080001a0   Section        6  rtexit2.o(.ARM.Collect$$rtexit$$00000004)
    .text                                    0x080001a8   Section       64  startup_stm32f10x_md.o(.text)
    .text                                    0x080001e8   Section        0  __2sprintf.o(.text)
    .text                                    0x08000214   Section        0  _printf_dec.o(.text)
    .text                                    0x0800028c   Section        0  __printf_flags_ss_wp.o(.text)
    .text                                    0x08000414   Section        0  heapauxi.o(.text)
    .text                                    0x0800041a   Section        0  _printf_intcommon.o(.text)
    .text                                    0x080004cc   Section        0  _printf_fp_dec.o(.text)
    _fp_digits                               0x080004cf   Thumb Code   432  _printf_fp_dec.o(.text)
    .text                                    0x080008ec   Section        0  _printf_char_common.o(.text)
    _printf_input_char                       0x080008ed   Thumb Code    10  _printf_char_common.o(.text)
    .text                                    0x0800091c   Section        0  _sputc.o(.text)
    .text                                    0x08000928   Section        8  rt_locale_intlibspace.o(.text)
    .text                                    0x08000930   Section      138  lludiv10.o(.text)
    .text                                    0x080009bc   Section        0  _printf_fp_infnan.o(.text)
    .text                                    0x08000a3c   Section        0  bigflt0.o(.text)
    .text                                    0x08000b20   Section        8  libspace.o(.text)
    .text                                    0x08000b28   Section       74  sys_stackheap_outer.o(.text)
    .text                                    0x08000b72   Section        0  exit.o(.text)
    .text                                    0x08000b84   Section      128  strcmpv7m.o(.text)
    .text                                    0x08000c04   Section        0  sys_exit.o(.text)
    .text                                    0x08000c10   Section        2  use_no_semi.o(.text)
    .text                                    0x08000c12   Section        0  indicate_semi.o(.text)
    CL$$btod_d2e                             0x08000c12   Section       62  btod.o(CL$$btod_d2e)
    CL$$btod_d2e_denorm_low                  0x08000c50   Section       70  btod.o(CL$$btod_d2e_denorm_low)
    CL$$btod_d2e_norm_op1                    0x08000c96   Section       96  btod.o(CL$$btod_d2e_norm_op1)
    CL$$btod_div_common                      0x08000cf6   Section      824  btod.o(CL$$btod_div_common)
    CL$$btod_e2e                             0x0800102e   Section      220  btod.o(CL$$btod_e2e)
    CL$$btod_ediv                            0x0800110a   Section       42  btod.o(CL$$btod_ediv)
    CL$$btod_emul                            0x08001134   Section       42  btod.o(CL$$btod_emul)
    CL$$btod_mult_common                     0x0800115e   Section      580  btod.o(CL$$btod_mult_common)
    i.ADC_Cmd                                0x080013a2   Section        0  stm32f10x_adc.o(i.ADC_Cmd)
    i.ADC_GetCalibrationStatus               0x080013b8   Section        0  stm32f10x_adc.o(i.ADC_GetCalibrationStatus)
    i.ADC_GetConversionValue                 0x080013cc   Section        0  stm32f10x_adc.o(i.ADC_GetConversionValue)
    i.ADC_GetFlagStatus                      0x080013d4   Section        0  stm32f10x_adc.o(i.ADC_GetFlagStatus)
    i.ADC_GetResetCalibrationStatus          0x080013e6   Section        0  stm32f10x_adc.o(i.ADC_GetResetCalibrationStatus)
    i.ADC_Init                               0x080013fc   Section        0  stm32f10x_adc.o(i.ADC_Init)
    i.ADC_RegularChannelConfig               0x0800144c   Section        0  stm32f10x_adc.o(i.ADC_RegularChannelConfig)
    i.ADC_ResetCalibration                   0x08001504   Section        0  stm32f10x_adc.o(i.ADC_ResetCalibration)
    i.ADC_SoftwareStartConvCmd               0x0800150e   Section        0  stm32f10x_adc.o(i.ADC_SoftwareStartConvCmd)
    i.ADC_StartCalibration                   0x08001524   Section        0  stm32f10x_adc.o(i.ADC_StartCalibration)
    i.BusFault_Handler                       0x0800152e   Section        0  stm32f10x_it.o(i.BusFault_Handler)
    i.DebugMon_Handler                       0x08001532   Section        0  stm32f10x_it.o(i.DebugMon_Handler)
    i.Delay_ms                               0x08001534   Section        0  delay.o(i.Delay_ms)
    i.Delay_us                               0x0800154c   Section        0  delay.o(i.Delay_us)
    i.Display_Main                           0x0800157c   Section        0  oled_menu.o(i.Display_Main)
    i.Display_PID                            0x080015c0   Section        0  oled_menu.o(i.Display_PID)
    i.Display_Press                          0x08001660   Section        0  oled_menu.o(i.Display_Press)
    i.Display_Running                        0x080016b0   Section        0  oled_menu.o(i.Display_Running)
    i.Display_Speed                          0x08001738   Section        0  oled_menu.o(i.Display_Speed)
    i.Encoder_Get_L                          0x080017b4   Section        0  encoder.o(i.Encoder_Get_L)
    i.Encoder_Get_R                          0x080017d0   Section        0  encoder.o(i.Encoder_Get_R)
    i.GPIO_Init                              0x080017ec   Section        0  stm32f10x_gpio.o(i.GPIO_Init)
    i.GPIO_ReadInputDataBit                  0x08001902   Section        0  stm32f10x_gpio.o(i.GPIO_ReadInputDataBit)
    i.GPIO_ResetBits                         0x08001914   Section        0  stm32f10x_gpio.o(i.GPIO_ResetBits)
    i.GPIO_SetBits                           0x08001918   Section        0  stm32f10x_gpio.o(i.GPIO_SetBits)
    i.GPIO_WriteBit                          0x0800191c   Section        0  stm32f10x_gpio.o(i.GPIO_WriteBit)
    i.GetTime_ms                             0x08001928   Section        0  speed_pid.o(i.GetTime_ms)
    i.HardFault_Handler                      0x08001934   Section        0  stm32f10x_it.o(i.HardFault_Handler)
    i.Key_Scan                               0x08001938   Section        0  oled_menu.o(i.Key_Scan)
    i.Measure_Speed                          0x08001a84   Section        0  speed_pid.o(i.Measure_Speed)
    i.MemManage_Handler                      0x08001b5c   Section        0  stm32f10x_it.o(i.MemManage_Handler)
    i.Motor1_Init                            0x08001b60   Section        0  motor.o(i.Motor1_Init)
    i.Motor1_SetSpeed                        0x08001b90   Section        0  motor.o(i.Motor1_SetSpeed)
    i.Motor2_Init                            0x08001bd8   Section        0  motor.o(i.Motor2_Init)
    i.Motor2_SetSpeed                        0x08001c08   Section        0  motor.o(i.Motor2_SetSpeed)
    i.Motor_SetSpeeds                        0x08001c50   Section        0  motor.o(i.Motor_SetSpeeds)
    i.NMI_Handler                            0x08001c64   Section        0  stm32f10x_it.o(i.NMI_Handler)
    i.OLED_Clear                             0x08001c66   Section        0  oled.o(i.OLED_Clear)
    i.OLED_I2C_Init                          0x08001c90   Section        0  oled.o(i.OLED_I2C_Init)
    i.OLED_I2C_SendByte                      0x08001ce0   Section        0  oled.o(i.OLED_I2C_SendByte)
    i.OLED_I2C_Start                         0x08001d3c   Section        0  oled.o(i.OLED_I2C_Start)
    i.OLED_I2C_Stop                          0x08001d70   Section        0  oled.o(i.OLED_I2C_Stop)
    i.OLED_Init                              0x08001d98   Section        0  oled.o(i.OLED_Init)
    i.OLED_Menu_Init                         0x08001e48   Section        0  oled_menu.o(i.OLED_Menu_Init)
    i.OLED_Menu_Process                      0x08001ed8   Section        0  oled_menu.o(i.OLED_Menu_Process)
    i.OLED_SetCursor                         0x08001f18   Section        0  oled.o(i.OLED_SetCursor)
    i.OLED_ShowChar                          0x08001f3c   Section        0  oled.o(i.OLED_ShowChar)
    i.OLED_ShowString                        0x08001fb0   Section        0  oled.o(i.OLED_ShowString)
    i.OLED_WriteCommand                      0x08001fd8   Section        0  oled.o(i.OLED_WriteCommand)
    i.OLED_WriteData                         0x08001ff8   Section        0  oled.o(i.OLED_WriteData)
    i.PWM_Init                               0x08002018   Section        0  pwm.o(i.PWM_Init)
    i.PWM_SetCompare3                        0x080020b8   Section        0  pwm.o(i.PWM_SetCompare3)
    i.PWM_SetCompare4                        0x080020c8   Section        0  pwm.o(i.PWM_SetCompare4)
    i.PendSV_Handler                         0x080020d8   Section        0  stm32f10x_it.o(i.PendSV_Handler)
    i.RCC_ADCCLKConfig                       0x080020dc   Section        0  stm32f10x_rcc.o(i.RCC_ADCCLKConfig)
    i.RCC_APB1PeriphClockCmd                 0x080020f4   Section        0  stm32f10x_rcc.o(i.RCC_APB1PeriphClockCmd)
    i.RCC_APB2PeriphClockCmd                 0x08002114   Section        0  stm32f10x_rcc.o(i.RCC_APB2PeriphClockCmd)
    i.Read_Sensor                            0x08002134   Section        0  track.o(i.Read_Sensor)
    i.SVC_Handler                            0x08002168   Section        0  stm32f10x_it.o(i.SVC_Handler)
    i.SetSysClock                            0x0800216a   Section        0  system_stm32f10x.o(i.SetSysClock)
    SetSysClock                              0x0800216b   Thumb Code     8  system_stm32f10x.o(i.SetSysClock)
    i.SetSysClockTo72                        0x08002174   Section        0  system_stm32f10x.o(i.SetSysClockTo72)
    SetSysClockTo72                          0x08002175   Thumb Code   214  system_stm32f10x.o(i.SetSysClockTo72)
    i.Speed_PID_Calculate                    0x08002254   Section        0  speed_pid.o(i.Speed_PID_Calculate)
    i.Speed_PID_Init                         0x08002370   Section        0  speed_pid.o(i.Speed_PID_Init)
    i.Speed_PID_Update                       0x080023e4   Section        0  speed_pid.o(i.Speed_PID_Update)
    i.Speed_SetTarget                        0x08002440   Section        0  speed_pid.o(i.Speed_SetTarget)
    i.Speed_TrackingControl                  0x08002474   Section        0  speed_pid.o(i.Speed_TrackingControl)
    i.SysTick_Handler                        0x08002578   Section        0  stm32f10x_it.o(i.SysTick_Handler)
    i.SystemInit                             0x0800257c   Section        0  system_stm32f10x.o(i.SystemInit)
    i.TIM_Cmd                                0x080025dc   Section        0  stm32f10x_tim.o(i.TIM_Cmd)
    i.TIM_GetCounter                         0x080025f4   Section        0  stm32f10x_tim.o(i.TIM_GetCounter)
    i.TIM_InternalClockConfig                0x080025fa   Section        0  stm32f10x_tim.o(i.TIM_InternalClockConfig)
    i.TIM_OC3Init                            0x08002608   Section        0  stm32f10x_tim.o(i.TIM_OC3Init)
    i.TIM_OC4Init                            0x080026a8   Section        0  stm32f10x_tim.o(i.TIM_OC4Init)
    i.TIM_OCStructInit                       0x08002724   Section        0  stm32f10x_tim.o(i.TIM_OCStructInit)
    i.TIM_SetCompare3                        0x08002738   Section        0  stm32f10x_tim.o(i.TIM_SetCompare3)
    i.TIM_SetCompare4                        0x0800273c   Section        0  stm32f10x_tim.o(i.TIM_SetCompare4)
    i.TIM_SetCounter                         0x08002742   Section        0  stm32f10x_tim.o(i.TIM_SetCounter)
    i.TIM_TimeBaseInit                       0x08002748   Section        0  stm32f10x_tim.o(i.TIM_TimeBaseInit)
    i.Time_Increment                         0x080027ec   Section        0  speed_pid.o(i.Time_Increment)
    i.Track_GetStatus                        0x08002818   Section        0  track.o(i.Track_GetStatus)
    i.Track_Init                             0x080028c4   Section        0  track.o(i.Track_Init)
    i.USART1_IRQHandler                      0x0800296c   Section        0  serial.o(i.USART1_IRQHandler)
    i.USART_ClearITPendingBit                0x08002a0c   Section        0  stm32f10x_usart.o(i.USART_ClearITPendingBit)
    i.USART_GetITStatus                      0x08002a2a   Section        0  stm32f10x_usart.o(i.USART_GetITStatus)
    i.USART_ReceiveData                      0x08002a7e   Section        0  stm32f10x_usart.o(i.USART_ReceiveData)
    i.UsageFault_Handler                     0x08002a88   Section        0  stm32f10x_it.o(i.UsageFault_Handler)
    i.__ARM_fpclassify                       0x08002a8c   Section        0  fpclassify.o(i.__ARM_fpclassify)
    i._is_digit                              0x08002ab4   Section        0  __printf_wp.o(i._is_digit)
    i.main                                   0x08002ac4   Section        0  main.o(i.main)
    locale$$code                             0x08002b24   Section       44  lc_numeric_c.o(locale$$code)
    x$fpl$dretinf                            0x08002b50   Section       12  dretinf.o(x$fpl$dretinf)
    x$fpl$f2d                                0x08002b5c   Section       86  f2d.o(x$fpl$f2d)
    x$fpl$fadd                               0x08002bb4   Section      196  faddsub_clz.o(x$fpl$fadd)
    _fadd1                                   0x08002bc3   Thumb Code     0  faddsub_clz.o(x$fpl$fadd)
    x$fpl$fcmpinf                            0x08002c78   Section       24  fcmpi.o(x$fpl$fcmpinf)
    x$fpl$fdiv                               0x08002c90   Section      388  fdiv.o(x$fpl$fdiv)
    _fdiv1                                   0x08002c91   Thumb Code     0  fdiv.o(x$fpl$fdiv)
    x$fpl$feqf                               0x08002e14   Section      104  feqf.o(x$fpl$feqf)
    x$fpl$ffix                               0x08002e7c   Section       54  ffix.o(x$fpl$ffix)
    x$fpl$fflt                               0x08002eb4   Section       48  fflt_clz.o(x$fpl$fflt)
    x$fpl$ffltu                              0x08002ee4   Section       38  fflt_clz.o(x$fpl$ffltu)
    x$fpl$fleqf                              0x08002f0c   Section      104  fleqf.o(x$fpl$fleqf)
    x$fpl$fmul                               0x08002f74   Section      258  fmul.o(x$fpl$fmul)
    x$fpl$fnaninf                            0x08003076   Section      140  fnaninf.o(x$fpl$fnaninf)
    x$fpl$fretinf                            0x08003102   Section       10  fretinf.o(x$fpl$fretinf)
    x$fpl$frleqf                             0x0800310c   Section       98  frleqf.o(x$fpl$frleqf)
    x$fpl$fsub                               0x08003170   Section      234  faddsub_clz.o(x$fpl$fsub)
    _fsub1                                   0x0800317f   Thumb Code     0  faddsub_clz.o(x$fpl$fsub)
    x$fpl$printf1                            0x0800325a   Section        4  printf1.o(x$fpl$printf1)
    .constdata                               0x0800325e   Section     1520  oled.o(.constdata)
    x$fpl$usenofp                            0x0800325e   Section        0  usenofp.o(x$fpl$usenofp)
    .constdata                               0x0800384e   Section       17  __printf_flags_ss_wp.o(.constdata)
    maptable                                 0x0800384e   Data          17  __printf_flags_ss_wp.o(.constdata)
    .constdata                               0x08003860   Section      148  bigflt0.o(.constdata)
    tenpwrs_x                                0x08003860   Data          60  bigflt0.o(.constdata)
    tenpwrs_i                                0x0800389c   Data          64  bigflt0.o(.constdata)
    .conststring                             0x080038f4   Section       18  oled_menu.o(.conststring)
    locale$$data                             0x08003928   Section       28  lc_numeric_c.o(locale$$data)
    __lcnum_c_name                           0x0800392c   Data           2  lc_numeric_c.o(locale$$data)
    __lcnum_c_start                          0x08003934   Data           0  lc_numeric_c.o(locale$$data)
    __lcnum_c_point                          0x08003940   Data           0  lc_numeric_c.o(locale$$data)
    __lcnum_c_thousands                      0x08003942   Data           0  lc_numeric_c.o(locale$$data)
    __lcnum_c_grouping                       0x08003943   Data           0  lc_numeric_c.o(locale$$data)
    __lcnum_c_end                            0x08003944   Data           0  lc_numeric_c.o(locale$$data)
    .data                                    0x20000000   Section        4  serial.o(.data)
    RxState                                  0x20000002   Data           1  serial.o(.data)
    pRxPacket                                0x20000003   Data           1  serial.o(.data)
    .data                                    0x20000004   Section        6  track.o(.data)
    .data                                    0x2000000c   Section       32  oled_menu.o(.data)
    last_states                              0x2000001c   Data           4  oled_menu.o(.data)
    main_items                               0x20000020   Data          12  oled_menu.o(.data)
    .data                                    0x2000002c   Section       20  speed_pid.o(.data)
    last_time                                0x20000038   Data           4  speed_pid.o(.data)
    count                                    0x2000003c   Data           4  speed_pid.o(.data)
    .bss                                     0x20000040   Section      100  serial.o(.bss)
    .bss                                     0x200000a4   Section       88  speed_pid.o(.bss)
    .bss                                     0x200000fc   Section       96  libspace.o(.bss)
    HEAP                                     0x20000160   Section      512  startup_stm32f10x_md.o(HEAP)
    Heap_Mem                                 0x20000160   Data         512  startup_stm32f10x_md.o(HEAP)
    STACK                                    0x20000360   Section     1024  startup_stm32f10x_md.o(STACK)
    Stack_Mem                                0x20000360   Data        1024  startup_stm32f10x_md.o(STACK)
    __initial_sp                             0x20000760   Data           0  startup_stm32f10x_md.o(STACK)

    Global Symbols

    Symbol Name                              Value     Ov Type        Size  Object(Section)

    BuildAttributes$$THM_ISAv4$P$D$K$B$S$PE$A:L22UL41UL21$X:L11$S22US41US21$IEEE1$IW$USESV6$~STKCKD$USESV7$~SHL$OTIME$ROPI$IEEEJ$EBA8$UX$STANDARDLIB$REQ8$PRES8$EABIv2 0x00000000   Number         0  anon$$obj.o ABSOLUTE
    __ARM_use_no_argv                        0x00000000   Number         0  main.o ABSOLUTE
    _printf_flags                            0x00000000   Number         0  printf_stubs.o ABSOLUTE
    _printf_return_value                     0x00000000   Number         0  printf_stubs.o ABSOLUTE
    _printf_sizespec                         0x00000000   Number         0  printf_stubs.o ABSOLUTE
    _printf_widthprec                        0x00000000   Number         0  printf_stubs.o ABSOLUTE
    __ARM_exceptions_init                     - Undefined Weak Reference
    __alloca_initialize                       - Undefined Weak Reference
    __arm_preinit_                            - Undefined Weak Reference
    __cpp_initialize__aeabi_                  - Undefined Weak Reference
    __cxa_finalize                            - Undefined Weak Reference
    __sigvec_lookup                           - Undefined Weak Reference
    _atexit_init                              - Undefined Weak Reference
    _call_atexit_fns                          - Undefined Weak Reference
    _clock_init                               - Undefined Weak Reference
    _fp_trap_init                             - Undefined Weak Reference
    _fp_trap_shutdown                         - Undefined Weak Reference
    _get_lc_collate                           - Undefined Weak Reference
    _get_lc_monetary                          - Undefined Weak Reference
    _get_lc_time                              - Undefined Weak Reference
    _getenv_init                              - Undefined Weak Reference
    _handle_redirection                       - Undefined Weak Reference
    _init_alloc                               - Undefined Weak Reference
    _init_user_alloc                          - Undefined Weak Reference
    _initio                                   - Undefined Weak Reference
    _printf_mbtowc                            - Undefined Weak Reference
    _printf_wc                                - Undefined Weak Reference
    _rand_init                                - Undefined Weak Reference
    _signal_finish                            - Undefined Weak Reference
    _signal_init                              - Undefined Weak Reference
    _terminate_alloc                          - Undefined Weak Reference
    _terminate_user_alloc                     - Undefined Weak Reference
    _terminateio                              - Undefined Weak Reference
    __Vectors_Size                           0x000000ec   Number         0  startup_stm32f10x_md.o ABSOLUTE
    __Vectors                                0x08000000   Data           4  startup_stm32f10x_md.o(RESET)
    __Vectors_End                            0x080000ec   Data           0  startup_stm32f10x_md.o(RESET)
    __main                                   0x080000ed   Thumb Code     8  __main.o(!!!main)
    __scatterload                            0x080000f5   Thumb Code     0  __scatter.o(!!!scatter)
    __scatterload_rt2                        0x080000f5   Thumb Code    44  __scatter.o(!!!scatter)
    __scatterload_rt2_thumb_only             0x080000f5   Thumb Code     0  __scatter.o(!!!scatter)
    __scatterload_null                       0x08000103   Thumb Code     0  __scatter.o(!!!scatter)
    __scatterload_copy                       0x08000129   Thumb Code    26  __scatter_copy.o(!!handler_copy)
    __scatterload_zeroinit                   0x08000145   Thumb Code    28  __scatter_zi.o(!!handler_zi)
    _printf_f                                0x08000161   Thumb Code     0  _printf_f.o(.ARM.Collect$$_printf_percent$$00000003)
    _printf_percent                          0x08000161   Thumb Code     0  _printf_percent.o(.ARM.Collect$$_printf_percent$$00000000)
    _printf_d                                0x08000167   Thumb Code     0  _printf_d.o(.ARM.Collect$$_printf_percent$$00000009)
    _printf_percent_end                      0x0800016d   Thumb Code     0  _printf_percent_end.o(.ARM.Collect$$_printf_percent$$00000017)
    __rt_lib_init                            0x08000171   Thumb Code     0  libinit.o(.ARM.Collect$$libinit$$00000000)
    __rt_lib_init_fp_1                       0x08000173   Thumb Code     0  libinit2.o(.ARM.Collect$$libinit$$00000002)
    __rt_lib_init_heap_1                     0x08000173   Thumb Code     0  libinit2.o(.ARM.Collect$$libinit$$0000000A)
    __rt_lib_init_lc_common                  0x08000173   Thumb Code     0  libinit2.o(.ARM.Collect$$libinit$$0000000F)
    __rt_lib_init_preinit_1                  0x08000173   Thumb Code     0  libinit2.o(.ARM.Collect$$libinit$$00000004)
    __rt_lib_init_rand_1                     0x08000173   Thumb Code     0  libinit2.o(.ARM.Collect$$libinit$$0000000E)
    __rt_lib_init_user_alloc_1               0x08000173   Thumb Code     0  libinit2.o(.ARM.Collect$$libinit$$0000000C)
    __rt_lib_init_lc_collate_1               0x08000179   Thumb Code     0  libinit2.o(.ARM.Collect$$libinit$$00000011)
    __rt_lib_init_lc_ctype_1                 0x08000179   Thumb Code     0  libinit2.o(.ARM.Collect$$libinit$$00000013)
    __rt_lib_init_lc_monetary_1              0x08000179   Thumb Code     0  libinit2.o(.ARM.Collect$$libinit$$00000015)
    __rt_lib_init_lc_numeric_2               0x08000179   Thumb Code     0  libinit2.o(.ARM.Collect$$libinit$$00000016)
    __rt_lib_init_alloca_1                   0x08000183   Thumb Code     0  libinit2.o(.ARM.Collect$$libinit$$0000002E)
    __rt_lib_init_argv_1                     0x08000183   Thumb Code     0  libinit2.o(.ARM.Collect$$libinit$$0000002C)
    __rt_lib_init_atexit_1                   0x08000183   Thumb Code     0  libinit2.o(.ARM.Collect$$libinit$$0000001B)
    __rt_lib_init_clock_1                    0x08000183   Thumb Code     0  libinit2.o(.ARM.Collect$$libinit$$00000021)
    __rt_lib_init_cpp_1                      0x08000183   Thumb Code     0  libinit2.o(.ARM.Collect$$libinit$$00000032)
    __rt_lib_init_exceptions_1               0x08000183   Thumb Code     0  libinit2.o(.ARM.Collect$$libinit$$00000030)
    __rt_lib_init_fp_trap_1                  0x08000183   Thumb Code     0  libinit2.o(.ARM.Collect$$libinit$$0000001F)
    __rt_lib_init_getenv_1                   0x08000183   Thumb Code     0  libinit2.o(.ARM.Collect$$libinit$$00000023)
    __rt_lib_init_lc_numeric_1               0x08000183   Thumb Code     0  libinit2.o(.ARM.Collect$$libinit$$00000017)
    __rt_lib_init_lc_time_1                  0x08000183   Thumb Code     0  libinit2.o(.ARM.Collect$$libinit$$00000019)
    __rt_lib_init_return                     0x08000183   Thumb Code     0  libinit2.o(.ARM.Collect$$libinit$$00000033)
    __rt_lib_init_signal_1                   0x08000183   Thumb Code     0  libinit2.o(.ARM.Collect$$libinit$$0000001D)
    __rt_lib_init_stdio_1                    0x08000183   Thumb Code     0  libinit2.o(.ARM.Collect$$libinit$$00000025)
    __rt_lib_shutdown                        0x08000185   Thumb Code     0  libshutdown.o(.ARM.Collect$$libshutdown$$00000000)
    __rt_lib_shutdown_cpp_1                  0x08000187   Thumb Code     0  libshutdown2.o(.ARM.Collect$$libshutdown$$00000002)
    __rt_lib_shutdown_fp_trap_1              0x08000187   Thumb Code     0  libshutdown2.o(.ARM.Collect$$libshutdown$$00000007)
    __rt_lib_shutdown_heap_1                 0x08000187   Thumb Code     0  libshutdown2.o(.ARM.Collect$$libshutdown$$0000000F)
    __rt_lib_shutdown_return                 0x08000187   Thumb Code     0  libshutdown2.o(.ARM.Collect$$libshutdown$$00000010)
    __rt_lib_shutdown_signal_1               0x08000187   Thumb Code     0  libshutdown2.o(.ARM.Collect$$libshutdown$$0000000A)
    __rt_lib_shutdown_stdio_1                0x08000187   Thumb Code     0  libshutdown2.o(.ARM.Collect$$libshutdown$$00000004)
    __rt_lib_shutdown_user_alloc_1           0x08000187   Thumb Code     0  libshutdown2.o(.ARM.Collect$$libshutdown$$0000000C)
    __rt_entry                               0x08000189   Thumb Code     0  __rtentry.o(.ARM.Collect$$rtentry$$00000000)
    __rt_entry_presh_1                       0x08000189   Thumb Code     0  __rtentry2.o(.ARM.Collect$$rtentry$$00000002)
    __rt_entry_sh                            0x08000189   Thumb Code     0  __rtentry4.o(.ARM.Collect$$rtentry$$00000004)
    __rt_entry_li                            0x0800018f   Thumb Code     0  __rtentry2.o(.ARM.Collect$$rtentry$$0000000A)
    __rt_entry_postsh_1                      0x0800018f   Thumb Code     0  __rtentry2.o(.ARM.Collect$$rtentry$$00000009)
    __rt_entry_main                          0x08000193   Thumb Code     0  __rtentry2.o(.ARM.Collect$$rtentry$$0000000D)
    __rt_entry_postli_1                      0x08000193   Thumb Code     0  __rtentry2.o(.ARM.Collect$$rtentry$$0000000C)
    __rt_exit                                0x0800019b   Thumb Code     0  rtexit.o(.ARM.Collect$$rtexit$$00000000)
    __rt_exit_ls                             0x0800019d   Thumb Code     0  rtexit2.o(.ARM.Collect$$rtexit$$00000003)
    __rt_exit_prels_1                        0x0800019d   Thumb Code     0  rtexit2.o(.ARM.Collect$$rtexit$$00000002)
    __rt_exit_exit                           0x080001a1   Thumb Code     0  rtexit2.o(.ARM.Collect$$rtexit$$00000004)
    Reset_Handler                            0x080001a9   Thumb Code     8  startup_stm32f10x_md.o(.text)
    ADC1_2_IRQHandler                        0x080001c3   Thumb Code     0  startup_stm32f10x_md.o(.text)
    CAN1_RX1_IRQHandler                      0x080001c3   Thumb Code     0  startup_stm32f10x_md.o(.text)
    CAN1_SCE_IRQHandler                      0x080001c3   Thumb Code     0  startup_stm32f10x_md.o(.text)
    DMA1_Channel1_IRQHandler                 0x080001c3   Thumb Code     0  startup_stm32f10x_md.o(.text)
    DMA1_Channel2_IRQHandler                 0x080001c3   Thumb Code     0  startup_stm32f10x_md.o(.text)
    DMA1_Channel3_IRQHandler                 0x080001c3   Thumb Code     0  startup_stm32f10x_md.o(.text)
    DMA1_Channel4_IRQHandler                 0x080001c3   Thumb Code     0  startup_stm32f10x_md.o(.text)
    DMA1_Channel5_IRQHandler                 0x080001c3   Thumb Code     0  startup_stm32f10x_md.o(.text)
    DMA1_Channel6_IRQHandler                 0x080001c3   Thumb Code     0  startup_stm32f10x_md.o(.text)
    DMA1_Channel7_IRQHandler                 0x080001c3   Thumb Code     0  startup_stm32f10x_md.o(.text)
    EXTI0_IRQHandler                         0x080001c3   Thumb Code     0  startup_stm32f10x_md.o(.text)
    EXTI15_10_IRQHandler                     0x080001c3   Thumb Code     0  startup_stm32f10x_md.o(.text)
    EXTI1_IRQHandler                         0x080001c3   Thumb Code     0  startup_stm32f10x_md.o(.text)
    EXTI2_IRQHandler                         0x080001c3   Thumb Code     0  startup_stm32f10x_md.o(.text)
    EXTI3_IRQHandler                         0x080001c3   Thumb Code     0  startup_stm32f10x_md.o(.text)
    EXTI4_IRQHandler                         0x080001c3   Thumb Code     0  startup_stm32f10x_md.o(.text)
    EXTI9_5_IRQHandler                       0x080001c3   Thumb Code     0  startup_stm32f10x_md.o(.text)
    FLASH_IRQHandler                         0x080001c3   Thumb Code     0  startup_stm32f10x_md.o(.text)
    I2C1_ER_IRQHandler                       0x080001c3   Thumb Code     0  startup_stm32f10x_md.o(.text)
    I2C1_EV_IRQHandler                       0x080001c3   Thumb Code     0  startup_stm32f10x_md.o(.text)
    I2C2_ER_IRQHandler                       0x080001c3   Thumb Code     0  startup_stm32f10x_md.o(.text)
    I2C2_EV_IRQHandler                       0x080001c3   Thumb Code     0  startup_stm32f10x_md.o(.text)
    PVD_IRQHandler                           0x080001c3   Thumb Code     0  startup_stm32f10x_md.o(.text)
    RCC_IRQHandler                           0x080001c3   Thumb Code     0  startup_stm32f10x_md.o(.text)
    RTCAlarm_IRQHandler                      0x080001c3   Thumb Code     0  startup_stm32f10x_md.o(.text)
    RTC_IRQHandler                           0x080001c3   Thumb Code     0  startup_stm32f10x_md.o(.text)
    SPI1_IRQHandler                          0x080001c3   Thumb Code     0  startup_stm32f10x_md.o(.text)
    SPI2_IRQHandler                          0x080001c3   Thumb Code     0  startup_stm32f10x_md.o(.text)
    TAMPER_IRQHandler                        0x080001c3   Thumb Code     0  startup_stm32f10x_md.o(.text)
    TIM1_BRK_IRQHandler                      0x080001c3   Thumb Code     0  startup_stm32f10x_md.o(.text)
    TIM1_CC_IRQHandler                       0x080001c3   Thumb Code     0  startup_stm32f10x_md.o(.text)
    TIM1_TRG_COM_IRQHandler                  0x080001c3   Thumb Code     0  startup_stm32f10x_md.o(.text)
    TIM1_UP_IRQHandler                       0x080001c3   Thumb Code     0  startup_stm32f10x_md.o(.text)
    TIM2_IRQHandler                          0x080001c3   Thumb Code     0  startup_stm32f10x_md.o(.text)
    TIM3_IRQHandler                          0x080001c3   Thumb Code     0  startup_stm32f10x_md.o(.text)
    TIM4_IRQHandler                          0x080001c3   Thumb Code     0  startup_stm32f10x_md.o(.text)
    USART2_IRQHandler                        0x080001c3   Thumb Code     0  startup_stm32f10x_md.o(.text)
    USART3_IRQHandler                        0x080001c3   Thumb Code     0  startup_stm32f10x_md.o(.text)
    USBWakeUp_IRQHandler                     0x080001c3   Thumb Code     0  startup_stm32f10x_md.o(.text)
    USB_HP_CAN1_TX_IRQHandler                0x080001c3   Thumb Code     0  startup_stm32f10x_md.o(.text)
    USB_LP_CAN1_RX0_IRQHandler               0x080001c3   Thumb Code     0  startup_stm32f10x_md.o(.text)
    WWDG_IRQHandler                          0x080001c3   Thumb Code     0  startup_stm32f10x_md.o(.text)
    __user_initial_stackheap                 0x080001c5   Thumb Code     0  startup_stm32f10x_md.o(.text)
    __2sprintf                               0x080001e9   Thumb Code    38  __2sprintf.o(.text)
    _printf_int_dec                          0x08000215   Thumb Code   104  _printf_dec.o(.text)
    __printf                                 0x0800028d   Thumb Code   388  __printf_flags_ss_wp.o(.text)
    __use_two_region_memory                  0x08000415   Thumb Code     2  heapauxi.o(.text)
    __rt_heap_escrow$2region                 0x08000417   Thumb Code     2  heapauxi.o(.text)
    __rt_heap_expand$2region                 0x08000419   Thumb Code     2  heapauxi.o(.text)
    _printf_int_common                       0x0800041b   Thumb Code   178  _printf_intcommon.o(.text)
    __lib_sel_fp_printf                      0x080004cd   Thumb Code     2  _printf_fp_dec.o(.text)
    _printf_fp_dec_real                      0x0800067f   Thumb Code   620  _printf_fp_dec.o(.text)
    _printf_char_common                      0x080008f7   Thumb Code    32  _printf_char_common.o(.text)
    _sputc                                   0x0800091d   Thumb Code    10  _sputc.o(.text)
    __rt_locale                              0x08000929   Thumb Code     8  rt_locale_intlibspace.o(.text)
    _ll_udiv10                               0x08000931   Thumb Code   138  lludiv10.o(.text)
    _printf_fp_infnan                        0x080009bd   Thumb Code   112  _printf_fp_infnan.o(.text)
    _btod_etento                             0x08000a3d   Thumb Code   224  bigflt0.o(.text)
    __user_libspace                          0x08000b21   Thumb Code     8  libspace.o(.text)
    __user_perproc_libspace                  0x08000b21   Thumb Code     0  libspace.o(.text)
    __user_perthread_libspace                0x08000b21   Thumb Code     0  libspace.o(.text)
    __user_setup_stackheap                   0x08000b29   Thumb Code    74  sys_stackheap_outer.o(.text)
    exit                                     0x08000b73   Thumb Code    18  exit.o(.text)
    strcmp                                   0x08000b85   Thumb Code   128  strcmpv7m.o(.text)
    _sys_exit                                0x08000c05   Thumb Code     8  sys_exit.o(.text)
    __I$use$semihosting                      0x08000c11   Thumb Code     0  use_no_semi.o(.text)
    __use_no_semihosting_swi                 0x08000c11   Thumb Code     2  use_no_semi.o(.text)
    __semihosting_library_function           0x08000c13   Thumb Code     0  indicate_semi.o(.text)
    _btod_d2e                                0x08000c13   Thumb Code    62  btod.o(CL$$btod_d2e)
    _d2e_denorm_low                          0x08000c51   Thumb Code    70  btod.o(CL$$btod_d2e_denorm_low)
    _d2e_norm_op1                            0x08000c97   Thumb Code    96  btod.o(CL$$btod_d2e_norm_op1)
    __btod_div_common                        0x08000cf7   Thumb Code   696  btod.o(CL$$btod_div_common)
    _e2e                                     0x0800102f   Thumb Code   220  btod.o(CL$$btod_e2e)
    _btod_ediv                               0x0800110b   Thumb Code    42  btod.o(CL$$btod_ediv)
    _btod_emul                               0x08001135   Thumb Code    42  btod.o(CL$$btod_emul)
    __btod_mult_common                       0x0800115f   Thumb Code   580  btod.o(CL$$btod_mult_common)
    ADC_Cmd                                  0x080013a3   Thumb Code    22  stm32f10x_adc.o(i.ADC_Cmd)
    ADC_GetCalibrationStatus                 0x080013b9   Thumb Code    20  stm32f10x_adc.o(i.ADC_GetCalibrationStatus)
    ADC_GetConversionValue                   0x080013cd   Thumb Code     8  stm32f10x_adc.o(i.ADC_GetConversionValue)
    ADC_GetFlagStatus                        0x080013d5   Thumb Code    18  stm32f10x_adc.o(i.ADC_GetFlagStatus)
    ADC_GetResetCalibrationStatus            0x080013e7   Thumb Code    20  stm32f10x_adc.o(i.ADC_GetResetCalibrationStatus)
    ADC_Init                                 0x080013fd   Thumb Code    70  stm32f10x_adc.o(i.ADC_Init)
    ADC_RegularChannelConfig                 0x0800144d   Thumb Code   184  stm32f10x_adc.o(i.ADC_RegularChannelConfig)
    ADC_ResetCalibration                     0x08001505   Thumb Code    10  stm32f10x_adc.o(i.ADC_ResetCalibration)
    ADC_SoftwareStartConvCmd                 0x0800150f   Thumb Code    22  stm32f10x_adc.o(i.ADC_SoftwareStartConvCmd)
    ADC_StartCalibration                     0x08001525   Thumb Code    10  stm32f10x_adc.o(i.ADC_StartCalibration)
    BusFault_Handler                         0x0800152f   Thumb Code     4  stm32f10x_it.o(i.BusFault_Handler)
    DebugMon_Handler                         0x08001533   Thumb Code     2  stm32f10x_it.o(i.DebugMon_Handler)
    Delay_ms                                 0x08001535   Thumb Code    24  delay.o(i.Delay_ms)
    Delay_us                                 0x0800154d   Thumb Code    46  delay.o(i.Delay_us)
    Display_Main                             0x0800157d   Thumb Code    48  oled_menu.o(i.Display_Main)
    Display_PID                              0x080015c1   Thumb Code   114  oled_menu.o(i.Display_PID)
    Display_Press                            0x08001661   Thumb Code    38  oled_menu.o(i.Display_Press)
    Display_Running                          0x080016b1   Thumb Code    88  oled_menu.o(i.Display_Running)
    Display_Speed                            0x08001739   Thumb Code    84  oled_menu.o(i.Display_Speed)
    Encoder_Get_L                            0x080017b5   Thumb Code    22  encoder.o(i.Encoder_Get_L)
    Encoder_Get_R                            0x080017d1   Thumb Code    22  encoder.o(i.Encoder_Get_R)
    GPIO_Init                                0x080017ed   Thumb Code   278  stm32f10x_gpio.o(i.GPIO_Init)
    GPIO_ReadInputDataBit                    0x08001903   Thumb Code    18  stm32f10x_gpio.o(i.GPIO_ReadInputDataBit)
    GPIO_ResetBits                           0x08001915   Thumb Code     4  stm32f10x_gpio.o(i.GPIO_ResetBits)
    GPIO_SetBits                             0x08001919   Thumb Code     4  stm32f10x_gpio.o(i.GPIO_SetBits)
    GPIO_WriteBit                            0x0800191d   Thumb Code    10  stm32f10x_gpio.o(i.GPIO_WriteBit)
    GetTime_ms                               0x08001929   Thumb Code     6  speed_pid.o(i.GetTime_ms)
    HardFault_Handler                        0x08001935   Thumb Code     4  stm32f10x_it.o(i.HardFault_Handler)
    Key_Scan                                 0x08001939   Thumb Code   302  oled_menu.o(i.Key_Scan)
    Measure_Speed                            0x08001a85   Thumb Code   196  speed_pid.o(i.Measure_Speed)
    MemManage_Handler                        0x08001b5d   Thumb Code     4  stm32f10x_it.o(i.MemManage_Handler)
    Motor1_Init                              0x08001b61   Thumb Code    44  motor.o(i.Motor1_Init)
    Motor1_SetSpeed                          0x08001b91   Thumb Code    66  motor.o(i.Motor1_SetSpeed)
    Motor2_Init                              0x08001bd9   Thumb Code    44  motor.o(i.Motor2_Init)
    Motor2_SetSpeed                          0x08001c09   Thumb Code    66  motor.o(i.Motor2_SetSpeed)
    Motor_SetSpeeds                          0x08001c51   Thumb Code    20  motor.o(i.Motor_SetSpeeds)
    NMI_Handler                              0x08001c65   Thumb Code     2  stm32f10x_it.o(i.NMI_Handler)
    OLED_Clear                               0x08001c67   Thumb Code    42  oled.o(i.OLED_Clear)
    OLED_I2C_Init                            0x08001c91   Thumb Code    76  oled.o(i.OLED_I2C_Init)
    OLED_I2C_SendByte                        0x08001ce1   Thumb Code    88  oled.o(i.OLED_I2C_SendByte)
    OLED_I2C_Start                           0x08001d3d   Thumb Code    48  oled.o(i.OLED_I2C_Start)
    OLED_I2C_Stop                            0x08001d71   Thumb Code    36  oled.o(i.OLED_I2C_Stop)
    OLED_Init                                0x08001d99   Thumb Code   174  oled.o(i.OLED_Init)
    OLED_Menu_Init                           0x08001e49   Thumb Code   106  oled_menu.o(i.OLED_Menu_Init)
    OLED_Menu_Process                        0x08001ed9   Thumb Code    58  oled_menu.o(i.OLED_Menu_Process)
    OLED_SetCursor                           0x08001f19   Thumb Code    34  oled.o(i.OLED_SetCursor)
    OLED_ShowChar                            0x08001f3d   Thumb Code   110  oled.o(i.OLED_ShowChar)
    OLED_ShowString                          0x08001fb1   Thumb Code    40  oled.o(i.OLED_ShowString)
    OLED_WriteCommand                        0x08001fd9   Thumb Code    32  oled.o(i.OLED_WriteCommand)
    OLED_WriteData                           0x08001ff9   Thumb Code    32  oled.o(i.OLED_WriteData)
    PWM_Init                                 0x08002019   Thumb Code   154  pwm.o(i.PWM_Init)
    PWM_SetCompare3                          0x080020b9   Thumb Code    16  pwm.o(i.PWM_SetCompare3)
    PWM_SetCompare4                          0x080020c9   Thumb Code    16  pwm.o(i.PWM_SetCompare4)
    PendSV_Handler                           0x080020d9   Thumb Code     2  stm32f10x_it.o(i.PendSV_Handler)
    RCC_ADCCLKConfig                         0x080020dd   Thumb Code    18  stm32f10x_rcc.o(i.RCC_ADCCLKConfig)
    RCC_APB1PeriphClockCmd                   0x080020f5   Thumb Code    26  stm32f10x_rcc.o(i.RCC_APB1PeriphClockCmd)
    RCC_APB2PeriphClockCmd                   0x08002115   Thumb Code    26  stm32f10x_rcc.o(i.RCC_APB2PeriphClockCmd)
    Read_Sensor                              0x08002135   Thumb Code    46  track.o(i.Read_Sensor)
    SVC_Handler                              0x08002169   Thumb Code     2  stm32f10x_it.o(i.SVC_Handler)
    Speed_PID_Calculate                      0x08002255   Thumb Code   270  speed_pid.o(i.Speed_PID_Calculate)
    Speed_PID_Init                           0x08002371   Thumb Code    86  speed_pid.o(i.Speed_PID_Init)
    Speed_PID_Update                         0x080023e5   Thumb Code    76  speed_pid.o(i.Speed_PID_Update)
    Speed_SetTarget                          0x08002441   Thumb Code    42  speed_pid.o(i.Speed_SetTarget)
    Speed_TrackingControl                    0x08002475   Thumb Code   254  speed_pid.o(i.Speed_TrackingControl)
    SysTick_Handler                          0x08002579   Thumb Code     2  stm32f10x_it.o(i.SysTick_Handler)
    SystemInit                               0x0800257d   Thumb Code    78  system_stm32f10x.o(i.SystemInit)
    TIM_Cmd                                  0x080025dd   Thumb Code    24  stm32f10x_tim.o(i.TIM_Cmd)
    TIM_GetCounter                           0x080025f5   Thumb Code     6  stm32f10x_tim.o(i.TIM_GetCounter)
    TIM_InternalClockConfig                  0x080025fb   Thumb Code    12  stm32f10x_tim.o(i.TIM_InternalClockConfig)
    TIM_OC3Init                              0x08002609   Thumb Code   150  stm32f10x_tim.o(i.TIM_OC3Init)
    TIM_OC4Init                              0x080026a9   Thumb Code   114  stm32f10x_tim.o(i.TIM_OC4Init)
    TIM_OCStructInit                         0x08002725   Thumb Code    20  stm32f10x_tim.o(i.TIM_OCStructInit)
    TIM_SetCompare3                          0x08002739   Thumb Code     4  stm32f10x_tim.o(i.TIM_SetCompare3)
    TIM_SetCompare4                          0x0800273d   Thumb Code     6  stm32f10x_tim.o(i.TIM_SetCompare4)
    TIM_SetCounter                           0x08002743   Thumb Code     4  stm32f10x_tim.o(i.TIM_SetCounter)
    TIM_TimeBaseInit                         0x08002749   Thumb Code   122  stm32f10x_tim.o(i.TIM_TimeBaseInit)
    Time_Increment                           0x080027ed   Thumb Code    36  speed_pid.o(i.Time_Increment)
    Track_GetStatus                          0x08002819   Thumb Code   164  track.o(i.Track_GetStatus)
    Track_Init                               0x080028c5   Thumb Code   154  track.o(i.Track_Init)
    USART1_IRQHandler                        0x0800296d   Thumb Code   140  serial.o(i.USART1_IRQHandler)
    USART_ClearITPendingBit                  0x08002a0d   Thumb Code    30  stm32f10x_usart.o(i.USART_ClearITPendingBit)
    USART_GetITStatus                        0x08002a2b   Thumb Code    84  stm32f10x_usart.o(i.USART_GetITStatus)
    USART_ReceiveData                        0x08002a7f   Thumb Code    10  stm32f10x_usart.o(i.USART_ReceiveData)
    UsageFault_Handler                       0x08002a89   Thumb Code     4  stm32f10x_it.o(i.UsageFault_Handler)
    __ARM_fpclassify                         0x08002a8d   Thumb Code    40  fpclassify.o(i.__ARM_fpclassify)
    _is_digit                                0x08002ab5   Thumb Code    14  __printf_wp.o(i._is_digit)
    main                                     0x08002ac5   Thumb Code    90  main.o(i.main)
    _get_lc_numeric                          0x08002b25   Thumb Code    44  lc_numeric_c.o(locale$$code)
    __fpl_dretinf                            0x08002b51   Thumb Code    12  dretinf.o(x$fpl$dretinf)
    __aeabi_f2d                              0x08002b5d   Thumb Code     0  f2d.o(x$fpl$f2d)
    _f2d                                     0x08002b5d   Thumb Code    86  f2d.o(x$fpl$f2d)
    __aeabi_fadd                             0x08002bb5   Thumb Code     0  faddsub_clz.o(x$fpl$fadd)
    _fadd                                    0x08002bb5   Thumb Code   196  faddsub_clz.o(x$fpl$fadd)
    __fpl_fcmp_Inf                           0x08002c79   Thumb Code    24  fcmpi.o(x$fpl$fcmpinf)
    __aeabi_fdiv                             0x08002c91   Thumb Code     0  fdiv.o(x$fpl$fdiv)
    _fdiv                                    0x08002c91   Thumb Code   384  fdiv.o(x$fpl$fdiv)
    __aeabi_cfcmpeq                          0x08002e15   Thumb Code     0  feqf.o(x$fpl$feqf)
    _fcmpeq                                  0x08002e15   Thumb Code   104  feqf.o(x$fpl$feqf)
    __aeabi_f2iz                             0x08002e7d   Thumb Code     0  ffix.o(x$fpl$ffix)
    _ffix                                    0x08002e7d   Thumb Code    54  ffix.o(x$fpl$ffix)
    __aeabi_i2f                              0x08002eb5   Thumb Code     0  fflt_clz.o(x$fpl$fflt)
    _fflt                                    0x08002eb5   Thumb Code    48  fflt_clz.o(x$fpl$fflt)
    __aeabi_ui2f                             0x08002ee5   Thumb Code     0  fflt_clz.o(x$fpl$ffltu)
    _ffltu                                   0x08002ee5   Thumb Code    38  fflt_clz.o(x$fpl$ffltu)
    __aeabi_cfcmple                          0x08002f0d   Thumb Code     0  fleqf.o(x$fpl$fleqf)
    _fcmple                                  0x08002f0d   Thumb Code   104  fleqf.o(x$fpl$fleqf)
    __fpl_fcmple_InfNaN                      0x08002f5f   Thumb Code     0  fleqf.o(x$fpl$fleqf)
    __aeabi_fmul                             0x08002f75   Thumb Code     0  fmul.o(x$fpl$fmul)
    _fmul                                    0x08002f75   Thumb Code   258  fmul.o(x$fpl$fmul)
    __fpl_fnaninf                            0x08003077   Thumb Code   140  fnaninf.o(x$fpl$fnaninf)
    __fpl_fretinf                            0x08003103   Thumb Code    10  fretinf.o(x$fpl$fretinf)
    __aeabi_cfrcmple                         0x0800310d   Thumb Code     0  frleqf.o(x$fpl$frleqf)
    _frcmple                                 0x0800310d   Thumb Code    98  frleqf.o(x$fpl$frleqf)
    __aeabi_fsub                             0x08003171   Thumb Code     0  faddsub_clz.o(x$fpl$fsub)
    _fsub                                    0x08003171   Thumb Code   234  faddsub_clz.o(x$fpl$fsub)
    _printf_fp_dec                           0x0800325b   Thumb Code     4  printf1.o(x$fpl$printf1)
    OLED_F8x16                               0x0800325e   Data        1520  oled.o(.constdata)
    __I$use$fp                               0x0800325e   Number         0  usenofp.o(x$fpl$usenofp)
    Region$$Table$$Base                      0x08003908   Number         0  anon$$obj.o(Region$$Table)
    Region$$Table$$Limit                     0x08003928   Number         0  anon$$obj.o(Region$$Table)
    Serial_RxData                            0x20000000   Data           1  serial.o(.data)
    Serial_RxFlag                            0x20000001   Data           1  serial.o(.data)
    TRACK_THRESHOLD                          0x20000004   Data           2  track.o(.data)
    sensor_states                            0x20000006   Data           4  track.o(.data)
    menu_state                               0x2000000c   Data           1  oled_menu.o(.data)
    menu_index                               0x2000000d   Data           1  oled_menu.o(.data)
    start_flag                               0x2000000e   Data           1  oled_menu.o(.data)
    pid_params                               0x20000010   Data          12  oled_menu.o(.data)
    speed_params                             0x2000002c   Data           3  speed_pid.o(.data)
    speed_left                               0x20000030   Data           2  speed_pid.o(.data)
    speed_right                              0x20000032   Data           2  speed_pid.o(.data)
    system_time                              0x20000034   Data           4  speed_pid.o(.data)
    Serial_RxPacket                          0x20000040   Data         100  serial.o(.bss)
    pid_left                                 0x200000a4   Data          44  speed_pid.o(.bss)
    pid_right                                0x200000d0   Data          44  speed_pid.o(.bss)
    __libspace_start                         0x200000fc   Data          96  libspace.o(.bss)
    __temporary_stack_top$libspace           0x2000015c   Data           0  libspace.o(.bss)



==============================================================================

Memory Map of the image

  Image Entry point : 0x080000ed

  Load Region LR_IROM1 (Base: 0x08000000, Size: 0x00003984, Max: 0x00010000, ABSOLUTE)

    Execution Region ER_IROM1 (Exec base: 0x08000000, Load base: 0x08000000, Size: 0x00003944, Max: 0x00010000, ABSOLUTE)

    Exec Addr    Load Addr    Size         Type   Attr      Idx    E Section Name        Object

    0x08000000   0x08000000   0x000000ec   Data   RO            3    RESET               startup_stm32f10x_md.o
    0x080000ec   0x080000ec   0x00000008   Code   RO         3989  * !!!main             c_w.l(__main.o)
    0x080000f4   0x080000f4   0x00000034   Code   RO         4351    !!!scatter          c_w.l(__scatter.o)
    0x08000128   0x08000128   0x0000001a   Code   RO         4353    !!handler_copy      c_w.l(__scatter_copy.o)
    0x08000142   0x08000142   0x00000002   PAD
    0x08000144   0x08000144   0x0000001c   Code   RO         4355    !!handler_zi        c_w.l(__scatter_zi.o)
    0x08000160   0x08000160   0x00000000   Code   RO         3986    .ARM.Collect$$_printf_percent$$00000000  c_w.l(_printf_percent.o)
    0x08000160   0x08000160   0x00000006   Code   RO         3985    .ARM.Collect$$_printf_percent$$00000003  c_w.l(_printf_f.o)
    0x08000166   0x08000166   0x00000006   Code   RO         3984    .ARM.Collect$$_printf_percent$$00000009  c_w.l(_printf_d.o)
    0x0800016c   0x0800016c   0x00000004   Code   RO         4105    .ARM.Collect$$_printf_percent$$00000017  c_w.l(_printf_percent_end.o)
    0x08000170   0x08000170   0x00000002   Code   RO         4221    .ARM.Collect$$libinit$$00000000  c_w.l(libinit.o)
    0x08000172   0x08000172   0x00000000   Code   RO         4223    .ARM.Collect$$libinit$$00000002  c_w.l(libinit2.o)
    0x08000172   0x08000172   0x00000000   Code   RO         4225    .ARM.Collect$$libinit$$00000004  c_w.l(libinit2.o)
    0x08000172   0x08000172   0x00000000   Code   RO         4228    .ARM.Collect$$libinit$$0000000A  c_w.l(libinit2.o)
    0x08000172   0x08000172   0x00000000   Code   RO         4230    .ARM.Collect$$libinit$$0000000C  c_w.l(libinit2.o)
    0x08000172   0x08000172   0x00000000   Code   RO         4232    .ARM.Collect$$libinit$$0000000E  c_w.l(libinit2.o)
    0x08000172   0x08000172   0x00000006   Code   RO         4233    .ARM.Collect$$libinit$$0000000F  c_w.l(libinit2.o)
    0x08000178   0x08000178   0x00000000   Code   RO         4235    .ARM.Collect$$libinit$$00000011  c_w.l(libinit2.o)
    0x08000178   0x08000178   0x00000000   Code   RO         4237    .ARM.Collect$$libinit$$00000013  c_w.l(libinit2.o)
    0x08000178   0x08000178   0x00000000   Code   RO         4239    .ARM.Collect$$libinit$$00000015  c_w.l(libinit2.o)
    0x08000178   0x08000178   0x0000000a   Code   RO         4240    .ARM.Collect$$libinit$$00000016  c_w.l(libinit2.o)
    0x08000182   0x08000182   0x00000000   Code   RO         4241    .ARM.Collect$$libinit$$00000017  c_w.l(libinit2.o)
    0x08000182   0x08000182   0x00000000   Code   RO         4243    .ARM.Collect$$libinit$$00000019  c_w.l(libinit2.o)
    0x08000182   0x08000182   0x00000000   Code   RO         4245    .ARM.Collect$$libinit$$0000001B  c_w.l(libinit2.o)
    0x08000182   0x08000182   0x00000000   Code   RO         4247    .ARM.Collect$$libinit$$0000001D  c_w.l(libinit2.o)
    0x08000182   0x08000182   0x00000000   Code   RO         4249    .ARM.Collect$$libinit$$0000001F  c_w.l(libinit2.o)
    0x08000182   0x08000182   0x00000000   Code   RO         4251    .ARM.Collect$$libinit$$00000021  c_w.l(libinit2.o)
    0x08000182   0x08000182   0x00000000   Code   RO         4253    .ARM.Collect$$libinit$$00000023  c_w.l(libinit2.o)
    0x08000182   0x08000182   0x00000000   Code   RO         4255    .ARM.Collect$$libinit$$00000025  c_w.l(libinit2.o)
    0x08000182   0x08000182   0x00000000   Code   RO         4259    .ARM.Collect$$libinit$$0000002C  c_w.l(libinit2.o)
    0x08000182   0x08000182   0x00000000   Code   RO         4261    .ARM.Collect$$libinit$$0000002E  c_w.l(libinit2.o)
    0x08000182   0x08000182   0x00000000   Code   RO         4263    .ARM.Collect$$libinit$$00000030  c_w.l(libinit2.o)
    0x08000182   0x08000182   0x00000000   Code   RO         4265    .ARM.Collect$$libinit$$00000032  c_w.l(libinit2.o)
    0x08000182   0x08000182   0x00000002   Code   RO         4266    .ARM.Collect$$libinit$$00000033  c_w.l(libinit2.o)
    0x08000184   0x08000184   0x00000002   Code   RO         4299    .ARM.Collect$$libshutdown$$00000000  c_w.l(libshutdown.o)
    0x08000186   0x08000186   0x00000000   Code   RO         4310    .ARM.Collect$$libshutdown$$00000002  c_w.l(libshutdown2.o)
    0x08000186   0x08000186   0x00000000   Code   RO         4312    .ARM.Collect$$libshutdown$$00000004  c_w.l(libshutdown2.o)
    0x08000186   0x08000186   0x00000000   Code   RO         4315    .ARM.Collect$$libshutdown$$00000007  c_w.l(libshutdown2.o)
    0x08000186   0x08000186   0x00000000   Code   RO         4318    .ARM.Collect$$libshutdown$$0000000A  c_w.l(libshutdown2.o)
    0x08000186   0x08000186   0x00000000   Code   RO         4320    .ARM.Collect$$libshutdown$$0000000C  c_w.l(libshutdown2.o)
    0x08000186   0x08000186   0x00000000   Code   RO         4323    .ARM.Collect$$libshutdown$$0000000F  c_w.l(libshutdown2.o)
    0x08000186   0x08000186   0x00000002   Code   RO         4324    .ARM.Collect$$libshutdown$$00000010  c_w.l(libshutdown2.o)
    0x08000188   0x08000188   0x00000000   Code   RO         4045    .ARM.Collect$$rtentry$$00000000  c_w.l(__rtentry.o)
    0x08000188   0x08000188   0x00000000   Code   RO         4137    .ARM.Collect$$rtentry$$00000002  c_w.l(__rtentry2.o)
    0x08000188   0x08000188   0x00000006   Code   RO         4149    .ARM.Collect$$rtentry$$00000004  c_w.l(__rtentry4.o)
    0x0800018e   0x0800018e   0x00000000   Code   RO         4139    .ARM.Collect$$rtentry$$00000009  c_w.l(__rtentry2.o)
    0x0800018e   0x0800018e   0x00000004   Code   RO         4140    .ARM.Collect$$rtentry$$0000000A  c_w.l(__rtentry2.o)
    0x08000192   0x08000192   0x00000000   Code   RO         4142    .ARM.Collect$$rtentry$$0000000C  c_w.l(__rtentry2.o)
    0x08000192   0x08000192   0x00000008   Code   RO         4143    .ARM.Collect$$rtentry$$0000000D  c_w.l(__rtentry2.o)
    0x0800019a   0x0800019a   0x00000002   Code   RO         4267    .ARM.Collect$$rtexit$$00000000  c_w.l(rtexit.o)
    0x0800019c   0x0800019c   0x00000000   Code   RO         4277    .ARM.Collect$$rtexit$$00000002  c_w.l(rtexit2.o)
    0x0800019c   0x0800019c   0x00000004   Code   RO         4278    .ARM.Collect$$rtexit$$00000003  c_w.l(rtexit2.o)
    0x080001a0   0x080001a0   0x00000006   Code   RO         4279    .ARM.Collect$$rtexit$$00000004  c_w.l(rtexit2.o)
    0x080001a6   0x080001a6   0x00000002   PAD
    0x080001a8   0x080001a8   0x00000040   Code   RO            4    .text               startup_stm32f10x_md.o
    0x080001e8   0x080001e8   0x0000002c   Code   RO         3956    .text               c_w.l(__2sprintf.o)
    0x08000214   0x08000214   0x00000078   Code   RO         3962    .text               c_w.l(_printf_dec.o)
    0x0800028c   0x0800028c   0x00000188   Code   RO         3981    .text               c_w.l(__printf_flags_ss_wp.o)
    0x08000414   0x08000414   0x00000006   Code   RO         3987    .text               c_w.l(heapauxi.o)
    0x0800041a   0x0800041a   0x000000b2   Code   RO         4052    .text               c_w.l(_printf_intcommon.o)
    0x080004cc   0x080004cc   0x0000041e   Code   RO         4056    .text               c_w.l(_printf_fp_dec.o)
    0x080008ea   0x080008ea   0x00000002   PAD
    0x080008ec   0x080008ec   0x00000030   Code   RO         4058    .text               c_w.l(_printf_char_common.o)
    0x0800091c   0x0800091c   0x0000000a   Code   RO         4060    .text               c_w.l(_sputc.o)
    0x08000926   0x08000926   0x00000002   PAD
    0x08000928   0x08000928   0x00000008   Code   RO         4154    .text               c_w.l(rt_locale_intlibspace.o)
    0x08000930   0x08000930   0x0000008a   Code   RO         4156    .text               c_w.l(lludiv10.o)
    0x080009ba   0x080009ba   0x00000002   PAD
    0x080009bc   0x080009bc   0x00000080   Code   RO         4161    .text               c_w.l(_printf_fp_infnan.o)
    0x08000a3c   0x08000a3c   0x000000e4   Code   RO         4169    .text               c_w.l(bigflt0.o)
    0x08000b20   0x08000b20   0x00000008   Code   RO         4205    .text               c_w.l(libspace.o)
    0x08000b28   0x08000b28   0x0000004a   Code   RO         4208    .text               c_w.l(sys_stackheap_outer.o)
    0x08000b72   0x08000b72   0x00000012   Code   RO         4212    .text               c_w.l(exit.o)
    0x08000b84   0x08000b84   0x00000080   Code   RO         4214    .text               c_w.l(strcmpv7m.o)
    0x08000c04   0x08000c04   0x0000000c   Code   RO         4289    .text               c_w.l(sys_exit.o)
    0x08000c10   0x08000c10   0x00000002   Code   RO         4300    .text               c_w.l(use_no_semi.o)
    0x08000c12   0x08000c12   0x00000000   Code   RO         4302    .text               c_w.l(indicate_semi.o)
    0x08000c12   0x08000c12   0x0000003e   Code   RO         4172    CL$$btod_d2e        c_w.l(btod.o)
    0x08000c50   0x08000c50   0x00000046   Code   RO         4174    CL$$btod_d2e_denorm_low  c_w.l(btod.o)
    0x08000c96   0x08000c96   0x00000060   Code   RO         4173    CL$$btod_d2e_norm_op1  c_w.l(btod.o)
    0x08000cf6   0x08000cf6   0x00000338   Code   RO         4182    CL$$btod_div_common  c_w.l(btod.o)
    0x0800102e   0x0800102e   0x000000dc   Code   RO         4179    CL$$btod_e2e        c_w.l(btod.o)
    0x0800110a   0x0800110a   0x0000002a   Code   RO         4176    CL$$btod_ediv       c_w.l(btod.o)
    0x08001134   0x08001134   0x0000002a   Code   RO         4175    CL$$btod_emul       c_w.l(btod.o)
    0x0800115e   0x0800115e   0x00000244   Code   RO         4181    CL$$btod_mult_common  c_w.l(btod.o)
    0x080013a2   0x080013a2   0x00000016   Code   RO          381    i.ADC_Cmd           stm32f10x_adc.o
    0x080013b8   0x080013b8   0x00000014   Code   RO          389    i.ADC_GetCalibrationStatus  stm32f10x_adc.o
    0x080013cc   0x080013cc   0x00000008   Code   RO          390    i.ADC_GetConversionValue  stm32f10x_adc.o
    0x080013d4   0x080013d4   0x00000012   Code   RO          392    i.ADC_GetFlagStatus  stm32f10x_adc.o
    0x080013e6   0x080013e6   0x00000014   Code   RO          395    i.ADC_GetResetCalibrationStatus  stm32f10x_adc.o
    0x080013fa   0x080013fa   0x00000002   PAD
    0x080013fc   0x080013fc   0x00000050   Code   RO          399    i.ADC_Init          stm32f10x_adc.o
    0x0800144c   0x0800144c   0x000000b8   Code   RO          403    i.ADC_RegularChannelConfig  stm32f10x_adc.o
    0x08001504   0x08001504   0x0000000a   Code   RO          404    i.ADC_ResetCalibration  stm32f10x_adc.o
    0x0800150e   0x0800150e   0x00000016   Code   RO          406    i.ADC_SoftwareStartConvCmd  stm32f10x_adc.o
    0x08001524   0x08001524   0x0000000a   Code   RO          408    i.ADC_StartCalibration  stm32f10x_adc.o
    0x0800152e   0x0800152e   0x00000004   Code   RO          250    i.BusFault_Handler  stm32f10x_it.o
    0x08001532   0x08001532   0x00000002   Code   RO          251    i.DebugMon_Handler  stm32f10x_it.o
    0x08001534   0x08001534   0x00000018   Code   RO         3843    i.Delay_ms          delay.o
    0x0800154c   0x0800154c   0x0000002e   Code   RO         3845    i.Delay_us          delay.o
    0x0800157a   0x0800157a   0x00000002   PAD
    0x0800157c   0x0800157c   0x00000044   Code   RO         3766    i.Display_Main      oled_menu.o
    0x080015c0   0x080015c0   0x000000a0   Code   RO         3767    i.Display_PID       oled_menu.o
    0x08001660   0x08001660   0x00000050   Code   RO         3768    i.Display_Press     oled_menu.o
    0x080016b0   0x080016b0   0x00000088   Code   RO         3769    i.Display_Running   oled_menu.o
    0x08001738   0x08001738   0x0000007c   Code   RO         3770    i.Display_Speed     oled_menu.o
    0x080017b4   0x080017b4   0x0000001c   Code   RO         3372    i.Encoder_Get_L     encoder.o
    0x080017d0   0x080017d0   0x0000001c   Code   RO         3373    i.Encoder_Get_R     encoder.o
    0x080017ec   0x080017ec   0x00000116   Code   RO         1523    i.GPIO_Init         stm32f10x_gpio.o
    0x08001902   0x08001902   0x00000012   Code   RO         1527    i.GPIO_ReadInputDataBit  stm32f10x_gpio.o
    0x08001914   0x08001914   0x00000004   Code   RO         1530    i.GPIO_ResetBits    stm32f10x_gpio.o
    0x08001918   0x08001918   0x00000004   Code   RO         1531    i.GPIO_SetBits      stm32f10x_gpio.o
    0x0800191c   0x0800191c   0x0000000a   Code   RO         1534    i.GPIO_WriteBit     stm32f10x_gpio.o
    0x08001926   0x08001926   0x00000002   PAD
    0x08001928   0x08001928   0x0000000c   Code   RO         3879    i.GetTime_ms        speed_pid.o
    0x08001934   0x08001934   0x00000004   Code   RO          252    i.HardFault_Handler  stm32f10x_it.o
    0x08001938   0x08001938   0x0000014c   Code   RO         3771    i.Key_Scan          oled_menu.o
    0x08001a84   0x08001a84   0x000000d8   Code   RO         3880    i.Measure_Speed     speed_pid.o
    0x08001b5c   0x08001b5c   0x00000004   Code   RO          253    i.MemManage_Handler  stm32f10x_it.o
    0x08001b60   0x08001b60   0x00000030   Code   RO         3402    i.Motor1_Init       motor.o
    0x08001b90   0x08001b90   0x00000048   Code   RO         3403    i.Motor1_SetSpeed   motor.o
    0x08001bd8   0x08001bd8   0x00000030   Code   RO         3404    i.Motor2_Init       motor.o
    0x08001c08   0x08001c08   0x00000048   Code   RO         3405    i.Motor2_SetSpeed   motor.o
    0x08001c50   0x08001c50   0x00000014   Code   RO         3406    i.Motor_SetSpeeds   motor.o
    0x08001c64   0x08001c64   0x00000002   Code   RO          254    i.NMI_Handler       stm32f10x_it.o
    0x08001c66   0x08001c66   0x0000002a   Code   RO         3444    i.OLED_Clear        oled.o
    0x08001c90   0x08001c90   0x00000050   Code   RO         3445    i.OLED_I2C_Init     oled.o
    0x08001ce0   0x08001ce0   0x0000005c   Code   RO         3446    i.OLED_I2C_SendByte  oled.o
    0x08001d3c   0x08001d3c   0x00000034   Code   RO         3447    i.OLED_I2C_Start    oled.o
    0x08001d70   0x08001d70   0x00000028   Code   RO         3448    i.OLED_I2C_Stop     oled.o
    0x08001d98   0x08001d98   0x000000ae   Code   RO         3449    i.OLED_Init         oled.o
    0x08001e46   0x08001e46   0x00000002   PAD
    0x08001e48   0x08001e48   0x00000090   Code   RO         3772    i.OLED_Menu_Init    oled_menu.o
    0x08001ed8   0x08001ed8   0x00000040   Code   RO         3773    i.OLED_Menu_Process  oled_menu.o
    0x08001f18   0x08001f18   0x00000022   Code   RO         3452    i.OLED_SetCursor    oled.o
    0x08001f3a   0x08001f3a   0x00000002   PAD
    0x08001f3c   0x08001f3c   0x00000074   Code   RO         3454    i.OLED_ShowChar     oled.o
    0x08001fb0   0x08001fb0   0x00000028   Code   RO         3459    i.OLED_ShowString   oled.o
    0x08001fd8   0x08001fd8   0x00000020   Code   RO         3460    i.OLED_WriteCommand  oled.o
    0x08001ff8   0x08001ff8   0x00000020   Code   RO         3461    i.OLED_WriteData    oled.o
    0x08002018   0x08002018   0x000000a0   Code   RO         3581    i.PWM_Init          pwm.o
    0x080020b8   0x080020b8   0x00000010   Code   RO         3582    i.PWM_SetCompare3   pwm.o
    0x080020c8   0x080020c8   0x00000010   Code   RO         3583    i.PWM_SetCompare4   pwm.o
    0x080020d8   0x080020d8   0x00000002   Code   RO          255    i.PendSV_Handler    stm32f10x_it.o
    0x080020da   0x080020da   0x00000002   PAD
    0x080020dc   0x080020dc   0x00000018   Code   RO         1949    i.RCC_ADCCLKConfig  stm32f10x_rcc.o
    0x080020f4   0x080020f4   0x00000020   Code   RO         1951    i.RCC_APB1PeriphClockCmd  stm32f10x_rcc.o
    0x08002114   0x08002114   0x00000020   Code   RO         1953    i.RCC_APB2PeriphClockCmd  stm32f10x_rcc.o
    0x08002134   0x08002134   0x00000034   Code   RO         3727    i.Read_Sensor       track.o
    0x08002168   0x08002168   0x00000002   Code   RO          256    i.SVC_Handler       stm32f10x_it.o
    0x0800216a   0x0800216a   0x00000008   Code   RO           24    i.SetSysClock       system_stm32f10x.o
    0x08002172   0x08002172   0x00000002   PAD
    0x08002174   0x08002174   0x000000e0   Code   RO           25    i.SetSysClockTo72   system_stm32f10x.o
    0x08002254   0x08002254   0x0000011c   Code   RO         3881    i.Speed_PID_Calculate  speed_pid.o
    0x08002370   0x08002370   0x00000074   Code   RO         3882    i.Speed_PID_Init    speed_pid.o
    0x080023e4   0x080023e4   0x0000005c   Code   RO         3884    i.Speed_PID_Update  speed_pid.o
    0x08002440   0x08002440   0x00000034   Code   RO         3885    i.Speed_SetTarget   speed_pid.o
    0x08002474   0x08002474   0x00000104   Code   RO         3886    i.Speed_TrackingControl  speed_pid.o
    0x08002578   0x08002578   0x00000002   Code   RO          257    i.SysTick_Handler   stm32f10x_it.o
    0x0800257a   0x0800257a   0x00000002   PAD
    0x0800257c   0x0800257c   0x00000060   Code   RO           27    i.SystemInit        system_stm32f10x.o
    0x080025dc   0x080025dc   0x00000018   Code   RO         2597    i.TIM_Cmd           stm32f10x_tim.o
    0x080025f4   0x080025f4   0x00000006   Code   RO         2616    i.TIM_GetCounter    stm32f10x_tim.o
    0x080025fa   0x080025fa   0x0000000c   Code   RO         2624    i.TIM_InternalClockConfig  stm32f10x_tim.o
    0x08002606   0x08002606   0x00000002   PAD
    0x08002608   0x08002608   0x000000a0   Code   RO         2636    i.TIM_OC3Init       stm32f10x_tim.o
    0x080026a8   0x080026a8   0x0000007c   Code   RO         2641    i.TIM_OC4Init       stm32f10x_tim.o
    0x08002724   0x08002724   0x00000014   Code   RO         2644    i.TIM_OCStructInit  stm32f10x_tim.o
    0x08002738   0x08002738   0x00000004   Code   RO         2660    i.TIM_SetCompare3   stm32f10x_tim.o
    0x0800273c   0x0800273c   0x00000006   Code   RO         2661    i.TIM_SetCompare4   stm32f10x_tim.o
    0x08002742   0x08002742   0x00000004   Code   RO         2662    i.TIM_SetCounter    stm32f10x_tim.o
    0x08002746   0x08002746   0x00000002   PAD
    0x08002748   0x08002748   0x000000a4   Code   RO         2668    i.TIM_TimeBaseInit  stm32f10x_tim.o
    0x080027ec   0x080027ec   0x0000002c   Code   RO         3887    i.Time_Increment    speed_pid.o
    0x08002818   0x08002818   0x000000ac   Code   RO         3728    i.Track_GetStatus   track.o
    0x080028c4   0x080028c4   0x000000a8   Code   RO         3729    i.Track_Init        track.o
    0x0800296c   0x0800296c   0x000000a0   Code   RO         3614    i.USART1_IRQHandler  serial.o
    0x08002a0c   0x08002a0c   0x0000001e   Code   RO         3133    i.USART_ClearITPendingBit  stm32f10x_usart.o
    0x08002a2a   0x08002a2a   0x00000054   Code   RO         3140    i.USART_GetITStatus  stm32f10x_usart.o
    0x08002a7e   0x08002a7e   0x0000000a   Code   RO         3150    i.USART_ReceiveData  stm32f10x_usart.o
    0x08002a88   0x08002a88   0x00000004   Code   RO          258    i.UsageFault_Handler  stm32f10x_it.o
    0x08002a8c   0x08002a8c   0x00000028   Code   RO         4203    i.__ARM_fpclassify  m_ws.l(fpclassify.o)
    0x08002ab4   0x08002ab4   0x0000000e   Code   RO         3974    i._is_digit         c_w.l(__printf_wp.o)
    0x08002ac2   0x08002ac2   0x00000002   PAD
    0x08002ac4   0x08002ac4   0x00000060   Code   RO          137    i.main              main.o
    0x08002b24   0x08002b24   0x0000002c   Code   RO         4197    locale$$code        c_w.l(lc_numeric_c.o)
    0x08002b50   0x08002b50   0x0000000c   Code   RO         4119    x$fpl$dretinf       fz_ws.l(dretinf.o)
    0x08002b5c   0x08002b5c   0x00000056   Code   RO         4011    x$fpl$f2d           fz_ws.l(f2d.o)
    0x08002bb2   0x08002bb2   0x00000002   PAD
    0x08002bb4   0x08002bb4   0x000000c4   Code   RO         4013    x$fpl$fadd          fz_ws.l(faddsub_clz.o)
    0x08002c78   0x08002c78   0x00000018   Code   RO         4123    x$fpl$fcmpinf       fz_ws.l(fcmpi.o)
    0x08002c90   0x08002c90   0x00000184   Code   RO         4020    x$fpl$fdiv          fz_ws.l(fdiv.o)
    0x08002e14   0x08002e14   0x00000068   Code   RO         4023    x$fpl$feqf          fz_ws.l(feqf.o)
    0x08002e7c   0x08002e7c   0x00000036   Code   RO         4025    x$fpl$ffix          fz_ws.l(ffix.o)
    0x08002eb2   0x08002eb2   0x00000002   PAD
    0x08002eb4   0x08002eb4   0x00000030   Code   RO         4030    x$fpl$fflt          fz_ws.l(fflt_clz.o)
    0x08002ee4   0x08002ee4   0x00000026   Code   RO         4029    x$fpl$ffltu         fz_ws.l(fflt_clz.o)
    0x08002f0a   0x08002f0a   0x00000002   PAD
    0x08002f0c   0x08002f0c   0x00000068   Code   RO         4035    x$fpl$fleqf         fz_ws.l(fleqf.o)
    0x08002f74   0x08002f74   0x00000102   Code   RO         4037    x$fpl$fmul          fz_ws.l(fmul.o)
    0x08003076   0x08003076   0x0000008c   Code   RO         4125    x$fpl$fnaninf       fz_ws.l(fnaninf.o)
    0x08003102   0x08003102   0x0000000a   Code   RO         4127    x$fpl$fretinf       fz_ws.l(fretinf.o)
    0x0800310c   0x0800310c   0x00000062   Code   RO         4039    x$fpl$frleqf        fz_ws.l(frleqf.o)
    0x0800316e   0x0800316e   0x00000002   PAD
    0x08003170   0x08003170   0x000000ea   Code   RO         4015    x$fpl$fsub          fz_ws.l(faddsub_clz.o)
    0x0800325a   0x0800325a   0x00000004   Code   RO         4041    x$fpl$printf1       fz_ws.l(printf1.o)
    0x0800325e   0x0800325e   0x00000000   Code   RO         4135    x$fpl$usenofp       fz_ws.l(usenofp.o)
    0x0800325e   0x0800325e   0x000005f0   Data   RO         3462    .constdata          oled.o
    0x0800384e   0x0800384e   0x00000011   Data   RO         3982    .constdata          c_w.l(__printf_flags_ss_wp.o)
    0x0800385f   0x0800385f   0x00000001   PAD
    0x08003860   0x08003860   0x00000094   Data   RO         4170    .constdata          c_w.l(bigflt0.o)
    0x080038f4   0x080038f4   0x00000012   Data   RO         3774    .conststring        oled_menu.o
    0x08003906   0x08003906   0x00000002   PAD
    0x08003908   0x08003908   0x00000020   Data   RO         4349    Region$$Table       anon$$obj.o
    0x08003928   0x08003928   0x0000001c   Data   RO         4196    locale$$data        c_w.l(lc_numeric_c.o)


    Execution Region RW_IRAM1 (Exec base: 0x20000000, Load base: 0x08003944, Size: 0x00000760, Max: 0x00005000, ABSOLUTE)

    Exec Addr    Load Addr    Size         Type   Attr      Idx    E Section Name        Object

    0x20000000   0x08003944   0x00000004   Data   RW         3617    .data               serial.o
    0x20000004   0x08003948   0x00000006   Data   RW         3731    .data               track.o
    0x2000000a   0x0800394e   0x00000002   PAD
    0x2000000c   0x08003950   0x00000020   Data   RW         3775    .data               oled_menu.o
    0x2000002c   0x08003970   0x00000014   Data   RW         3889    .data               speed_pid.o
    0x20000040        -       0x00000064   Zero   RW         3616    .bss                serial.o
    0x200000a4        -       0x00000058   Zero   RW         3888    .bss                speed_pid.o
    0x200000fc        -       0x00000060   Zero   RW         4206    .bss                c_w.l(libspace.o)
    0x2000015c   0x08003984   0x00000004   PAD
    0x20000160        -       0x00000200   Zero   RW            2    HEAP                startup_stm32f10x_md.o
    0x20000360        -       0x00000400   Zero   RW            1    STACK               startup_stm32f10x_md.o


==============================================================================

Image component sizes


      Code (inc. data)   RO Data    RW Data    ZI Data      Debug   Object Name

         0          0          0          0          0       4500   core_cm3.o
        70          0          0          0          0        898   delay.o
        56         12          0          0          0        952   encoder.o
        96          6          0          0          0     220183   main.o
       260         20          0          0          0       2506   motor.o
       734         22       1520          0          0       6167   oled.o
      1108        276         18         32          0       5153   oled_menu.o
       192          6          0          0          0       1555   pwm.o
       160         20          0          4        100       1282   serial.o
      1076        126          0         20         88       6251   speed_pid.o
        64         26        236          0       1536        804   startup_stm32f10x_md.o
       394         10          0          0          0      16481   stm32f10x_adc.o
       314          0          0          0          0      12244   stm32f10x_gpio.o
        26          0          0          0          0     205290   stm32f10x_it.o
        88         18          0          0          0       1549   stm32f10x_rcc.o
       524         62          0          0          0      26072   stm32f10x_tim.o
       124          0          0          0          0       9158   stm32f10x_usart.o
       328         28          0          0          0      30401   system_stm32f10x.o
       392         28          0          6          0       2601   track.o

    ----------------------------------------------------------------------
      6026        660       1808         64       1724     554047   Object Totals
         0          0         32          0          0          0   (incl. Generated)
        20          0          2          2          0          0   (incl. Padding)

    ----------------------------------------------------------------------

      Code (inc. data)   RO Data    RW Data    ZI Data      Debug   Library Member Name

        44          6          0          0          0         84   __2sprintf.o
         8          0          0          0          0         68   __main.o
       392          4         17          0          0         92   __printf_flags_ss_wp.o
        14          0          0          0          0         68   __printf_wp.o
         0          0          0          0          0          0   __rtentry.o
        12          0          0          0          0          0   __rtentry2.o
         6          0          0          0          0          0   __rtentry4.o
        52          8          0          0          0          0   __scatter.o
        26          0          0          0          0          0   __scatter_copy.o
        28          0          0          0          0          0   __scatter_zi.o
        48          6          0          0          0         96   _printf_char_common.o
         6          0          0          0          0          0   _printf_d.o
       120         16          0          0          0         92   _printf_dec.o
         6          0          0          0          0          0   _printf_f.o
      1054          0          0          0          0        216   _printf_fp_dec.o
       128         16          0          0          0         84   _printf_fp_infnan.o
       178          0          0          0          0         88   _printf_intcommon.o
         0          0          0          0          0          0   _printf_percent.o
         4          0          0          0          0          0   _printf_percent_end.o
        10          0          0          0          0         68   _sputc.o
       228          4        148          0          0         96   bigflt0.o
      1936        128          0          0          0        672   btod.o
        18          0          0          0          0         80   exit.o
         6          0          0          0          0        152   heapauxi.o
         0          0          0          0          0          0   indicate_semi.o
        44         10         28          0          0         76   lc_numeric_c.o
         2          0          0          0          0          0   libinit.o
        18          0          0          0          0          0   libinit2.o
         2          0          0          0          0          0   libshutdown.o
         2          0          0          0          0          0   libshutdown2.o
         8          4          0          0         96         68   libspace.o
       138          0          0          0          0         80   lludiv10.o
         8          4          0          0          0         68   rt_locale_intlibspace.o
         2          0          0          0          0          0   rtexit.o
        10          0          0          0          0          0   rtexit2.o
       128          0          0          0          0         68   strcmpv7m.o
        12          4          0          0          0         68   sys_exit.o
        74          0          0          0          0         80   sys_stackheap_outer.o
         2          0          0          0          0         68   use_no_semi.o
        12          0          0          0          0         68   dretinf.o
        86          4          0          0          0         84   f2d.o
       430          8          0          0          0        168   faddsub_clz.o
        24          0          0          0          0         68   fcmpi.o
       388         76          0          0          0         96   fdiv.o
       104          4          0          0          0         84   feqf.o
        54          4          0          0          0         84   ffix.o
        86          0          0          0          0        136   fflt_clz.o
       104          4          0          0          0         84   fleqf.o
       258          4          0          0          0         84   fmul.o
       140          4          0          0          0         84   fnaninf.o
        10          0          0          0          0         68   fretinf.o
        98          0          0          0          0         68   frleqf.o
         4          0          0          0          0         68   printf1.o
         0          0          0          0          0          0   usenofp.o
        40          0          0          0          0         68   fpclassify.o

    ----------------------------------------------------------------------
      6632        318        194          0        100       3844   Library Totals
        20          0          1          0          4          0   (incl. Padding)

    ----------------------------------------------------------------------

      Code (inc. data)   RO Data    RW Data    ZI Data      Debug   Library Name

      4774        210        193          0         96       2532   c_w.l
      1798        108          0          0          0       1244   fz_ws.l
        40          0          0          0          0         68   m_ws.l

    ----------------------------------------------------------------------
      6632        318        194          0        100       3844   Library Totals

    ----------------------------------------------------------------------

==============================================================================


      Code (inc. data)   RO Data    RW Data    ZI Data      Debug   

     12658        978       2002         64       1824     551387   Grand Totals
     12658        978       2002         64       1824     551387   ELF Image Totals
     12658        978       2002         64          0          0   ROM Totals

==============================================================================

    Total RO  Size (Code + RO Data)                14660 (  14.32kB)
    Total RW  Size (RW Data + ZI Data)              1888 (   1.84kB)
    Total ROM Size (Code + RO Data + RW Data)      14724 (  14.38kB)

==============================================================================

