Component: ARM Compiler 5.06 update 5 (build 528) Tool: armlink [4d35e2]

==============================================================================

Section Cross References

    startup_stm32f10x_md.o(STACK) refers (Special) to heapauxi.o(.text) for __use_two_region_memory
    startup_stm32f10x_md.o(HEAP) refers (Special) to heapauxi.o(.text) for __use_two_region_memory
    startup_stm32f10x_md.o(RESET) refers (Special) to heapauxi.o(.text) for __use_two_region_memory
    startup_stm32f10x_md.o(RESET) refers to startup_stm32f10x_md.o(STACK) for __initial_sp
    startup_stm32f10x_md.o(RESET) refers to startup_stm32f10x_md.o(.text) for Reset_Handler
    startup_stm32f10x_md.o(RESET) refers to stm32f10x_it.o(i.NMI_Handler) for NMI_Handler
    startup_stm32f10x_md.o(RESET) refers to stm32f10x_it.o(i.HardFault_Handler) for HardFault_Handler
    startup_stm32f10x_md.o(RESET) refers to stm32f10x_it.o(i.MemManage_Handler) for MemManage_Handler
    startup_stm32f10x_md.o(RESET) refers to stm32f10x_it.o(i.BusFault_Handler) for BusFault_Handler
    startup_stm32f10x_md.o(RESET) refers to stm32f10x_it.o(i.UsageFault_Handler) for UsageFault_Handler
    startup_stm32f10x_md.o(RESET) refers to stm32f10x_it.o(i.SVC_Handler) for SVC_Handler
    startup_stm32f10x_md.o(RESET) refers to stm32f10x_it.o(i.DebugMon_Handler) for DebugMon_Handler
    startup_stm32f10x_md.o(RESET) refers to stm32f10x_it.o(i.PendSV_Handler) for PendSV_Handler
    startup_stm32f10x_md.o(RESET) refers to stm32f10x_it.o(i.SysTick_Handler) for SysTick_Handler
    startup_stm32f10x_md.o(RESET) refers to serial.o(i.USART1_IRQHandler) for USART1_IRQHandler
    startup_stm32f10x_md.o(.text) refers (Special) to heapauxi.o(.text) for __use_two_region_memory
    startup_stm32f10x_md.o(.text) refers to system_stm32f10x.o(i.SystemInit) for SystemInit
    startup_stm32f10x_md.o(.text) refers to __main.o(!!!main) for __main
    startup_stm32f10x_md.o(.text) refers to startup_stm32f10x_md.o(HEAP) for Heap_Mem
    startup_stm32f10x_md.o(.text) refers to startup_stm32f10x_md.o(STACK) for Stack_Mem
    system_stm32f10x.o(i.SetSysClock) refers to system_stm32f10x.o(i.SetSysClockTo72) for SetSysClockTo72
    system_stm32f10x.o(i.SystemCoreClockUpdate) refers to system_stm32f10x.o(.data) for SystemCoreClock
    system_stm32f10x.o(i.SystemInit) refers to system_stm32f10x.o(i.SetSysClock) for SetSysClock
    main.o(i.main) refers to system_stm32f10x.o(i.SystemInit) for SystemInit
    main.o(i.main) refers to motor.o(i.Motor_Init) for Motor_Init
    main.o(i.main) refers to menu.o(i.Menu_Init) for Menu_Init
    main.o(i.main) refers to speed.o(i.Speed_PID_Init) for Speed_PID_Init
    main.o(i.main) refers to track.o(i.Track_Init) for Track_Init
    main.o(i.main) refers to menu.o(i.Menu_Process) for Menu_Process
    main.o(i.main) refers to track.o(i.Track_GetStatus) for Track_GetStatus
    main.o(i.main) refers to speed.o(i.Speed_TrackingControl) for Speed_TrackingControl
    main.o(i.main) refers to speed.o(i.Speed_PID_Update) for Speed_PID_Update
    main.o(i.main) refers to delay.o(i.Delay_ms) for Delay_ms
    main.o(i.main) refers to main.o(.data) for start_flag
    stm32f10x_adc.o(i.ADC_DeInit) refers to stm32f10x_rcc.o(i.RCC_APB2PeriphResetCmd) for RCC_APB2PeriphResetCmd
    stm32f10x_bkp.o(i.BKP_DeInit) refers to stm32f10x_rcc.o(i.RCC_BackupResetCmd) for RCC_BackupResetCmd
    stm32f10x_can.o(i.CAN_DeInit) refers to stm32f10x_rcc.o(i.RCC_APB1PeriphResetCmd) for RCC_APB1PeriphResetCmd
    stm32f10x_can.o(i.CAN_GetITStatus) refers to stm32f10x_can.o(i.CheckITStatus) for CheckITStatus
    stm32f10x_cec.o(i.CEC_DeInit) refers to stm32f10x_rcc.o(i.RCC_APB1PeriphResetCmd) for RCC_APB1PeriphResetCmd
    stm32f10x_dac.o(i.DAC_DeInit) refers to stm32f10x_rcc.o(i.RCC_APB1PeriphResetCmd) for RCC_APB1PeriphResetCmd
    stm32f10x_flash.o(i.FLASH_EnableWriteProtection) refers to stm32f10x_flash.o(i.FLASH_WaitForLastOperation) for FLASH_WaitForLastOperation
    stm32f10x_flash.o(i.FLASH_EraseAllBank1Pages) refers to stm32f10x_flash.o(i.FLASH_WaitForLastBank1Operation) for FLASH_WaitForLastBank1Operation
    stm32f10x_flash.o(i.FLASH_EraseAllPages) refers to stm32f10x_flash.o(i.FLASH_WaitForLastOperation) for FLASH_WaitForLastOperation
    stm32f10x_flash.o(i.FLASH_EraseOptionBytes) refers to stm32f10x_flash.o(i.FLASH_GetReadOutProtectionStatus) for FLASH_GetReadOutProtectionStatus
    stm32f10x_flash.o(i.FLASH_EraseOptionBytes) refers to stm32f10x_flash.o(i.FLASH_WaitForLastOperation) for FLASH_WaitForLastOperation
    stm32f10x_flash.o(i.FLASH_ErasePage) refers to stm32f10x_flash.o(i.FLASH_WaitForLastOperation) for FLASH_WaitForLastOperation
    stm32f10x_flash.o(i.FLASH_ProgramHalfWord) refers to stm32f10x_flash.o(i.FLASH_WaitForLastOperation) for FLASH_WaitForLastOperation
    stm32f10x_flash.o(i.FLASH_ProgramOptionByteData) refers to stm32f10x_flash.o(i.FLASH_WaitForLastOperation) for FLASH_WaitForLastOperation
[...]
    ../clib/printf.c                         0x00000000   Number         0  _sputc.o ABSOLUTE
    ../clib/printf.c                         0x00000000   Number         0  _printf_char_common.o ABSOLUTE
    ../clib/printf.c                         0x00000000   Number         0  _printf_fp_infnan.o ABSOLUTE
    ../clib/printf.c                         0x00000000   Number         0  _printf_fp_dec.o ABSOLUTE
    ../clib/printf.c                         0x00000000   Number         0  _printf_fp_hex.o ABSOLUTE
    ../clib/printf.c                         0x00000000   Number         0  _printf_charcount.o ABSOLUTE
    ../clib/printf.c                         0x00000000   Number         0  vsprintf.o ABSOLUTE
    ../clib/printf.c                         0x00000000   Number         0  _printf_intcommon.o ABSOLUTE
    ../clib/printf.c                         0x00000000   Number         0  __2sprintf.o ABSOLUTE
    ../clib/printf.c                         0x00000000   Number         0  noretval__2sprintf.o ABSOLUTE
    ../clib/printf.c                         0x00000000   Number         0  __printf.o ABSOLUTE
    ../clib/printf.c                         0x00000000   Number         0  __printf_flags.o ABSOLUTE
    ../clib/printf.c                         0x00000000   Number         0  __printf_ss.o ABSOLUTE
    ../clib/printf.c                         0x00000000   Number         0  __printf_flags_ss.o ABSOLUTE
    ../clib/printf.c                         0x00000000   Number         0  __printf_wp.o ABSOLUTE
    ../clib/printf.c                         0x00000000   Number         0  __printf_flags_wp.o ABSOLUTE
    ../clib/printf.c                         0x00000000   Number         0  __printf_ss_wp.o ABSOLUTE
    ../clib/printf.c                         0x00000000   Number         0  __printf_flags_ss_wp.o ABSOLUTE
    ../clib/printf_percent.s                 0x00000000   Number         0  _printf_x.o ABSOLUTE
    ../clib/printf_percent.s                 0x00000000   Number         0  _printf_i.o ABSOLUTE
    ../clib/printf_percent.s                 0x00000000   Number         0  _printf_l.o ABSOLUTE
    ../clib/printf_percent.s                 0x00000000   Number         0  _printf_u.o ABSOLUTE
    ../clib/printf_percent.s                 0x00000000   Number         0  _printf_e.o ABSOLUTE
    ../clib/printf_percent.s                 0x00000000   Number         0  _printf_g.o ABSOLUTE
    ../clib/printf_percent.s                 0x00000000   Number         0  _printf_a.o ABSOLUTE
    ../clib/printf_percent.s                 0x00000000   Number         0  _printf_percent_end.o ABSOLUTE
    ../clib/printf_percent.s                 0x00000000   Number         0  _printf_lc.o ABSOLUTE
    ../clib/printf_percent.s                 0x00000000   Number         0  _printf_lli.o ABSOLUTE
    ../clib/printf_percent.s                 0x00000000   Number         0  _printf_llu.o ABSOLUTE
    ../clib/printf_percent.s                 0x00000000   Number         0  _printf_ls.o ABSOLUTE
    ../clib/printf_percent.s                 0x00000000   Number         0  _printf_llo.o ABSOLUTE
    ../clib/printf_percent.s                 0x00000000   Number         0  _printf_llx.o ABSOLUTE
    ../clib/printf_percent.s                 0x00000000   Number         0  _printf_lld.o ABSOLUTE
    ../clib/printf_percent.s                 0x00000000   Number         0  _printf_ll.o ABSOLUTE
    ../clib/printf_percent.s                 0x00000000   Number         0  _printf_percent.o ABSOLUTE
    ../clib/printf_percent.s                 0x00000000   Number         0  _printf_f.o ABSOLUTE
    ../clib/printf_percent.s                 0x00000000   Number         0  _printf_c.o ABSOLUTE
    ../clib/printf_percent.s                 0x00000000   Number         0  _printf_d.o ABSOLUTE
    ../clib/printf_percent.s                 0x00000000   Number         0  _printf_s.o ABSOLUTE
    ../clib/printf_percent.s                 0x00000000   Number         0  _printf_n.o ABSOLUTE
    ../clib/printf_percent.s                 0x00000000   Number         0  _printf_p.o ABSOLUTE
    ../clib/printf_percent.s                 0x00000000   Number         0  _printf_o.o ABSOLUTE
    ../clib/signal.c                         0x00000000   Number         0  defsig_fpe_inner.o ABSOLUTE
    ../clib/signal.c                         0x00000000   Number         0  defsig_rtred_inner.o ABSOLUTE
    ../clib/signal.c                         0x00000000   Number         0  defsig_stak_inner.o ABSOLUTE
    ../clib/signal.c                         0x00000000   Number         0  defsig_rtmem_outer.o ABSOLUTE
    ../clib/signal.c                         0x00000000   Number         0  defsig_cppl_inner.o ABSOLUTE
    ../clib/signal.c                         0x00000000   Number         0  defsig_segv_inner.o ABSOLUTE
    ../clib/signal.c                         0x00000000   Number         0  defsig_other.o ABSOLUTE
    ../clib/signal.c                         0x00000000   Number         0  defsig_rtmem_inner.o ABSOLUTE
    ../clib/signal.c                         0x00000000   Number         0  defsig_rtmem_formal.o ABSOLUTE
    ../clib/signal.c                         0x00000000   Number         0  defsig_exit.o ABSOLUTE
    ../clib/signal.c                         0x00000000   Number         0  __raise.o ABSOLUTE
    ../clib/signal.c                         0x00000000   Number         0  defsig_pvfn_inner.o ABSOLUTE
    ../clib/signal.c                         0x00000000   Number         0  defsig_general.o ABSOLUTE
    ../clib/signal.c                         0x00000000   Number         0  defsig_abrt_inner.o ABSOLUTE
    ../clib/signal.s                         0x00000000   Number         0  defsig.o ABSOLUTE
    ../clib/stdlib.c                         0x00000000   Number         0  exit.o ABSOLUTE
    ../fplib/daddsub.s                       0x00000000   Number         0  daddsub_clz.o ABSOLUTE
    ../fplib/dcmpi.s                         0x00000000   Number         0  dcmpi.o ABSOLUTE
    ../fplib/dfixu.s                         0x00000000   Number         0  dfixu.o ABSOLUTE
    ../fplib/dflt.s                          0x00000000   Number         0  dflt_clz.o ABSOLUTE
    ../fplib/dleqf.s                         0x00000000   Number         0  dleqf.o ABSOLUTE
    ../fplib/dmul.s                          0x00000000   Number         0  dmul.o ABSOLUTE
    ../fplib/dnaninf.s                       0x00000000   Number         0  dnaninf.o ABSOLUTE
    ../fplib/dretinf.s                       0x00000000   Number         0  dretinf.o ABSOLUTE
    ../fplib/drleqf.s                        0x00000000   Number         0  drleqf.o ABSOLUTE
    ../fplib/drnd.s                          0x00000000   Number         0  drnd.o ABSOLUTE
    ../fplib/faddsub.s                       0x00000000   Number         0  faddsub_clz.o ABSOLUTE
    ../fplib/fcmpi.s                         0x00000000   Number         0  fcmpi.o ABSOLUTE
    ../fplib/fdiv.s                          0x00000000   Number         0  fdiv.o ABSOLUTE
    ../fplib/ffix.s                          0x00000000   Number         0  ffix.o ABSOLUTE
    ../fplib/fflt.s                          0x00000000   Number         0  fflt_clz.o ABSOLUTE
    ../fplib/fleqf.s                         0x00000000   Number         0  fleqf.o ABSOLUTE
    ../fplib/fmul.s                          0x00000000   Number         0  fmul.o ABSOLUTE
    ../fplib/fnaninf.s                       0x00000000   Number         0  fnaninf.o ABSOLUTE
    ../fplib/fpinit.s                        0x00000000   Number         0  fpinit.o ABSOLUTE
    ../fplib/fretinf.s                       0x00000000   Number         0  fretinf.o ABSOLUTE
    ../fplib/frleqf.s                        0x00000000   Number         0  frleqf.o ABSOLUTE
    ../fplib/istatus.s                       0x00000000   Number         0  istatus.o ABSOLUTE
    ../fplib/printf1.s                       0x00000000   Number         0  printf1.o ABSOLUTE
    ../fplib/printf2.s                       0x00000000   Number         0  printf2.o ABSOLUTE
    ../fplib/printf2a.s                      0x00000000   Number         0  printf2a.o ABSOLUTE
    ../fplib/printf2b.s                      0x00000000   Number         0  printf2b.o ABSOLUTE
    ../fplib/usenofp.s                       0x00000000   Number         0  usenofp.o ABSOLUTE
    ../mathlib/fpclassify.c                  0x00000000   Number         0  fpclassify.o ABSOLUTE
    ../mathlib/round.c                       0x00000000   Number         0  round.o ABSOLUTE
    Hardware\Encoder.c                       0x00000000   Number         0  encoder.o ABSOLUTE
    Hardware\Key.c                           0x00000000   Number         0  key.o ABSOLUTE
    Hardware\Motor.c                         0x00000000   Number         0  motor.o ABSOLUTE
    Hardware\OLED.c                          0x00000000   Number         0  oled.o ABSOLUTE
    Hardware\PWM.c                           0x00000000   Number         0  pwm.o ABSOLUTE
    Hardware\Serial.c                        0x00000000   Number         0  serial.o ABSOLUTE
    Hardware\Track.c                         0x00000000   Number         0  track.o ABSOLUTE
    Library\misc.c                           0x00000000   Number         0  misc.o ABSOLUTE
    Library\stm32f10x_adc.c                  0x00000000   Number         0  stm32f10x_adc.o ABSOLUTE
    Library\stm32f10x_bkp.c                  0x00000000   Number         0  stm32f10x_bkp.o ABSOLUTE
    Library\stm32f10x_can.c                  0x00000000   Number         0  stm32f10x_can.o ABSOLUTE
    Library\stm32f10x_cec.c                  0x00000000   Number         0  stm32f10x_cec.o ABSOLUTE
    Library\stm32f10x_crc.c                  0x00000000   Number         0  stm32f10x_crc.o ABSOLUTE
    Library\stm32f10x_dac.c                  0x00000000   Number         0  stm32f10x_dac.o ABSOLUTE
    Library\stm32f10x_dbgmcu.c               0x00000000   Number         0  stm32f10x_dbgmcu.o ABSOLUTE
    Library\stm32f10x_dma.c                  0x00000000   Number         0  stm32f10x_dma.o ABSOLUTE
    Library\stm32f10x_exti.c                 0x00000000   Number         0  stm32f10x_exti.o ABSOLUTE
    Library\stm32f10x_flash.c                0x00000000   Number         0  stm32f10x_flash.o ABSOLUTE
    Library\stm32f10x_fsmc.c                 0x00000000   Number         0  stm32f10x_fsmc.o ABSOLUTE
    Library\stm32f10x_gpio.c                 0x00000000   Number         0  stm32f10x_gpio.o ABSOLUTE
    Library\stm32f10x_i2c.c                  0x00000000   Number         0  stm32f10x_i2c.o ABSOLUTE
    Library\stm32f10x_iwdg.c                 0x00000000   Number         0  stm32f10x_iwdg.o ABSOLUTE
    Library\stm32f10x_pwr.c                  0x00000000   Number         0  stm32f10x_pwr.o ABSOLUTE
    Library\stm32f10x_rcc.c                  0x00000000   Number         0  stm32f10x_rcc.o ABSOLUTE
    Library\stm32f10x_rtc.c                  0x00000000   Number         0  stm32f10x_rtc.o ABSOLUTE
    Library\stm32f10x_sdio.c                 0x00000000   Number         0  stm32f10x_sdio.o ABSOLUTE
    Library\stm32f10x_spi.c                  0x00000000   Number         0  stm32f10x_spi.o ABSOLUTE
    Library\stm32f10x_tim.c                  0x00000000   Number         0  stm32f10x_tim.o ABSOLUTE
    Library\stm32f10x_usart.c                0x00000000   Number         0  stm32f10x_usart.o ABSOLUTE
    Library\stm32f10x_wwdg.c                 0x00000000   Number         0  stm32f10x_wwdg.o ABSOLUTE
    Start\\core_cm3.c                        0x00000000   Number         0  core_cm3.o ABSOLUTE
    Start\core_cm3.c                         0x00000000   Number         0  core_cm3.o ABSOLUTE
    Start\startup_stm32f10x_md.s             0x00000000   Number         0  startup_stm32f10x_md.o ABSOLUTE
    Start\system_stm32f10x.c                 0x00000000   Number         0  system_stm32f10x.o ABSOLUTE
    System\Delay.c                           0x00000000   Number         0  delay.o ABSOLUTE
    System\Menu.c                            0x00000000   Number         0  menu.o ABSOLUTE
    System\Speed.c                           0x00000000   Number         0  speed.o ABSOLUTE
    System\Timer.c                           0x00000000   Number         0  timer.o ABSOLUTE
    User\main.c                              0x00000000   Number         0  main.o ABSOLUTE
    User\stm32f10x_it.c                      0x00000000   Number         0  stm32f10x_it.o ABSOLUTE
    dc.s                                     0x00000000   Number         0  dc.o ABSOLUTE
    RESET                                    0x08000000   Section      236  startup_stm32f10x_md.o(RESET)
    !!!main                                  0x080000ec   Section        8  __main.o(!!!main)
    !!!scatter                               0x080000f4   Section       52  __scatter.o(!!!scatter)
    !!handler_copy                           0x08000128   Section       26  __scatter_copy.o(!!handler_copy)
    !!handler_zi                             0x08000144   Section       28  __scatter_zi.o(!!handler_zi)
    .ARM.Collect$$_printf_percent$$00000000  0x08000160   Section        0  _printf_percent.o(.ARM.Collect$$_printf_percent$$00000000)
    .ARM.Collect$$_printf_percent$$00000003  0x08000160   Section        6  _printf_f.o(.ARM.Collect$$_printf_percent$$00000003)
    .ARM.Collect$$_printf_percent$$00000009  0x08000166   Section        6  _printf_d.o(.ARM.Collect$$_printf_percent$$00000009)
    .ARM.Collect$$_printf_percent$$00000017  0x0800016c   Section        4  _printf_percent_end.o(.ARM.Collect$$_printf_percent$$00000017)
    .ARM.Collect$$libinit$$00000000          0x08000170   Section        2  libinit.o(.ARM.Collect$$libinit$$00000000)
    .ARM.Collect$$libinit$$00000002          0x08000172   Section        0  libinit2.o(.ARM.Collect$$libinit$$00000002)
    .ARM.Collect$$libinit$$00000004          0x08000172   Section        0  libinit2.o(.ARM.Collect$$libinit$$00000004)
    .ARM.Collect$$libinit$$0000000A          0x08000172   Section        0  libinit2.o(.ARM.Collect$$libinit$$0000000A)
    .ARM.Collect$$libinit$$0000000C          0x08000172   Section        0  libinit2.o(.ARM.Collect$$libinit$$0000000C)
    .ARM.Collect$$libinit$$0000000E          0x08000172   Section        0  libinit2.o(.ARM.Collect$$libinit$$0000000E)
    .ARM.Collect$$libinit$$0000000F          0x08000172   Section        6  libinit2.o(.ARM.Collect$$libinit$$0000000F)
    .ARM.Collect$$libinit$$00000011          0x08000178   Section        0  libinit2.o(.ARM.Collect$$libinit$$00000011)
    .ARM.Collect$$libinit$$00000013          0x08000178   Section        0  libinit2.o(.ARM.Collect$$libinit$$00000013)
    .ARM.Collect$$libinit$$00000015          0x08000178   Section        0  libinit2.o(.ARM.Collect$$libinit$$00000015)
    .ARM.Collect$$libinit$$00000016          0x08000178   Section       10  libinit2.o(.ARM.Collect$$libinit$$00000016)
    .ARM.Collect$$libinit$$00000017          0x08000182   Section        0  libinit2.o(.ARM.Collect$$libinit$$00000017)
    .ARM.Collect$$libinit$$00000019          0x08000182   Section        0  libinit2.o(.ARM.Collect$$libinit$$00000019)
    .ARM.Collect$$libinit$$0000001B          0x08000182   Section        0  libinit2.o(.ARM.Collect$$libinit$$0000001B)
    .ARM.Collect$$libinit$$0000001D          0x08000182   Section        0  libinit2.o(.ARM.Collect$$libinit$$0000001D)
    .ARM.Collect$$libinit$$0000001F          0x08000182   Section        0  libinit2.o(.ARM.Collect$$libinit$$0000001F)
    .ARM.Collect$$libinit$$00000021          0x08000182   Section        0  libinit2.o(.ARM.Collect$$libinit$$00000021)
    .ARM.Collect$$libinit$$00000023          0x08000182   Section        0  libinit2.o(.ARM.Collect$$libinit$$00000023)
    .ARM.Collect$$libinit$$00000025          0x08000182   Section        0  libinit2.o(.ARM.Collect$$libinit$$00000025)
    .ARM.Collect$$libinit$$0000002C          0x08000182   Section        0  libinit2.o(.ARM.Collect$$libinit$$0000002C)
    .ARM.Collect$$libinit$$0000002E          0x08000182   Section        0  libinit2.o(.ARM.Collect$$libinit$$0000002E)
    .ARM.Collect$$libinit$$00000030          0x08000182   Section        0  libinit2.o(.ARM.Collect$$libinit$$00000030)
    .ARM.Collect$$libinit$$00000032          0x08000182   Section        0  libinit2.o(.ARM.Collect$$libinit$$00000032)
    .ARM.Collect$$libinit$$00000033          0x08000182   Section        2  libinit2.o(.ARM.Collect$$libinit$$00000033)
    .ARM.Collect$$libshutdown$$00000000      0x08000184   Section        2  libshutdown.o(.ARM.Collect$$libshutdown$$00000000)
    .ARM.Collect$$libshutdown$$00000002      0x08000186   Section        0  libshutdown2.o(.ARM.Collect$$libshutdown$$00000002)
    .ARM.Collect$$libshutdown$$00000004      0x08000186   Section        0  libshutdown2.o(.ARM.Collect$$libshutdown$$00000004)
    .ARM.Collect$$libshutdown$$00000007      0x08000186   Section        0  libshutdown2.o(.ARM.Collect$$libshutdown$$00000007)
    .ARM.Collect$$libshutdown$$0000000A      0x08000186   Section        0  libshutdown2.o(.ARM.Collect$$libshutdown$$0000000A)
    .ARM.Collect$$libshutdown$$0000000C      0x08000186   Section        0  libshutdown2.o(.ARM.Collect$$libshutdown$$0000000C)
    .ARM.Collect$$libshutdown$$0000000F      0x08000186   Section        0  libshutdown2.o(.ARM.Collect$$libshutdown$$0000000F)
    .ARM.Collect$$libshutdown$$00000010      0x08000186   Section        2  libshutdown2.o(.ARM.Collect$$libshutdown$$00000010)
    .ARM.Collect$$rtentry$$00000000          0x08000188   Section        0  __rtentry.o(.ARM.Collect$$rtentry$$00000000)
    .ARM.Collect$$rtentry$$00000002          0x08000188   Section        0  __rtentry2.o(.ARM.Collect$$rtentry$$00000002)
    .ARM.Collect$$rtentry$$00000004          0x08000188   Section        6  __rtentry4.o(.ARM.Collect$$rtentry$$00000004)
    .ARM.Collect$$rtentry$$00000009          0x0800018e   Section        0  __rtentry2.o(.ARM.Collect$$rtentry$$00000009)
    .ARM.Collect$$rtentry$$0000000A          0x0800018e   Section        4  __rtentry2.o(.ARM.Collect$$rtentry$$0000000A)
    .ARM.Collect$$rtentry$$0000000C          0x08000192   Section        0  __rtentry2.o(.ARM.Collect$$rtentry$$0000000C)
    .ARM.Collect$$rtentry$$0000000D          0x08000192   Section        8  __rtentry2.o(.ARM.Collect$$rtentry$$0000000D)
    .ARM.Collect$$rtexit$$00000000           0x0800019a   Section        2  rtexit.o(.ARM.Collect$$rtexit$$00000000)
    .ARM.Collect$$rtexit$$00000002           0x0800019c   Section        0  rtexit2.o(.ARM.Collect$$rtexit$$00000002)
    .ARM.Collect$$rtexit$$00000003           0x0800019c   Section        4  rtexit2.o(.ARM.Collect$$rtexit$$00000003)
    .ARM.Collect$$rtexit$$00000004           0x080001a0   Section        6  rtexit2.o(.ARM.Collect$$rtexit$$00000004)
    .text                                    0x080001a8   Section       64  startup_stm32f10x_md.o(.text)
    .text                                    0x080001e8   Section        0  __2sprintf.o(.text)
    .text                                    0x08000214   Section        0  _printf_dec.o(.text)
    .text                                    0x0800028c   Section        0  __printf_flags_ss_wp.o(.text)
    .text                                    0x08000414   Section        0  heapauxi.o(.text)
    .text                                    0x0800041a   Section        0  _printf_intcommon.o(.text)
    .text                                    0x080004cc   Section        0  _printf_fp_dec.o(.text)
    _fp_digits                               0x080004cf   Thumb Code   432  _printf_fp_dec.o(.text)
    .text                                    0x080008ec   Section        0  _printf_char_common.o(.text)
    _printf_input_char                       0x080008ed   Thumb Code    10  _printf_char_common.o(.text)
    .text                                    0x0800091c   Section        0  _sputc.o(.text)
    .text                                    0x08000928   Section        8  rt_locale_intlibspace.o(.text)
    .text                                    0x08000930   Section      138  lludiv10.o(.text)
    .text                                    0x080009bc   Section        0  _printf_fp_infnan.o(.text)
    .text                                    0x08000a3c   Section        0  bigflt0.o(.text)
    .text                                    0x08000b20   Section        8  libspace.o(.text)
    .text                                    0x08000b28   Section       74  sys_stackheap_outer.o(.text)
    .text                                    0x08000b72   Section        0  exit.o(.text)
    .text                                    0x08000b84   Section      128  strcmpv7m.o(.text)
    .text                                    0x08000c04   Section        0  sys_exit.o(.text)
    .text                                    0x08000c10   Section        2  use_no_semi.o(.text)
    .text                                    0x08000c12   Section        0  indicate_semi.o(.text)
    CL$$btod_d2e                             0x08000c12   Section       62  btod.o(CL$$btod_d2e)
    CL$$btod_d2e_denorm_low                  0x08000c50   Section       70  btod.o(CL$$btod_d2e_denorm_low)
    CL$$btod_d2e_norm_op1                    0x08000c96   Section       96  btod.o(CL$$btod_d2e_norm_op1)
    CL$$btod_div_common                      0x08000cf6   Section      824  btod.o(CL$$btod_div_common)
    CL$$btod_e2e                             0x0800102e   Section      220  btod.o(CL$$btod_e2e)
    CL$$btod_ediv                            0x0800110a   Section       42  btod.o(CL$$btod_ediv)
    CL$$btod_emul                            0x08001134   Section       42  btod.o(CL$$btod_emul)
    CL$$btod_mult_common                     0x0800115e   Section      580  btod.o(CL$$btod_mult_common)
    i.BusFault_Handler                       0x080013a2   Section        0  stm32f10x_it.o(i.BusFault_Handler)
    i.DebugMon_Handler                       0x080013a6   Section        0  stm32f10x_it.o(i.DebugMon_Handler)
    i.Delay_ms                               0x080013a8   Section        0  delay.o(i.Delay_ms)
    i.Delay_us                               0x080013c0   Section        0  delay.o(i.Delay_us)
    i.Display_Main                           0x080013f0   Section        0  menu.o(i.Display_Main)
    i.Display_PID                            0x08001470   Section        0  menu.o(i.Display_PID)
    i.Display_Press                          0x080014f0   Section        0  menu.o(i.Display_Press)
    i.Display_Running                        0x08001538   Section        0  menu.o(i.Display_Running)
    i.Display_Speed                          0x080015b8   Section        0  menu.o(i.Display_Speed)
    i.Encoder_Get_L                          0x0800162c   Section        0  encoder.o(i.Encoder_Get_L)
    i.Encoder_Get_R                          0x08001648   Section        0  encoder.o(i.Encoder_Get_R)
    i.GPIO_Init                              0x08001664   Section        0  stm32f10x_gpio.o(i.GPIO_Init)
    i.GPIO_PinRemapConfig                    0x0800177c   Section        0  stm32f10x_gpio.o(i.GPIO_PinRemapConfig)
    i.GPIO_ReadInputDataBit                  0x0800180c   Section        0  stm32f10x_gpio.o(i.GPIO_ReadInputDataBit)
    i.GPIO_ResetBits                         0x0800181e   Section        0  stm32f10x_gpio.o(i.GPIO_ResetBits)
    i.GPIO_SetBits                           0x08001822   Section        0  stm32f10x_gpio.o(i.GPIO_SetBits)
    i.GPIO_WriteBit                          0x08001826   Section        0  stm32f10x_gpio.o(i.GPIO_WriteBit)
    i.GetTime_ms                             0x08001830   Section        0  speed.o(i.GetTime_ms)
    i.HardFault_Handler                      0x0800183c   Section        0  stm32f10x_it.o(i.HardFault_Handler)
    i.Key_Scan                               0x08001840   Section        0  menu.o(i.Key_Scan)
    i.Measure_Speed                          0x0800198c   Section        0  speed.o(i.Measure_Speed)
    Measure_Speed                            0x0800198d   Thumb Code   244  speed.o(i.Measure_Speed)
    i.MemManage_Handler                      0x08001a9c   Section        0  stm32f10x_it.o(i.MemManage_Handler)
    i.Menu_Init                              0x08001aa0   Section        0  menu.o(i.Menu_Init)
    i.Menu_Process                           0x08001b14   Section        0  menu.o(i.Menu_Process)
    i.Motor_Init                             0x08001b54   Section        0  motor.o(i.Motor_Init)
    i.Motor_L_Init                           0x08001b60   Section        0  motor.o(i.Motor_L_Init)
    i.Motor_L_SetSpeed                       0x08001b90   Section        0  motor.o(i.Motor_L_SetSpeed)
    i.Motor_R_Init                           0x08001bd8   Section        0  motor.o(i.Motor_R_Init)
    i.Motor_R_SetSpeed                       0x08001c08   Section        0  motor.o(i.Motor_R_SetSpeed)
    i.Motor_SetSpeeds                        0x08001c50   Section        0  motor.o(i.Motor_SetSpeeds)
    i.NMI_Handler                            0x08001c64   Section        0  stm32f10x_it.o(i.NMI_Handler)
    i.OLED_Clear                             0x08001c66   Section        0  oled.o(i.OLED_Clear)
    i.OLED_I2C_Init                          0x08001c90   Section        0  oled.o(i.OLED_I2C_Init)
    i.OLED_I2C_SendByte                      0x08001ce0   Section        0  oled.o(i.OLED_I2C_SendByte)
    i.OLED_I2C_Start                         0x08001d3c   Section        0  oled.o(i.OLED_I2C_Start)
    i.OLED_I2C_Stop                          0x08001d70   Section        0  oled.o(i.OLED_I2C_Stop)
    i.OLED_Init                              0x08001d98   Section        0  oled.o(i.OLED_Init)
    i.OLED_SetCursor                         0x08001e46   Section        0  oled.o(i.OLED_SetCursor)
    i.OLED_ShowChar                          0x08001e68   Section        0  oled.o(i.OLED_ShowChar)
    i.OLED_ShowString                        0x08001edc   Section        0  oled.o(i.OLED_ShowString)
    i.OLED_WriteCommand                      0x08001f04   Section        0  oled.o(i.OLED_WriteCommand)
    i.OLED_WriteData                         0x08001f24   Section        0  oled.o(i.OLED_WriteData)
    i.PWM_Init                               0x08001f44   Section        0  pwm.o(i.PWM_Init)
    i.PWM_SetCompare3                        0x08001fe4   Section        0  pwm.o(i.PWM_SetCompare3)
    i.PWM_SetCompare4                        0x08001ff4   Section        0  pwm.o(i.PWM_SetCompare4)
    i.PendSV_Handler                         0x08002004   Section        0  stm32f10x_it.o(i.PendSV_Handler)
    i.RCC_APB1PeriphClockCmd                 0x08002008   Section        0  stm32f10x_rcc.o(i.RCC_APB1PeriphClockCmd)
    i.RCC_APB2PeriphClockCmd                 0x08002028   Section        0  stm32f10x_rcc.o(i.RCC_APB2PeriphClockCmd)
    i.SVC_Handler                            0x08002048   Section        0  stm32f10x_it.o(i.SVC_Handler)
    i.SetSysClock                            0x0800204a   Section        0  system_stm32f10x.o(i.SetSysClock)
    SetSysClock                              0x0800204b   Thumb Code     8  system_stm32f10x.o(i.SetSysClock)
    i.SetSysClockTo72                        0x08002054   Section        0  system_stm32f10x.o(i.SetSysClockTo72)
    SetSysClockTo72                          0x08002055   Thumb Code   214  system_stm32f10x.o(i.SetSysClockTo72)
    i.Speed_PID_Calculate                    0x08002134   Section        0  speed.o(i.Speed_PID_Calculate)
    Speed_PID_Calculate                      0x08002135   Thumb Code   238  speed.o(i.Speed_PID_Calculate)
    i.Speed_PID_Init                         0x08002240   Section        0  speed.o(i.Speed_PID_Init)
    i.Speed_PID_Update                       0x08002294   Section        0  speed.o(i.Speed_PID_Update)
    i.Speed_SetTarget                        0x08002300   Section        0  speed.o(i.Speed_SetTarget)
    i.Speed_TrackingControl                  0x08002344   Section        0  speed.o(i.Speed_TrackingControl)
    i.SysTick_Handler                        0x08002458   Section        0  stm32f10x_it.o(i.SysTick_Handler)
    i.SystemInit                             0x0800245c   Section        0  system_stm32f10x.o(i.SystemInit)
    i.TIM_Cmd                                0x080024bc   Section        0  stm32f10x_tim.o(i.TIM_Cmd)
    i.TIM_GetCounter                         0x080024d4   Section        0  stm32f10x_tim.o(i.TIM_GetCounter)
    i.TIM_InternalClockConfig                0x080024da   Section        0  stm32f10x_tim.o(i.TIM_InternalClockConfig)
    i.TIM_OC3Init                            0x080024e8   Section        0  stm32f10x_tim.o(i.TIM_OC3Init)
    i.TIM_OC4Init                            0x08002588   Section        0  stm32f10x_tim.o(i.TIM_OC4Init)
    i.TIM_OCStructInit                       0x08002604   Section        0  stm32f10x_tim.o(i.TIM_OCStructInit)
    i.TIM_SetCompare3                        0x08002618   Section        0  stm32f10x_tim.o(i.TIM_SetCompare3)
    i.TIM_SetCompare4                        0x0800261c   Section        0  stm32f10x_tim.o(i.TIM_SetCompare4)
    i.TIM_SetCounter                         0x08002622   Section        0  stm32f10x_tim.o(i.TIM_SetCounter)
    i.TIM_TimeBaseInit                       0x08002628   Section        0  stm32f10x_tim.o(i.TIM_TimeBaseInit)
    i.Track_GetStatus                        0x080026cc   Section        0  track.o(i.Track_GetStatus)
    i.Track_Init                             0x08002760   Section        0  track.o(i.Track_Init)
    i.USART1_IRQHandler                      0x080027ac   Section        0  serial.o(i.USART1_IRQHandler)
    i.USART_ClearITPendingBit                0x0800284c   Section        0  stm32f10x_usart.o(i.USART_ClearITPendingBit)
    i.USART_GetITStatus                      0x0800286a   Section        0  stm32f10x_usart.o(i.USART_GetITStatus)
    i.USART_ReceiveData                      0x080028be   Section        0  stm32f10x_usart.o(i.USART_ReceiveData)
    i.UsageFault_Handler                     0x080028c8   Section        0  stm32f10x_it.o(i.UsageFault_Handler)
    i.__ARM_fpclassify                       0x080028cc   Section        0  fpclassify.o(i.__ARM_fpclassify)
    i._is_digit                              0x080028f4   Section        0  __printf_wp.o(i._is_digit)
    i.main                                   0x08002904   Section        0  main.o(i.main)
    locale$$code                             0x08002948   Section       44  lc_numeric_c.o(locale$$code)
    x$fpl$fadd                               0x08002974   Section      196  faddsub_clz.o(x$fpl$fadd)
    _fadd1                                   0x08002983   Thumb Code     0  faddsub_clz.o(x$fpl$fadd)
    x$fpl$fcmpinf                            0x08002a38   Section       24  fcmpi.o(x$fpl$fcmpinf)
    x$fpl$fdiv                               0x08002a50   Section      388  fdiv.o(x$fpl$fdiv)
    _fdiv1                                   0x08002a51   Thumb Code     0  fdiv.o(x$fpl$fdiv)
    x$fpl$ffix                               0x08002bd4   Section       54  ffix.o(x$fpl$ffix)
    x$fpl$fflt                               0x08002c0c   Section       48  fflt_clz.o(x$fpl$fflt)
    x$fpl$ffltu                              0x08002c3c   Section       38  fflt_clz.o(x$fpl$ffltu)
    x$fpl$fleqf                              0x08002c64   Section      104  fleqf.o(x$fpl$fleqf)
    x$fpl$fmul                               0x08002ccc   Section      258  fmul.o(x$fpl$fmul)
    x$fpl$fnaninf                            0x08002dce   Section      140  fnaninf.o(x$fpl$fnaninf)
    x$fpl$fretinf                            0x08002e5a   Section       10  fretinf.o(x$fpl$fretinf)
    x$fpl$frleqf                             0x08002e64   Section       98  frleqf.o(x$fpl$frleqf)
    x$fpl$fsub                               0x08002ec8   Section      234  faddsub_clz.o(x$fpl$fsub)
    _fsub1                                   0x08002ed7   Thumb Code     0  faddsub_clz.o(x$fpl$fsub)
    x$fpl$printf1                            0x08002fb2   Section        4  printf1.o(x$fpl$printf1)
    .constdata                               0x08002fb6   Section     1520  oled.o(.constdata)
    x$fpl$usenofp                            0x08002fb6   Section        0  usenofp.o(x$fpl$usenofp)
    .constdata                               0x080035a6   Section       17  __printf_flags_ss_wp.o(.constdata)
    maptable                                 0x080035a6   Data          17  __printf_flags_ss_wp.o(.constdata)
    .constdata                               0x080035b8   Section      148  bigflt0.o(.constdata)
    tenpwrs_x                                0x080035b8   Data          60  bigflt0.o(.constdata)
    tenpwrs_i                                0x080035f4   Data          64  bigflt0.o(.constdata)
    locale$$data                             0x0800366c   Section       28  lc_numeric_c.o(locale$$data)
    __lcnum_c_name                           0x08003670   Data           2  lc_numeric_c.o(locale$$data)
    __lcnum_c_start                          0x08003678   Data           0  lc_numeric_c.o(locale$$data)
    __lcnum_c_point                          0x08003684   Data           0  lc_numeric_c.o(locale$$data)
    __lcnum_c_thousands                      0x08003686   Data           0  lc_numeric_c.o(locale$$data)
    __lcnum_c_grouping                       0x08003687   Data           0  lc_numeric_c.o(locale$$data)
    __lcnum_c_end                            0x08003688   Data           0  lc_numeric_c.o(locale$$data)
    .data                                    0x20000000   Section        4  main.o(.data)
    .data                                    0x20000004   Section        4  serial.o(.data)
    RxState                                  0x20000006   Data           1  serial.o(.data)
    pRxPacket                                0x20000007   Data           1  serial.o(.data)
    .data                                    0x20000008   Section        4  track.o(.data)
    .data                                    0x2000000c   Section       28  speed.o(.data)
    count                                    0x2000001c   Data           4  speed.o(.data)
    last_time                                0x20000020   Data           4  speed.o(.data)
    last_left                                0x20000024   Data           2  speed.o(.data)
    last_right                               0x20000026   Data           2  speed.o(.data)
    .data                                    0x20000028   Section        6  menu.o(.data)
    last_states                              0x2000002a   Data           4  menu.o(.data)
    .bss                                     0x20000030   Section      100  serial.o(.bss)
    .bss                                     0x20000094   Section       80  speed.o(.bss)
    .bss                                     0x200000e4   Section       96  libspace.o(.bss)
    HEAP                                     0x20000148   Section      512  startup_stm32f10x_md.o(HEAP)
    Heap_Mem                                 0x20000148   Data         512  startup_stm32f10x_md.o(HEAP)
    STACK                                    0x20000348   Section     1024  startup_stm32f10x_md.o(STACK)
    Stack_Mem                                0x20000348   Data        1024  startup_stm32f10x_md.o(STACK)
    __initial_sp                             0x20000748   Data           0  startup_stm32f10x_md.o(STACK)

    Global Symbols

    Symbol Name                              Value     Ov Type        Size  Object(Section)

    BuildAttributes$$THM_ISAv4$P$D$K$B$S$PE$A:L22UL41UL21$X:L11$S22US41US21$IEEE1$IW$USESV6$~STKCKD$USESV7$~SHL$OTIME$ROPI$IEEEJ$EBA8$UX$STANDARDLIB$REQ8$PRES8$EABIv2 0x00000000   Number         0  anon$$obj.o ABSOLUTE
    __ARM_use_no_argv                        0x00000000   Number         0  main.o ABSOLUTE
    _printf_flags                            0x00000000   Number         0  printf_stubs.o ABSOLUTE
    _printf_return_value                     0x00000000   Number         0  printf_stubs.o ABSOLUTE
    _printf_sizespec                         0x00000000   Number         0  printf_stubs.o ABSOLUTE
    _printf_widthprec                        0x00000000   Number         0  printf_stubs.o ABSOLUTE
    __ARM_exceptions_init                     - Undefined Weak Reference
    __alloca_initialize                       - Undefined Weak Reference
    __arm_preinit_                            - Undefined Weak Reference
    __cpp_initialize__aeabi_                  - Undefined Weak Reference
    __cxa_finalize                            - Undefined Weak Reference
    __sigvec_lookup                           - Undefined Weak Reference
    _atexit_init                              - Undefined Weak Reference
    _call_atexit_fns                          - Undefined Weak Reference
    _clock_init                               - Undefined Weak Reference
    _fp_trap_init                             - Undefined Weak Reference
    _fp_trap_shutdown                         - Undefined Weak Reference
    _get_lc_collate                           - Undefined Weak Reference
    _get_lc_monetary                          - Undefined Weak Reference
    _get_lc_time                              - Undefined Weak Reference
    _getenv_init                              - Undefined Weak Reference
    _handle_redirection                       - Undefined Weak Reference
    _init_alloc                               - Undefined Weak Reference
    _init_user_alloc                          - Undefined Weak Reference
    _initio                                   - Undefined Weak Reference
    _printf_mbtowc                            - Undefined Weak Reference
    _printf_wc                                - Undefined Weak Reference
    _rand_init                                - Undefined Weak Reference
    _signal_finish                            - Undefined Weak Reference
    _signal_init                              - Undefined Weak Reference
    _terminate_alloc                          - Undefined Weak Reference
    _terminate_user_alloc                     - Undefined Weak Reference
    _terminateio                              - Undefined Weak Reference
    __Vectors_Size                           0x000000ec   Number         0  startup_stm32f10x_md.o ABSOLUTE
    __Vectors                                0x08000000   Data           4  startup_stm32f10x_md.o(RESET)
    __Vectors_End                            0x080000ec   Data           0  startup_stm32f10x_md.o(RESET)
    __main                                   0x080000ed   Thumb Code     8  __main.o(!!!main)
    __scatterload                            0x080000f5   Thumb Code     0  __scatter.o(!!!scatter)
    __scatterload_rt2                        0x080000f5   Thumb Code    44  __scatter.o(!!!scatter)
    __scatterload_rt2_thumb_only             0x080000f5   Thumb Code     0  __scatter.o(!!!scatter)
    __scatterload_null                       0x08000103   Thumb Code     0  __scatter.o(!!!scatter)
    __scatterload_copy                       0x08000129   Thumb Code    26  __scatter_copy.o(!!handler_copy)
    __scatterload_zeroinit                   0x08000145   Thumb Code    28  __scatter_zi.o(!!handler_zi)
    _printf_f                                0x08000161   Thumb Code     0  _printf_f.o(.ARM.Collect$$_printf_percent$$00000003)
    _printf_percent                          0x08000161   Thumb Code     0  _printf_percent.o(.ARM.Collect$$_printf_percent$$00000000)
    _printf_d                                0x08000167   Thumb Code     0  _printf_d.o(.ARM.Collect$$_printf_percent$$00000009)
    _printf_percent_end                      0x0800016d   Thumb Code     0  _printf_percent_end.o(.ARM.Collect$$_printf_percent$$00000017)
    __rt_lib_init                            0x08000171   Thumb Code     0  libinit.o(.ARM.Collect$$libinit$$00000000)
    __rt_lib_init_fp_1                       0x08000173   Thumb Code     0  libinit2.o(.ARM.Collect$$libinit$$00000002)
    __rt_lib_init_heap_1                     0x08000173   Thumb Code     0  libinit2.o(.ARM.Collect$$libinit$$0000000A)
    __rt_lib_init_lc_common                  0x08000173   Thumb Code     0  libinit2.o(.ARM.Collect$$libinit$$0000000F)
    __rt_lib_init_preinit_1                  0x08000173   Thumb Code     0  libinit2.o(.ARM.Collect$$libinit$$00000004)
    __rt_lib_init_rand_1                     0x08000173   Thumb Code     0  libinit2.o(.ARM.Collect$$libinit$$0000000E)
    __rt_lib_init_user_alloc_1               0x08000173   Thumb Code     0  libinit2.o(.ARM.Collect$$libinit$$0000000C)
    __rt_lib_init_lc_collate_1               0x08000179   Thumb Code     0  libinit2.o(.ARM.Collect$$libinit$$00000011)
    __rt_lib_init_lc_ctype_1                 0x08000179   Thumb Code     0  libinit2.o(.ARM.Collect$$libinit$$00000013)
    __rt_lib_init_lc_monetary_1              0x08000179   Thumb Code     0  libinit2.o(.ARM.Collect$$libinit$$00000015)
    __rt_lib_init_lc_numeric_2               0x08000179   Thumb Code     0  libinit2.o(.ARM.Collect$$libinit$$00000016)
    __rt_lib_init_alloca_1                   0x08000183   Thumb Code     0  libinit2.o(.ARM.Collect$$libinit$$0000002E)
    __rt_lib_init_argv_1                     0x08000183   Thumb Code     0  libinit2.o(.ARM.Collect$$libinit$$0000002C)
    __rt_lib_init_atexit_1                   0x08000183   Thumb Code     0  libinit2.o(.ARM.Collect$$libinit$$0000001B)
    __rt_lib_init_clock_1                    0x08000183   Thumb Code     0  libinit2.o(.ARM.Collect$$libinit$$00000021)
    __rt_lib_init_cpp_1                      0x08000183   Thumb Code     0  libinit2.o(.ARM.Collect$$libinit$$00000032)
    __rt_lib_init_exceptions_1               0x08000183   Thumb Code     0  libinit2.o(.ARM.Collect$$libinit$$00000030)
    __rt_lib_init_fp_trap_1                  0x08000183   Thumb Code     0  libinit2.o(.ARM.Collect$$libinit$$0000001F)
    __rt_lib_init_getenv_1                   0x08000183   Thumb Code     0  libinit2.o(.ARM.Collect$$libinit$$00000023)
    __rt_lib_init_lc_numeric_1               0x08000183   Thumb Code     0  libinit2.o(.ARM.Collect$$libinit$$00000017)
    __rt_lib_init_lc_time_1                  0x08000183   Thumb Code     0  libinit2.o(.ARM.Collect$$libinit$$00000019)
    __rt_lib_init_return                     0x08000183   Thumb Code     0  libinit2.o(.ARM.Collect$$libinit$$00000033)
    __rt_lib_init_signal_1                   0x08000183   Thumb Code     0  libinit2.o(.ARM.Collect$$libinit$$0000001D)
    __rt_lib_init_stdio_1                    0x08000183   Thumb Code     0  libinit2.o(.ARM.Collect$$libinit$$00000025)
    __rt_lib_shutdown                        0x08000185   Thumb Code     0  libshutdown.o(.ARM.Collect$$libshutdown$$00000000)
    __rt_lib_shutdown_cpp_1                  0x08000187   Thumb Code     0  libshutdown2.o(.ARM.Collect$$libshutdown$$00000002)
    __rt_lib_shutdown_fp_trap_1              0x08000187   Thumb Code     0  libshutdown2.o(.ARM.Collect$$libshutdown$$00000007)
    __rt_lib_shutdown_heap_1                 0x08000187   Thumb Code     0  libshutdown2.o(.ARM.Collect$$libshutdown$$0000000F)
    __rt_lib_shutdown_return                 0x08000187   Thumb Code     0  libshutdown2.o(.ARM.Collect$$libshutdown$$00000010)
    __rt_lib_shutdown_signal_1               0x08000187   Thumb Code     0  libshutdown2.o(.ARM.Collect$$libshutdown$$0000000A)
    __rt_lib_shutdown_stdio_1                0x08000187   Thumb Code     0  libshutdown2.o(.ARM.Collect$$libshutdown$$00000004)
    __rt_lib_shutdown_user_alloc_1           0x08000187   Thumb Code     0  libshutdown2.o(.ARM.Collect$$libshutdown$$0000000C)
    __rt_entry                               0x08000189   Thumb Code     0  __rtentry.o(.ARM.Collect$$rtentry$$00000000)
    __rt_entry_presh_1                       0x08000189   Thumb Code     0  __rtentry2.o(.ARM.Collect$$rtentry$$00000002)
    __rt_entry_sh                            0x08000189   Thumb Code     0  __rtentry4.o(.ARM.Collect$$rtentry$$00000004)
    __rt_entry_li                            0x0800018f   Thumb Code     0  __rtentry2.o(.ARM.Collect$$rtentry$$0000000A)
    __rt_entry_postsh_1                      0x0800018f   Thumb Code     0  __rtentry2.o(.ARM.Collect$$rtentry$$00000009)
    __rt_entry_main                          0x08000193   Thumb Code     0  __rtentry2.o(.ARM.Collect$$rtentry$$0000000D)
    __rt_entry_postli_1                      0x08000193   Thumb Code     0  __rtentry2.o(.ARM.Collect$$rtentry$$0000000C)
    __rt_exit                                0x0800019b   Thumb Code     0  rtexit.o(.ARM.Collect$$rtexit$$00000000)
    __rt_exit_ls                             0x0800019d   Thumb Code     0  rtexit2.o(.ARM.Collect$$rtexit$$00000003)
    __rt_exit_prels_1                        0x0800019d   Thumb Code     0  rtexit2.o(.ARM.Collect$$rtexit$$00000002)
    __rt_exit_exit                           0x080001a1   Thumb Code     0  rtexit2.o(.ARM.Collect$$rtexit$$00000004)
    Reset_Handler                            0x080001a9   Thumb Code     8  startup_stm32f10x_md.o(.text)
    ADC1_2_IRQHandler                        0x080001c3   Thumb Code     0  startup_stm32f10x_md.o(.text)
    CAN1_RX1_IRQHandler                      0x080001c3   Thumb Code     0  startup_stm32f10x_md.o(.text)
    CAN1_SCE_IRQHandler                      0x080001c3   Thumb Code     0  startup_stm32f10x_md.o(.text)
    DMA1_Channel1_IRQHandler                 0x080001c3   Thumb Code     0  startup_stm32f10x_md.o(.text)
    DMA1_Channel2_IRQHandler                 0x080001c3   Thumb Code     0  startup_stm32f10x_md.o(.text)
    DMA1_Channel3_IRQHandler                 0x080001c3   Thumb Code     0  startup_stm32f10x_md.o(.text)
    DMA1_Channel4_IRQHandler                 0x080001c3   Thumb Code     0  startup_stm32f10x_md.o(.text)
    DMA1_Channel5_IRQHandler                 0x080001c3   Thumb Code     0  startup_stm32f10x_md.o(.text)
    DMA1_Channel6_IRQHandler                 0x080001c3   Thumb Code     0  startup_stm32f10x_md.o(.text)
    DMA1_Channel7_IRQHandler                 0x080001c3   Thumb Code     0  startup_stm32f10x_md.o(.text)
    EXTI0_IRQHandler                         0x080001c3   Thumb Code     0  startup_stm32f10x_md.o(.text)
    EXTI15_10_IRQHandler                     0x080001c3   Thumb Code     0  startup_stm32f10x_md.o(.text)
    EXTI1_IRQHandler                         0x080001c3   Thumb Code     0  startup_stm32f10x_md.o(.text)
    EXTI2_IRQHandler                         0x080001c3   Thumb Code     0  startup_stm32f10x_md.o(.text)
    EXTI3_IRQHandler                         0x080001c3   Thumb Code     0  startup_stm32f10x_md.o(.text)
    EXTI4_IRQHandler                         0x080001c3   Thumb Code     0  startup_stm32f10x_md.o(.text)
    EXTI9_5_IRQHandler                       0x080001c3   Thumb Code     0  startup_stm32f10x_md.o(.text)
    FLASH_IRQHandler                         0x080001c3   Thumb Code     0  startup_stm32f10x_md.o(.text)
    I2C1_ER_IRQHandler                       0x080001c3   Thumb Code     0  startup_stm32f10x_md.o(.text)
    I2C1_EV_IRQHandler                       0x080001c3   Thumb Code     0  startup_stm32f10x_md.o(.text)
    I2C2_ER_IRQHandler                       0x080001c3   Thumb Code     0  startup_stm32f10x_md.o(.text)
    I2C2_EV_IRQHandler                       0x080001c3   Thumb Code     0  startup_stm32f10x_md.o(.text)
    PVD_IRQHandler                           0x080001c3   Thumb Code     0  startup_stm32f10x_md.o(.text)
    RCC_IRQHandler                           0x080001c3   Thumb Code     0  startup_stm32f10x_md.o(.text)
    RTCAlarm_IRQHandler                      0x080001c3   Thumb Code     0  startup_stm32f10x_md.o(.text)
    RTC_IRQHandler                           0x080001c3   Thumb Code     0  startup_stm32f10x_md.o(.text)
    SPI1_IRQHandler                          0x080001c3   Thumb Code     0  startup_stm32f10x_md.o(.text)
    SPI2_IRQHandler                          0x080001c3   Thumb Code     0  startup_stm32f10x_md.o(.text)
    TAMPER_IRQHandler                        0x080001c3   Thumb Code     0  startup_stm32f10x_md.o(.text)
    TIM1_BRK_IRQHandler                      0x080001c3   Thumb Code     0  startup_stm32f10x_md.o(.text)
    TIM1_CC_IRQHandler                       0x080001c3   Thumb Code     0  startup_stm32f10x_md.o(.text)
    TIM1_TRG_COM_IRQHandler                  0x080001c3   Thumb Code     0  startup_stm32f10x_md.o(.text)
    TIM1_UP_IRQHandler                       0x080001c3   Thumb Code     0  startup_stm32f10x_md.o(.text)
    TIM2_IRQHandler                          0x080001c3   Thumb Code     0  startup_stm32f10x_md.o(.text)
    TIM3_IRQHandler                          0x080001c3   Thumb Code     0  startup_stm32f10x_md.o(.text)
    TIM4_IRQHandler                          0x080001c3   Thumb Code     0  startup_stm32f10x_md.o(.text)
    USART2_IRQHandler                        0x080001c3   Thumb Code     0  startup_stm32f10x_md.o(.text)
    USART3_IRQHandler                        0x080001c3   Thumb Code     0  startup_stm32f10x_md.o(.text)
    USBWakeUp_IRQHandler                     0x080001c3   Thumb Code     0  startup_stm32f10x_md.o(.text)
    USB_HP_CAN1_TX_IRQHandler                0x080001c3   Thumb Code     0  startup_stm32f10x_md.o(.text)
    USB_LP_CAN1_RX0_IRQHandler               0x080001c3   Thumb Code     0  startup_stm32f10x_md.o(.text)
    WWDG_IRQHandler                          0x080001c3   Thumb Code     0  startup_stm32f10x_md.o(.text)
    __user_initial_stackheap                 0x080001c5   Thumb Code     0  startup_stm32f10x_md.o(.text)
    __2sprintf                               0x080001e9   Thumb Code    38  __2sprintf.o(.text)
    _printf_int_dec                          0x08000215   Thumb Code   104  _printf_dec.o(.text)
    __printf                                 0x0800028d   Thumb Code   388  __printf_flags_ss_wp.o(.text)
    __use_two_region_memory                  0x08000415   Thumb Code     2  heapauxi.o(.text)
    __rt_heap_escrow$2region                 0x08000417   Thumb Code     2  heapauxi.o(.text)
    __rt_heap_expand$2region                 0x08000419   Thumb Code     2  heapauxi.o(.text)
    _printf_int_common                       0x0800041b   Thumb Code   178  _printf_intcommon.o(.text)
    __lib_sel_fp_printf                      0x080004cd   Thumb Code     2  _printf_fp_dec.o(.text)
    _printf_fp_dec_real                      0x0800067f   Thumb Code   620  _printf_fp_dec.o(.text)
    _printf_char_common                      0x080008f7   Thumb Code    32  _printf_char_common.o(.text)
    _sputc                                   0x0800091d   Thumb Code    10  _sputc.o(.text)
    __rt_locale                              0x08000929   Thumb Code     8  rt_locale_intlibspace.o(.text)
    _ll_udiv10                               0x08000931   Thumb Code   138  lludiv10.o(.text)
    _printf_fp_infnan                        0x080009bd   Thumb Code   112  _printf_fp_infnan.o(.text)
    _btod_etento                             0x08000a3d   Thumb Code   224  bigflt0.o(.text)
    __user_libspace                          0x08000b21   Thumb Code     8  libspace.o(.text)
    __user_perproc_libspace                  0x08000b21   Thumb Code     0  libspace.o(.text)
    __user_perthread_libspace                0x08000b21   Thumb Code     0  libspace.o(.text)
    __user_setup_stackheap                   0x08000b29   Thumb Code    74  sys_stackheap_outer.o(.text)
    exit                                     0x08000b73   Thumb Code    18  exit.o(.text)
    strcmp                                   0x08000b85   Thumb Code   128  strcmpv7m.o(.text)
    _sys_exit                                0x08000c05   Thumb Code     8  sys_exit.o(.text)
    __I$use$semihosting                      0x08000c11   Thumb Code     0  use_no_semi.o(.text)
    __use_no_semihosting_swi                 0x08000c11   Thumb Code     2  use_no_semi.o(.text)
    __semihosting_library_function           0x08000c13   Thumb Code     0  indicate_semi.o(.text)
    _btod_d2e                                0x08000c13   Thumb Code    62  btod.o(CL$$btod_d2e)
    _d2e_denorm_low                          0x08000c51   Thumb Code    70  btod.o(CL$$btod_d2e_denorm_low)
    _d2e_norm_op1                            0x08000c97   Thumb Code    96  btod.o(CL$$btod_d2e_norm_op1)
    __btod_div_common                        0x08000cf7   Thumb Code   696  btod.o(CL$$btod_div_common)
    _e2e                                     0x0800102f   Thumb Code   220  btod.o(CL$$btod_e2e)
    _btod_ediv                               0x0800110b   Thumb Code    42  btod.o(CL$$btod_ediv)
    _btod_emul                               0x08001135   Thumb Code    42  btod.o(CL$$btod_emul)
    __btod_mult_common                       0x0800115f   Thumb Code   580  btod.o(CL$$btod_mult_common)
    BusFault_Handler                         0x080013a3   Thumb Code     4  stm32f10x_it.o(i.BusFault_Handler)
    DebugMon_Handler                         0x080013a7   Thumb Code     2  stm32f10x_it.o(i.DebugMon_Handler)
    Delay_ms                                 0x080013a9   Thumb Code    24  delay.o(i.Delay_ms)
    Delay_us                                 0x080013c1   Thumb Code    46  delay.o(i.Delay_us)
    Display_Main                             0x080013f1   Thumb Code    78  menu.o(i.Display_Main)
    Display_PID                              0x08001471   Thumb Code    84  menu.o(i.Display_PID)
    Display_Press                            0x080014f1   Thumb Code    38  menu.o(i.Display_Press)
    Display_Running                          0x08001539   Thumb Code    84  menu.o(i.Display_Running)
    Display_Speed                            0x080015b9   Thumb Code    78  menu.o(i.Display_Speed)
    Encoder_Get_L                            0x0800162d   Thumb Code    22  encoder.o(i.Encoder_Get_L)
    Encoder_Get_R                            0x08001649   Thumb Code    22  encoder.o(i.Encoder_Get_R)
    GPIO_Init                                0x08001665   Thumb Code   278  stm32f10x_gpio.o(i.GPIO_Init)
    GPIO_PinRemapConfig                      0x0800177d   Thumb Code   138  stm32f10x_gpio.o(i.GPIO_PinRemapConfig)
    GPIO_ReadInputDataBit                    0x0800180d   Thumb Code    18  stm32f10x_gpio.o(i.GPIO_ReadInputDataBit)
    GPIO_ResetBits                           0x0800181f   Thumb Code     4  stm32f10x_gpio.o(i.GPIO_ResetBits)
    GPIO_SetBits                             0x08001823   Thumb Code     4  stm32f10x_gpio.o(i.GPIO_SetBits)
    GPIO_WriteBit                            0x08001827   Thumb Code    10  stm32f10x_gpio.o(i.GPIO_WriteBit)
    GetTime_ms                               0x08001831   Thumb Code     6  speed.o(i.GetTime_ms)
    HardFault_Handler                        0x0800183d   Thumb Code     4  stm32f10x_it.o(i.HardFault_Handler)
    Key_Scan                                 0x08001841   Thumb Code   302  menu.o(i.Key_Scan)
    MemManage_Handler                        0x08001a9d   Thumb Code     4  stm32f10x_it.o(i.MemManage_Handler)
    Menu_Init                                0x08001aa1   Thumb Code    96  menu.o(i.Menu_Init)
    Menu_Process                             0x08001b15   Thumb Code    58  menu.o(i.Menu_Process)
    Motor_Init                               0x08001b55   Thumb Code    12  motor.o(i.Motor_Init)
    Motor_L_Init                             0x08001b61   Thumb Code    44  motor.o(i.Motor_L_Init)
    Motor_L_SetSpeed                         0x08001b91   Thumb Code    66  motor.o(i.Motor_L_SetSpeed)
    Motor_R_Init                             0x08001bd9   Thumb Code    44  motor.o(i.Motor_R_Init)
    Motor_R_SetSpeed                         0x08001c09   Thumb Code    66  motor.o(i.Motor_R_SetSpeed)
    Motor_SetSpeeds                          0x08001c51   Thumb Code    20  motor.o(i.Motor_SetSpeeds)
    NMI_Handler                              0x08001c65   Thumb Code     2  stm32f10x_it.o(i.NMI_Handler)
    OLED_Clear                               0x08001c67   Thumb Code    42  oled.o(i.OLED_Clear)
    OLED_I2C_Init                            0x08001c91   Thumb Code    76  oled.o(i.OLED_I2C_Init)
    OLED_I2C_SendByte                        0x08001ce1   Thumb Code    88  oled.o(i.OLED_I2C_SendByte)
    OLED_I2C_Start                           0x08001d3d   Thumb Code    48  oled.o(i.OLED_I2C_Start)
    OLED_I2C_Stop                            0x08001d71   Thumb Code    36  oled.o(i.OLED_I2C_Stop)
    OLED_Init                                0x08001d99   Thumb Code   174  oled.o(i.OLED_Init)
    OLED_SetCursor                           0x08001e47   Thumb Code    34  oled.o(i.OLED_SetCursor)
    OLED_ShowChar                            0x08001e69   Thumb Code   110  oled.o(i.OLED_ShowChar)
    OLED_ShowString                          0x08001edd   Thumb Code    40  oled.o(i.OLED_ShowString)
    OLED_WriteCommand                        0x08001f05   Thumb Code    32  oled.o(i.OLED_WriteCommand)
    OLED_WriteData                           0x08001f25   Thumb Code    32  oled.o(i.OLED_WriteData)
    PWM_Init                                 0x08001f45   Thumb Code   154  pwm.o(i.PWM_Init)
    PWM_SetCompare3                          0x08001fe5   Thumb Code    16  pwm.o(i.PWM_SetCompare3)
    PWM_SetCompare4                          0x08001ff5   Thumb Code    16  pwm.o(i.PWM_SetCompare4)
    PendSV_Handler                           0x08002005   Thumb Code     2  stm32f10x_it.o(i.PendSV_Handler)
    RCC_APB1PeriphClockCmd                   0x08002009   Thumb Code    26  stm32f10x_rcc.o(i.RCC_APB1PeriphClockCmd)
    RCC_APB2PeriphClockCmd                   0x08002029   Thumb Code    26  stm32f10x_rcc.o(i.RCC_APB2PeriphClockCmd)
    SVC_Handler                              0x08002049   Thumb Code     2  stm32f10x_it.o(i.SVC_Handler)
    Speed_PID_Init                           0x08002241   Thumb Code    62  speed.o(i.Speed_PID_Init)
    Speed_PID_Update                         0x08002295   Thumb Code    92  speed.o(i.Speed_PID_Update)
    Speed_SetTarget                          0x08002301   Thumb Code    60  speed.o(i.Speed_SetTarget)
    Speed_TrackingControl                    0x08002345   Thumb Code   270  speed.o(i.Speed_TrackingControl)
    SysTick_Handler                          0x08002459   Thumb Code     2  stm32f10x_it.o(i.SysTick_Handler)
    SystemInit                               0x0800245d   Thumb Code    78  system_stm32f10x.o(i.SystemInit)
    TIM_Cmd                                  0x080024bd   Thumb Code    24  stm32f10x_tim.o(i.TIM_Cmd)
    TIM_GetCounter                           0x080024d5   Thumb Code     6  stm32f10x_tim.o(i.TIM_GetCounter)
    TIM_InternalClockConfig                  0x080024db   Thumb Code    12  stm32f10x_tim.o(i.TIM_InternalClockConfig)
    TIM_OC3Init                              0x080024e9   Thumb Code   150  stm32f10x_tim.o(i.TIM_OC3Init)
    TIM_OC4Init                              0x08002589   Thumb Code   114  stm32f10x_tim.o(i.TIM_OC4Init)
    TIM_OCStructInit                         0x08002605   Thumb Code    20  stm32f10x_tim.o(i.TIM_OCStructInit)
    TIM_SetCompare3                          0x08002619   Thumb Code     4  stm32f10x_tim.o(i.TIM_SetCompare3)
    TIM_SetCompare4                          0x0800261d   Thumb Code     6  stm32f10x_tim.o(i.TIM_SetCompare4)
    TIM_SetCounter                           0x08002623   Thumb Code     4  stm32f10x_tim.o(i.TIM_SetCounter)
    TIM_TimeBaseInit                         0x08002629   Thumb Code   122  stm32f10x_tim.o(i.TIM_TimeBaseInit)
    Track_GetStatus                          0x080026cd   Thumb Code   136  track.o(i.Track_GetStatus)
    Track_Init                               0x08002761   Thumb Code    62  track.o(i.Track_Init)
    USART1_IRQHandler                        0x080027ad   Thumb Code   140  serial.o(i.USART1_IRQHandler)
    USART_ClearITPendingBit                  0x0800284d   Thumb Code    30  stm32f10x_usart.o(i.USART_ClearITPendingBit)
    USART_GetITStatus                        0x0800286b   Thumb Code    84  stm32f10x_usart.o(i.USART_GetITStatus)
    USART_ReceiveData                        0x080028bf   Thumb Code    10  stm32f10x_usart.o(i.USART_ReceiveData)
    UsageFault_Handler                       0x080028c9   Thumb Code     4  stm32f10x_it.o(i.UsageFault_Handler)
    __ARM_fpclassify                         0x080028cd   Thumb Code    40  fpclassify.o(i.__ARM_fpclassify)
    _is_digit                                0x080028f5   Thumb Code    14  __printf_wp.o(i._is_digit)
    main                                     0x08002905   Thumb Code    60  main.o(i.main)
    _get_lc_numeric                          0x08002949   Thumb Code    44  lc_numeric_c.o(locale$$code)
    __aeabi_fadd                             0x08002975   Thumb Code     0  faddsub_clz.o(x$fpl$fadd)
    _fadd                                    0x08002975   Thumb Code   196  faddsub_clz.o(x$fpl$fadd)
    __fpl_fcmp_Inf                           0x08002a39   Thumb Code    24  fcmpi.o(x$fpl$fcmpinf)
    __aeabi_fdiv                             0x08002a51   Thumb Code     0  fdiv.o(x$fpl$fdiv)
    _fdiv                                    0x08002a51   Thumb Code   384  fdiv.o(x$fpl$fdiv)
    __aeabi_f2iz                             0x08002bd5   Thumb Code     0  ffix.o(x$fpl$ffix)
    _ffix                                    0x08002bd5   Thumb Code    54  ffix.o(x$fpl$ffix)
    __aeabi_i2f                              0x08002c0d   Thumb Code     0  fflt_clz.o(x$fpl$fflt)
    _fflt                                    0x08002c0d   Thumb Code    48  fflt_clz.o(x$fpl$fflt)
    __aeabi_ui2f                             0x08002c3d   Thumb Code     0  fflt_clz.o(x$fpl$ffltu)
    _ffltu                                   0x08002c3d   Thumb Code    38  fflt_clz.o(x$fpl$ffltu)
    __aeabi_cfcmple                          0x08002c65   Thumb Code     0  fleqf.o(x$fpl$fleqf)
    _fcmple                                  0x08002c65   Thumb Code   104  fleqf.o(x$fpl$fleqf)
    __fpl_fcmple_InfNaN                      0x08002cb7   Thumb Code     0  fleqf.o(x$fpl$fleqf)
    __aeabi_fmul                             0x08002ccd   Thumb Code     0  fmul.o(x$fpl$fmul)
    _fmul                                    0x08002ccd   Thumb Code   258  fmul.o(x$fpl$fmul)
    __fpl_fnaninf                            0x08002dcf   Thumb Code   140  fnaninf.o(x$fpl$fnaninf)
    __fpl_fretinf                            0x08002e5b   Thumb Code    10  fretinf.o(x$fpl$fretinf)
    __aeabi_cfrcmple                         0x08002e65   Thumb Code     0  frleqf.o(x$fpl$frleqf)
    _frcmple                                 0x08002e65   Thumb Code    98  frleqf.o(x$fpl$frleqf)
    __aeabi_fsub                             0x08002ec9   Thumb Code     0  faddsub_clz.o(x$fpl$fsub)
    _fsub                                    0x08002ec9   Thumb Code   234  faddsub_clz.o(x$fpl$fsub)
    _printf_fp_dec                           0x08002fb3   Thumb Code     4  printf1.o(x$fpl$printf1)
    OLED_F8x16                               0x08002fb6   Data        1520  oled.o(.constdata)
    __I$use$fp                               0x08002fb6   Number         0  usenofp.o(x$fpl$usenofp)
    Region$$Table$$Base                      0x0800364c   Number         0  anon$$obj.o(Region$$Table)
    Region$$Table$$Limit                     0x0800366c   Number         0  anon$$obj.o(Region$$Table)
    start_flag                               0x20000000   Data           1  main.o(.data)
    status                                   0x20000002   Data           2  main.o(.data)
    Serial_RxData                            0x20000004   Data           1  serial.o(.data)
    Serial_RxFlag                            0x20000005   Data           1  serial.o(.data)
    sensor_states                            0x20000008   Data           4  track.o(.data)
    speed_params                             0x2000000c   Data           6  speed.o(.data)
    speed_left                               0x20000012   Data           2  speed.o(.data)
    speed_right                              0x20000014   Data           2  speed.o(.data)
    system_time                              0x20000018   Data           4  speed.o(.data)
    menu_state                               0x20000028   Data           1  menu.o(.data)
    menu_index                               0x20000029   Data           1  menu.o(.data)
    Serial_RxPacket                          0x20000030   Data         100  serial.o(.bss)
    pid_left                                 0x20000094   Data          40  speed.o(.bss)
    pid_right                                0x200000bc   Data          40  speed.o(.bss)
    __libspace_start                         0x200000e4   Data          96  libspace.o(.bss)
    __temporary_stack_top$libspace           0x20000144   Data           0  libspace.o(.bss)



==============================================================================

Memory Map of the image

  Image Entry point : 0x080000ed

  Load Region LR_IROM1 (Base: 0x08000000, Size: 0x000036b8, Max: 0x00010000, ABSOLUTE)

    Execution Region ER_IROM1 (Exec base: 0x08000000, Load base: 0x08000000, Size: 0x00003688, Max: 0x00010000, ABSOLUTE)

    Exec Addr    Load Addr    Size         Type   Attr      Idx    E Section Name        Object

    0x08000000   0x08000000   0x000000ec   Data   RO            3    RESET               startup_stm32f10x_md.o
    0x080000ec   0x080000ec   0x00000008   Code   RO         3872  * !!!main             c_w.l(__main.o)
    0x080000f4   0x080000f4   0x00000034   Code   RO         4230    !!!scatter          c_w.l(__scatter.o)
    0x08000128   0x08000128   0x0000001a   Code   RO         4232    !!handler_copy      c_w.l(__scatter_copy.o)
    0x08000142   0x08000142   0x00000002   PAD
    0x08000144   0x08000144   0x0000001c   Code   RO         4234    !!handler_zi        c_w.l(__scatter_zi.o)
    0x08000160   0x08000160   0x00000000   Code   RO         3869    .ARM.Collect$$_printf_percent$$00000000  c_w.l(_printf_percent.o)
    0x08000160   0x08000160   0x00000006   Code   RO         3868    .ARM.Collect$$_printf_percent$$00000003  c_w.l(_printf_f.o)
    0x08000166   0x08000166   0x00000006   Code   RO         3867    .ARM.Collect$$_printf_percent$$00000009  c_w.l(_printf_d.o)
    0x0800016c   0x0800016c   0x00000004   Code   RO         3984    .ARM.Collect$$_printf_percent$$00000017  c_w.l(_printf_percent_end.o)
    0x08000170   0x08000170   0x00000002   Code   RO         4100    .ARM.Collect$$libinit$$00000000  c_w.l(libinit.o)
    0x08000172   0x08000172   0x00000000   Code   RO         4102    .ARM.Collect$$libinit$$00000002  c_w.l(libinit2.o)
    0x08000172   0x08000172   0x00000000   Code   RO         4104    .ARM.Collect$$libinit$$00000004  c_w.l(libinit2.o)
    0x08000172   0x08000172   0x00000000   Code   RO         4107    .ARM.Collect$$libinit$$0000000A  c_w.l(libinit2.o)
    0x08000172   0x08000172   0x00000000   Code   RO         4109    .ARM.Collect$$libinit$$0000000C  c_w.l(libinit2.o)
    0x08000172   0x08000172   0x00000000   Code   RO         4111    .ARM.Collect$$libinit$$0000000E  c_w.l(libinit2.o)
    0x08000172   0x08000172   0x00000006   Code   RO         4112    .ARM.Collect$$libinit$$0000000F  c_w.l(libinit2.o)
    0x08000178   0x08000178   0x00000000   Code   RO         4114    .ARM.Collect$$libinit$$00000011  c_w.l(libinit2.o)
    0x08000178   0x08000178   0x00000000   Code   RO         4116    .ARM.Collect$$libinit$$00000013  c_w.l(libinit2.o)
    0x08000178   0x08000178   0x00000000   Code   RO         4118    .ARM.Collect$$libinit$$00000015  c_w.l(libinit2.o)
    0x08000178   0x08000178   0x0000000a   Code   RO         4119    .ARM.Collect$$libinit$$00000016  c_w.l(libinit2.o)
    0x08000182   0x08000182   0x00000000   Code   RO         4120    .ARM.Collect$$libinit$$00000017  c_w.l(libinit2.o)
    0x08000182   0x08000182   0x00000000   Code   RO         4122    .ARM.Collect$$libinit$$00000019  c_w.l(libinit2.o)
    0x08000182   0x08000182   0x00000000   Code   RO         4124    .ARM.Collect$$libinit$$0000001B  c_w.l(libinit2.o)
    0x08000182   0x08000182   0x00000000   Code   RO         4126    .ARM.Collect$$libinit$$0000001D  c_w.l(libinit2.o)
    0x08000182   0x08000182   0x00000000   Code   RO         4128    .ARM.Collect$$libinit$$0000001F  c_w.l(libinit2.o)
    0x08000182   0x08000182   0x00000000   Code   RO         4130    .ARM.Collect$$libinit$$00000021  c_w.l(libinit2.o)
    0x08000182   0x08000182   0x00000000   Code   RO         4132    .ARM.Collect$$libinit$$00000023  c_w.l(libinit2.o)
    0x08000182   0x08000182   0x00000000   Code   RO         4134    .ARM.Collect$$libinit$$00000025  c_w.l(libinit2.o)
    0x08000182   0x08000182   0x00000000   Code   RO         4138    .ARM.Collect$$libinit$$0000002C  c_w.l(libinit2.o)
    0x08000182   0x08000182   0x00000000   Code   RO         4140    .ARM.Collect$$libinit$$0000002E  c_w.l(libinit2.o)
    0x08000182   0x08000182   0x00000000   Code   RO         4142    .ARM.Collect$$libinit$$00000030  c_w.l(libinit2.o)
    0x08000182   0x08000182   0x00000000   Code   RO         4144    .ARM.Collect$$libinit$$00000032  c_w.l(libinit2.o)
    0x08000182   0x08000182   0x00000002   Code   RO         4145    .ARM.Collect$$libinit$$00000033  c_w.l(libinit2.o)
    0x08000184   0x08000184   0x00000002   Code   RO         4178    .ARM.Collect$$libshutdown$$00000000  c_w.l(libshutdown.o)
    0x08000186   0x08000186   0x00000000   Code   RO         4189    .ARM.Collect$$libshutdown$$00000002  c_w.l(libshutdown2.o)
    0x08000186   0x08000186   0x00000000   Code   RO         4191    .ARM.Collect$$libshutdown$$00000004  c_w.l(libshutdown2.o)
    0x08000186   0x08000186   0x00000000   Code   RO         4194    .ARM.Collect$$libshutdown$$00000007  c_w.l(libshutdown2.o)
    0x08000186   0x08000186   0x00000000   Code   RO         4197    .ARM.Collect$$libshutdown$$0000000A  c_w.l(libshutdown2.o)
    0x08000186   0x08000186   0x00000000   Code   RO         4199    .ARM.Collect$$libshutdown$$0000000C  c_w.l(libshutdown2.o)
    0x08000186   0x08000186   0x00000000   Code   RO         4202    .ARM.Collect$$libshutdown$$0000000F  c_w.l(libshutdown2.o)
    0x08000186   0x08000186   0x00000002   Code   RO         4203    .ARM.Collect$$libshutdown$$00000010  c_w.l(libshutdown2.o)
    0x08000188   0x08000188   0x00000000   Code   RO         3924    .ARM.Collect$$rtentry$$00000000  c_w.l(__rtentry.o)
    0x08000188   0x08000188   0x00000000   Code   RO         4016    .ARM.Collect$$rtentry$$00000002  c_w.l(__rtentry2.o)
    0x08000188   0x08000188   0x00000006   Code   RO         4028    .ARM.Collect$$rtentry$$00000004  c_w.l(__rtentry4.o)
    0x0800018e   0x0800018e   0x00000000   Code   RO         4018    .ARM.Collect$$rtentry$$00000009  c_w.l(__rtentry2.o)
    0x0800018e   0x0800018e   0x00000004   Code   RO         4019    .ARM.Collect$$rtentry$$0000000A  c_w.l(__rtentry2.o)
    0x08000192   0x08000192   0x00000000   Code   RO         4021    .ARM.Collect$$rtentry$$0000000C  c_w.l(__rtentry2.o)
    0x08000192   0x08000192   0x00000008   Code   RO         4022    .ARM.Collect$$rtentry$$0000000D  c_w.l(__rtentry2.o)
    0x0800019a   0x0800019a   0x00000002   Code   RO         4146    .ARM.Collect$$rtexit$$00000000  c_w.l(rtexit.o)
    0x0800019c   0x0800019c   0x00000000   Code   RO         4156    .ARM.Collect$$rtexit$$00000002  c_w.l(rtexit2.o)
    0x0800019c   0x0800019c   0x00000004   Code   RO         4157    .ARM.Collect$$rtexit$$00000003  c_w.l(rtexit2.o)
    0x080001a0   0x080001a0   0x00000006   Code   RO         4158    .ARM.Collect$$rtexit$$00000004  c_w.l(rtexit2.o)
    0x080001a6   0x080001a6   0x00000002   PAD
    0x080001a8   0x080001a8   0x00000040   Code   RO            4    .text               startup_stm32f10x_md.o
    0x080001e8   0x080001e8   0x0000002c   Code   RO         3839    .text               c_w.l(__2sprintf.o)
    0x08000214   0x08000214   0x00000078   Code   RO         3845    .text               c_w.l(_printf_dec.o)
    0x0800028c   0x0800028c   0x00000188   Code   RO         3864    .text               c_w.l(__printf_flags_ss_wp.o)
    0x08000414   0x08000414   0x00000006   Code   RO         3870    .text               c_w.l(heapauxi.o)
    0x0800041a   0x0800041a   0x000000b2   Code   RO         3931    .text               c_w.l(_printf_intcommon.o)
    0x080004cc   0x080004cc   0x0000041e   Code   RO         3935    .text               c_w.l(_printf_fp_dec.o)
    0x080008ea   0x080008ea   0x00000002   PAD
    0x080008ec   0x080008ec   0x00000030   Code   RO         3937    .text               c_w.l(_printf_char_common.o)
    0x0800091c   0x0800091c   0x0000000a   Code   RO         3939    .text               c_w.l(_sputc.o)
    0x08000926   0x08000926   0x00000002   PAD
    0x08000928   0x08000928   0x00000008   Code   RO         4033    .text               c_w.l(rt_locale_intlibspace.o)
    0x08000930   0x08000930   0x0000008a   Code   RO         4035    .text               c_w.l(lludiv10.o)
    0x080009ba   0x080009ba   0x00000002   PAD
    0x080009bc   0x080009bc   0x00000080   Code   RO         4040    .text               c_w.l(_printf_fp_infnan.o)
    0x08000a3c   0x08000a3c   0x000000e4   Code   RO         4048    .text               c_w.l(bigflt0.o)
    0x08000b20   0x08000b20   0x00000008   Code   RO         4084    .text               c_w.l(libspace.o)
    0x08000b28   0x08000b28   0x0000004a   Code   RO         4087    .text               c_w.l(sys_stackheap_outer.o)
    0x08000b72   0x08000b72   0x00000012   Code   RO         4091    .text               c_w.l(exit.o)
    0x08000b84   0x08000b84   0x00000080   Code   RO         4093    .text               c_w.l(strcmpv7m.o)
    0x08000c04   0x08000c04   0x0000000c   Code   RO         4168    .text               c_w.l(sys_exit.o)
    0x08000c10   0x08000c10   0x00000002   Code   RO         4179    .text               c_w.l(use_no_semi.o)
    0x08000c12   0x08000c12   0x00000000   Code   RO         4181    .text               c_w.l(indicate_semi.o)
    0x08000c12   0x08000c12   0x0000003e   Code   RO         4051    CL$$btod_d2e        c_w.l(btod.o)
    0x08000c50   0x08000c50   0x00000046   Code   RO         4053    CL$$btod_d2e_denorm_low  c_w.l(btod.o)
    0x08000c96   0x08000c96   0x00000060   Code   RO         4052    CL$$btod_d2e_norm_op1  c_w.l(btod.o)
    0x08000cf6   0x08000cf6   0x00000338   Code   RO         4061    CL$$btod_div_common  c_w.l(btod.o)
    0x0800102e   0x0800102e   0x000000dc   Code   RO         4058    CL$$btod_e2e        c_w.l(btod.o)
    0x0800110a   0x0800110a   0x0000002a   Code   RO         4055    CL$$btod_ediv       c_w.l(btod.o)
    0x08001134   0x08001134   0x0000002a   Code   RO         4054    CL$$btod_emul       c_w.l(btod.o)
    0x0800115e   0x0800115e   0x00000244   Code   RO         4060    CL$$btod_mult_common  c_w.l(btod.o)
    0x080013a2   0x080013a2   0x00000004   Code   RO          191    i.BusFault_Handler  stm32f10x_it.o
    0x080013a6   0x080013a6   0x00000002   Code   RO          192    i.DebugMon_Handler  stm32f10x_it.o
    0x080013a8   0x080013a8   0x00000018   Code   RO         3666    i.Delay_ms          delay.o
    0x080013c0   0x080013c0   0x0000002e   Code   RO         3668    i.Delay_us          delay.o
    0x080013ee   0x080013ee   0x00000002   PAD
    0x080013f0   0x080013f0   0x00000080   Code   RO         3767    i.Display_Main      menu.o
    0x08001470   0x08001470   0x00000080   Code   RO         3768    i.Display_PID       menu.o
    0x080014f0   0x080014f0   0x00000048   Code   RO         3769    i.Display_Press     menu.o
    0x08001538   0x08001538   0x00000080   Code   RO         3770    i.Display_Running   menu.o
    0x080015b8   0x080015b8   0x00000074   Code   RO         3771    i.Display_Speed     menu.o
    0x0800162c   0x0800162c   0x0000001c   Code   RO         3290    i.Encoder_Get_L     encoder.o
    0x08001648   0x08001648   0x0000001c   Code   RO         3291    i.Encoder_Get_R     encoder.o
    0x08001664   0x08001664   0x00000116   Code   RO         1441    i.GPIO_Init         stm32f10x_gpio.o
    0x0800177a   0x0800177a   0x00000002   PAD
    0x0800177c   0x0800177c   0x00000090   Code   RO         1443    i.GPIO_PinRemapConfig  stm32f10x_gpio.o
    0x0800180c   0x0800180c   0x00000012   Code   RO         1445    i.GPIO_ReadInputDataBit  stm32f10x_gpio.o
    0x0800181e   0x0800181e   0x00000004   Code   RO         1448    i.GPIO_ResetBits    stm32f10x_gpio.o
    0x08001822   0x08001822   0x00000004   Code   RO         1449    i.GPIO_SetBits      stm32f10x_gpio.o
    0x08001826   0x08001826   0x0000000a   Code   RO         1452    i.GPIO_WriteBit     stm32f10x_gpio.o
    0x08001830   0x08001830   0x0000000c   Code   RO         3702    i.GetTime_ms        speed.o
    0x0800183c   0x0800183c   0x00000004   Code   RO          193    i.HardFault_Handler  stm32f10x_it.o
    0x08001840   0x08001840   0x0000014c   Code   RO         3772    i.Key_Scan          menu.o
    0x0800198c   0x0800198c   0x00000110   Code   RO         3703    i.Measure_Speed     speed.o
    0x08001a9c   0x08001a9c   0x00000004   Code   RO          194    i.MemManage_Handler  stm32f10x_it.o
    0x08001aa0   0x08001aa0   0x00000074   Code   RO         3773    i.Menu_Init         menu.o
    0x08001b14   0x08001b14   0x00000040   Code   RO         3774    i.Menu_Process      menu.o
    0x08001b54   0x08001b54   0x0000000c   Code   RO         3326    i.Motor_Init        motor.o
    0x08001b60   0x08001b60   0x00000030   Code   RO         3327    i.Motor_L_Init      motor.o
    0x08001b90   0x08001b90   0x00000048   Code   RO         3328    i.Motor_L_SetSpeed  motor.o
    0x08001bd8   0x08001bd8   0x00000030   Code   RO         3329    i.Motor_R_Init      motor.o
    0x08001c08   0x08001c08   0x00000048   Code   RO         3330    i.Motor_R_SetSpeed  motor.o
    0x08001c50   0x08001c50   0x00000014   Code   RO         3331    i.Motor_SetSpeeds   motor.o
    0x08001c64   0x08001c64   0x00000002   Code   RO          195    i.NMI_Handler       stm32f10x_it.o
    0x08001c66   0x08001c66   0x0000002a   Code   RO         3371    i.OLED_Clear        oled.o
    0x08001c90   0x08001c90   0x00000050   Code   RO         3372    i.OLED_I2C_Init     oled.o
    0x08001ce0   0x08001ce0   0x0000005c   Code   RO         3373    i.OLED_I2C_SendByte  oled.o
    0x08001d3c   0x08001d3c   0x00000034   Code   RO         3374    i.OLED_I2C_Start    oled.o
    0x08001d70   0x08001d70   0x00000028   Code   RO         3375    i.OLED_I2C_Stop     oled.o
    0x08001d98   0x08001d98   0x000000ae   Code   RO         3376    i.OLED_Init         oled.o
    0x08001e46   0x08001e46   0x00000022   Code   RO         3379    i.OLED_SetCursor    oled.o
    0x08001e68   0x08001e68   0x00000074   Code   RO         3381    i.OLED_ShowChar     oled.o
    0x08001edc   0x08001edc   0x00000028   Code   RO         3386    i.OLED_ShowString   oled.o
    0x08001f04   0x08001f04   0x00000020   Code   RO         3387    i.OLED_WriteCommand  oled.o
    0x08001f24   0x08001f24   0x00000020   Code   RO         3388    i.OLED_WriteData    oled.o
    0x08001f44   0x08001f44   0x000000a0   Code   RO         3508    i.PWM_Init          pwm.o
    0x08001fe4   0x08001fe4   0x00000010   Code   RO         3509    i.PWM_SetCompare3   pwm.o
    0x08001ff4   0x08001ff4   0x00000010   Code   RO         3510    i.PWM_SetCompare4   pwm.o
    0x08002004   0x08002004   0x00000002   Code   RO          196    i.PendSV_Handler    stm32f10x_it.o
    0x08002006   0x08002006   0x00000002   PAD
    0x08002008   0x08002008   0x00000020   Code   RO         1869    i.RCC_APB1PeriphClockCmd  stm32f10x_rcc.o
    0x08002028   0x08002028   0x00000020   Code   RO         1871    i.RCC_APB2PeriphClockCmd  stm32f10x_rcc.o
    0x08002048   0x08002048   0x00000002   Code   RO          197    i.SVC_Handler       stm32f10x_it.o
    0x0800204a   0x0800204a   0x00000008   Code   RO           24    i.SetSysClock       system_stm32f10x.o
    0x08002052   0x08002052   0x00000002   PAD
    0x08002054   0x08002054   0x000000e0   Code   RO           25    i.SetSysClockTo72   system_stm32f10x.o
    0x08002134   0x08002134   0x0000010c   Code   RO         3704    i.Speed_PID_Calculate  speed.o
    0x08002240   0x08002240   0x00000054   Code   RO         3705    i.Speed_PID_Init    speed.o
    0x08002294   0x08002294   0x0000006c   Code   RO         3706    i.Speed_PID_Update  speed.o
    0x08002300   0x08002300   0x00000044   Code   RO         3707    i.Speed_SetTarget   speed.o
    0x08002344   0x08002344   0x00000114   Code   RO         3708    i.Speed_TrackingControl  speed.o
    0x08002458   0x08002458   0x00000002   Code   RO          198    i.SysTick_Handler   stm32f10x_it.o
    0x0800245a   0x0800245a   0x00000002   PAD
    0x0800245c   0x0800245c   0x00000060   Code   RO           27    i.SystemInit        system_stm32f10x.o
    0x080024bc   0x080024bc   0x00000018   Code   RO         2515    i.TIM_Cmd           stm32f10x_tim.o
    0x080024d4   0x080024d4   0x00000006   Code   RO         2534    i.TIM_GetCounter    stm32f10x_tim.o
    0x080024da   0x080024da   0x0000000c   Code   RO         2542    i.TIM_InternalClockConfig  stm32f10x_tim.o
    0x080024e6   0x080024e6   0x00000002   PAD
    0x080024e8   0x080024e8   0x000000a0   Code   RO         2554    i.TIM_OC3Init       stm32f10x_tim.o
    0x08002588   0x08002588   0x0000007c   Code   RO         2559    i.TIM_OC4Init       stm32f10x_tim.o
    0x08002604   0x08002604   0x00000014   Code   RO         2562    i.TIM_OCStructInit  stm32f10x_tim.o
    0x08002618   0x08002618   0x00000004   Code   RO         2578    i.TIM_SetCompare3   stm32f10x_tim.o
    0x0800261c   0x0800261c   0x00000006   Code   RO         2579    i.TIM_SetCompare4   stm32f10x_tim.o
    0x08002622   0x08002622   0x00000004   Code   RO         2580    i.TIM_SetCounter    stm32f10x_tim.o
    0x08002626   0x08002626   0x00000002   PAD
    0x08002628   0x08002628   0x000000a4   Code   RO         2586    i.TIM_TimeBaseInit  stm32f10x_tim.o
    0x080026cc   0x080026cc   0x00000094   Code   RO         3645    i.Track_GetStatus   track.o
    0x08002760   0x08002760   0x0000004c   Code   RO         3646    i.Track_Init        track.o
    0x080027ac   0x080027ac   0x000000a0   Code   RO         3541    i.USART1_IRQHandler  serial.o
    0x0800284c   0x0800284c   0x0000001e   Code   RO         3051    i.USART_ClearITPendingBit  stm32f10x_usart.o
    0x0800286a   0x0800286a   0x00000054   Code   RO         3058    i.USART_GetITStatus  stm32f10x_usart.o
    0x080028be   0x080028be   0x0000000a   Code   RO         3068    i.USART_ReceiveData  stm32f10x_usart.o
    0x080028c8   0x080028c8   0x00000004   Code   RO          199    i.UsageFault_Handler  stm32f10x_it.o
    0x080028cc   0x080028cc   0x00000028   Code   RO         4082    i.__ARM_fpclassify  m_ws.l(fpclassify.o)
    0x080028f4   0x080028f4   0x0000000e   Code   RO         3857    i._is_digit         c_w.l(__printf_wp.o)
    0x08002902   0x08002902   0x00000002   PAD
    0x08002904   0x08002904   0x00000044   Code   RO          137    i.main              main.o
    0x08002948   0x08002948   0x0000002c   Code   RO         4076    locale$$code        c_w.l(lc_numeric_c.o)
    0x08002974   0x08002974   0x000000c4   Code   RO         3894    x$fpl$fadd          fz_ws.l(faddsub_clz.o)
    0x08002a38   0x08002a38   0x00000018   Code   RO         4002    x$fpl$fcmpinf       fz_ws.l(fcmpi.o)
    0x08002a50   0x08002a50   0x00000184   Code   RO         3901    x$fpl$fdiv          fz_ws.l(fdiv.o)
    0x08002bd4   0x08002bd4   0x00000036   Code   RO         3904    x$fpl$ffix          fz_ws.l(ffix.o)
    0x08002c0a   0x08002c0a   0x00000002   PAD
    0x08002c0c   0x08002c0c   0x00000030   Code   RO         3909    x$fpl$fflt          fz_ws.l(fflt_clz.o)
    0x08002c3c   0x08002c3c   0x00000026   Code   RO         3908    x$fpl$ffltu         fz_ws.l(fflt_clz.o)
    0x08002c62   0x08002c62   0x00000002   PAD
    0x08002c64   0x08002c64   0x00000068   Code   RO         3914    x$fpl$fleqf         fz_ws.l(fleqf.o)
    0x08002ccc   0x08002ccc   0x00000102   Code   RO         3916    x$fpl$fmul          fz_ws.l(fmul.o)
    0x08002dce   0x08002dce   0x0000008c   Code   RO         4004    x$fpl$fnaninf       fz_ws.l(fnaninf.o)
    0x08002e5a   0x08002e5a   0x0000000a   Code   RO         4006    x$fpl$fretinf       fz_ws.l(fretinf.o)
    0x08002e64   0x08002e64   0x00000062   Code   RO         3918    x$fpl$frleqf        fz_ws.l(frleqf.o)
    0x08002ec6   0x08002ec6   0x00000002   PAD
    0x08002ec8   0x08002ec8   0x000000ea   Code   RO         3896    x$fpl$fsub          fz_ws.l(faddsub_clz.o)
    0x08002fb2   0x08002fb2   0x00000004   Code   RO         3920    x$fpl$printf1       fz_ws.l(printf1.o)
    0x08002fb6   0x08002fb6   0x00000000   Code   RO         4014    x$fpl$usenofp       fz_ws.l(usenofp.o)
    0x08002fb6   0x08002fb6   0x000005f0   Data   RO         3389    .constdata          oled.o
    0x080035a6   0x080035a6   0x00000011   Data   RO         3865    .constdata          c_w.l(__printf_flags_ss_wp.o)
    0x080035b7   0x080035b7   0x00000001   PAD
    0x080035b8   0x080035b8   0x00000094   Data   RO         4049    .constdata          c_w.l(bigflt0.o)
    0x0800364c   0x0800364c   0x00000020   Data   RO         4228    Region$$Table       anon$$obj.o
    0x0800366c   0x0800366c   0x0000001c   Data   RO         4075    locale$$data        c_w.l(lc_numeric_c.o)


    Execution Region RW_IRAM1 (Exec base: 0x20000000, Load base: 0x08003688, Size: 0x00000748, Max: 0x00005000, ABSOLUTE)

    Exec Addr    Load Addr    Size         Type   Attr      Idx    E Section Name        Object

    0x20000000   0x08003688   0x00000004   Data   RW          138    .data               main.o
    0x20000004   0x0800368c   0x00000004   Data   RW         3544    .data               serial.o
    0x20000008   0x08003690   0x00000004   Data   RW         3647    .data               track.o
    0x2000000c   0x08003694   0x0000001c   Data   RW         3711    .data               speed.o
    0x20000028   0x080036b0   0x00000006   Data   RW         3775    .data               menu.o
    0x2000002e   0x080036b6   0x00000002   PAD
    0x20000030        -       0x00000064   Zero   RW         3543    .bss                serial.o
    0x20000094        -       0x00000050   Zero   RW         3710    .bss                speed.o
    0x200000e4        -       0x00000060   Zero   RW         4085    .bss                c_w.l(libspace.o)
    0x20000144   0x080036b6   0x00000004   PAD
    0x20000148        -       0x00000200   Zero   RW            2    HEAP                startup_stm32f10x_md.o
    0x20000348        -       0x00000400   Zero   RW            1    STACK               startup_stm32f10x_md.o


==============================================================================

Image component sizes


      Code (inc. data)   RO Data    RW Data    ZI Data      Debug   Object Name

         0          0          0          0          0       4500   core_cm3.o
        70          0          0          0          0        898   delay.o
        56         12          0          0          0        928   encoder.o
        68          8          0          4          0     202355   main.o
      1084        272          0          6          0       4325   menu.o
       272         20          0          0          0       2895   motor.o
       734         22       1520          0          0       6167   oled.o
       192          6          0          0          0       1555   pwm.o
       160         20          0          4        100       1282   serial.o
      1088        116          0         28         80       5733   speed.o
        64         26        236          0       1536        804   startup_stm32f10x_md.o
       458          6          0          0          0      13030   stm32f10x_gpio.o
        26          0          0          0          0       3622   stm32f10x_it.o
        64         12          0          0          0       1050   stm32f10x_rcc.o
       524         62          0          0          0      26072   stm32f10x_tim.o
       124          0          0          0          0       9158   stm32f10x_usart.o
       328         28          0          0          0      30401   system_stm32f10x.o
       224         26          0          4          0       1483   track.o

    ----------------------------------------------------------------------
      5550        636       1788         48       1716     316258   Object Totals
         0          0         32          0          0          0   (incl. Generated)
        14          0          0          2          0          0   (incl. Padding)

    ----------------------------------------------------------------------

      Code (inc. data)   RO Data    RW Data    ZI Data      Debug   Library Member Name

        44          6          0          0          0         84   __2sprintf.o
         8          0          0          0          0         68   __main.o
       392          4         17          0          0         92   __printf_flags_ss_wp.o
        14          0          0          0          0         68   __printf_wp.o
         0          0          0          0          0          0   __rtentry.o
        12          0          0          0          0          0   __rtentry2.o
         6          0          0          0          0          0   __rtentry4.o
        52          8          0          0          0          0   __scatter.o
        26          0          0          0          0          0   __scatter_copy.o
        28          0          0          0          0          0   __scatter_zi.o
        48          6          0          0          0         96   _printf_char_common.o
         6          0          0          0          0          0   _printf_d.o
       120         16          0          0          0         92   _printf_dec.o
         6          0          0          0          0          0   _printf_f.o
      1054          0          0          0          0        216   _printf_fp_dec.o
       128         16          0          0          0         84   _printf_fp_infnan.o
       178          0          0          0          0         88   _printf_intcommon.o
         0          0          0          0          0          0   _printf_percent.o
         4          0          0          0          0          0   _printf_percent_end.o
        10          0          0          0          0         68   _sputc.o
       228          4        148          0          0         96   bigflt0.o
      1936        128          0          0          0        672   btod.o
        18          0          0          0          0         80   exit.o
         6          0          0          0          0        152   heapauxi.o
         0          0          0          0          0          0   indicate_semi.o
        44         10         28          0          0         76   lc_numeric_c.o
         2          0          0          0          0          0   libinit.o
        18          0          0          0          0          0   libinit2.o
         2          0          0          0          0          0   libshutdown.o
         2          0          0          0          0          0   libshutdown2.o
         8          4          0          0         96         68   libspace.o
       138          0          0          0          0         80   lludiv10.o
         8          4          0          0          0         68   rt_locale_intlibspace.o
         2          0          0          0          0          0   rtexit.o
        10          0          0          0          0          0   rtexit2.o
       128          0          0          0          0         68   strcmpv7m.o
        12          4          0          0          0         68   sys_exit.o
        74          0          0          0          0         80   sys_stackheap_outer.o
         2          0          0          0          0         68   use_no_semi.o
       430          8          0          0          0        168   faddsub_clz.o
        24          0          0          0          0         68   fcmpi.o
       388         76          0          0          0         96   fdiv.o
        54          4          0          0          0         84   ffix.o
        86          0          0          0          0        136   fflt_clz.o
       104          4          0          0          0         84   fleqf.o
       258          4          0          0          0         84   fmul.o
       140          4          0          0          0         84   fnaninf.o
        10          0          0          0          0         68   fretinf.o
        98          0          0          0          0         68   frleqf.o
         4          0          0          0          0         68   printf1.o
         0          0          0          0          0          0   usenofp.o
        40          0          0          0          0         68   fpclassify.o

    ----------------------------------------------------------------------
      6428        310        194          0        100       3608   Library Totals
        18          0          1          0          4          0   (incl. Padding)

    ----------------------------------------------------------------------

      Code (inc. data)   RO Data    RW Data    ZI Data      Debug   Library Name

      4774        210        193          0         96       2532   c_w.l
      1596        100          0          0          0       1008   fz_ws.l
        40          0          0          0          0         68   m_ws.l

    ----------------------------------------------------------------------
      6428        310        194          0        100       3608   Library Totals

    ----------------------------------------------------------------------

==============================================================================


      Code (inc. data)   RO Data    RW Data    ZI Data      Debug   

     11978        946       1982         48       1816     314090   Grand Totals
     11978        946       1982         48       1816     314090   ELF Image Totals
     11978        946       1982         48          0          0   ROM Totals

==============================================================================

    Total RO  Size (Code + RO Data)                13960 (  13.63kB)
    Total RW  Size (RW Data + ZI Data)              1864 (   1.82kB)
    Total ROM Size (Code + RO Data + RW Data)      14008 (  13.68kB)

==============================================================================

